Archive member included to satisfy reference by file (symbol)

C:\Users\howard\AppData\Local\Temp\arduino\cores\5eae09ef4b4da70ba1a09c8f6916274a\core.a(main.cpp.o)
                              c:/users/howard/appdata/local/arduino15/packages/arduino/tools/arm-none-eabi-gcc/7-2017q4/bin/../lib/gcc/arm-none-eabi/7.2.1/../../../../arm-none-eabi/lib/thumb/v6-m/crt0.o (main)
C:\Users\howard\AppData\Local\Temp\arduino\cores\5eae09ef4b4da70ba1a09c8f6916274a\core.a(wiring.c.o)
                              C:\Users\howard\AppData\Local\Temp\arduino\cores\5eae09ef4b4da70ba1a09c8f6916274a\core.a(main.cpp.o) (init)
C:\Users\howard\AppData\Local\Temp\arduino\cores\5eae09ef4b4da70ba1a09c8f6916274a\core.a(QC20.cpp.o)
                              C:\Users\howard\AppData\Local\Temp\arduino\cores\5eae09ef4b4da70ba1a09c8f6916274a\core.a(main.cpp.o) (QC20::boost(QC20::BOOST_VOLTAGE))
C:\Users\howard\AppData\Local\Temp\arduino\cores\5eae09ef4b4da70ba1a09c8f6916274a\core.a(SerialEvent.cpp.o)
                              C:\Users\howard\AppData\Local\Temp\arduino\cores\5eae09ef4b4da70ba1a09c8f6916274a\core.a(main.cpp.o) (serialEventRun())
C:\Users\howard\AppData\Local\Temp\arduino\cores\5eae09ef4b4da70ba1a09c8f6916274a\core.a(USB_VCP.cpp.o)
                              C:\Users\howard\AppData\Local\Temp\arduino\cores\5eae09ef4b4da70ba1a09c8f6916274a\core.a(SerialEvent.cpp.o) (USBSerial::available())
C:\Users\howard\AppData\Local\Temp\arduino\cores\5eae09ef4b4da70ba1a09c8f6916274a\core.a(delay.c.o)
                              C:\Users\howard\AppData\Local\Temp\arduino\cores\5eae09ef4b4da70ba1a09c8f6916274a\core.a(QC20.cpp.o) (millis)
C:\Users\howard\AppData\Local\Temp\arduino\cores\5eae09ef4b4da70ba1a09c8f6916274a\core.a(hooks.c.o)
                              C:\Users\howard\AppData\Local\Temp\arduino\cores\5eae09ef4b4da70ba1a09c8f6916274a\core.a(delay.c.o) (yield)
C:\Users\howard\AppData\Local\Temp\arduino\cores\5eae09ef4b4da70ba1a09c8f6916274a\core.a(ht32_usbd_class.c.o)
                              C:\Users\howard\AppData\Local\Temp\arduino\cores\5eae09ef4b4da70ba1a09c8f6916274a\core.a(USB_VCP.cpp.o) (USBDClass_CDC_Tx)
C:\Users\howard\AppData\Local\Temp\arduino\cores\5eae09ef4b4da70ba1a09c8f6916274a\core.a(usb_init.c.o)
                              C:\Users\howard\AppData\Local\Temp\arduino\cores\5eae09ef4b4da70ba1a09c8f6916274a\core.a(USB_VCP.cpp.o) (USB_Serial)
C:\Users\howard\AppData\Local\Temp\arduino\cores\5eae09ef4b4da70ba1a09c8f6916274a\core.a(wiring_analog.c.o)
                              C:\Users\howard\AppData\Local\Temp\arduino\cores\5eae09ef4b4da70ba1a09c8f6916274a\core.a(QC20.cpp.o) (adc_read)
C:\Users\howard\AppData\Local\Temp\arduino\cores\5eae09ef4b4da70ba1a09c8f6916274a\core.a(wiring_digital.c.o)
                              C:\Users\howard\AppData\Local\Temp\arduino\cores\5eae09ef4b4da70ba1a09c8f6916274a\core.a(wiring_analog.c.o) (pinMode)
C:\Users\howard\AppData\Local\Temp\arduino\cores\5eae09ef4b4da70ba1a09c8f6916274a\core.a(HardwareSerial.cpp.o)
                              C:\Users\howard\AppData\Local\Temp\arduino\cores\5eae09ef4b4da70ba1a09c8f6916274a\core.a(SerialEvent.cpp.o) (HardwareSerial::available())
C:\Users\howard\AppData\Local\Temp\arduino\cores\5eae09ef4b4da70ba1a09c8f6916274a\core.a(Print.cpp.o)
                              C:\Users\howard\AppData\Local\Temp\arduino\cores\5eae09ef4b4da70ba1a09c8f6916274a\core.a(HardwareSerial.cpp.o) (Print::write(unsigned char const*, unsigned int))
C:\Users\howard\AppData\Local\Temp\arduino\cores\5eae09ef4b4da70ba1a09c8f6916274a\core.a(Stream.cpp.o)
                              C:\Users\howard\AppData\Local\Temp\arduino\cores\5eae09ef4b4da70ba1a09c8f6916274a\core.a(HardwareSerial.cpp.o) (Stream::timedRead())
C:\Users\howard\AppData\Local\Temp\arduino\cores\5eae09ef4b4da70ba1a09c8f6916274a\core.a(WString.cpp.o)
                              C:\Users\howard\AppData\Local\Temp\arduino\cores\5eae09ef4b4da70ba1a09c8f6916274a\core.a(Stream.cpp.o) (String::String(char const*))
C:\Users\howard\AppData\Local\Temp\arduino\cores\5eae09ef4b4da70ba1a09c8f6916274a\core.a(abi.cpp.o)
                              C:\Users\howard\AppData\Local\Temp\arduino\cores\5eae09ef4b4da70ba1a09c8f6916274a\core.a(Print.cpp.o) (__cxa_pure_virtual)
C:\Users\howard\AppData\Local\Temp\arduino\cores\5eae09ef4b4da70ba1a09c8f6916274a\core.a(dtostrf.c.o)
                              C:\Users\howard\AppData\Local\Temp\arduino\cores\5eae09ef4b4da70ba1a09c8f6916274a\core.a(WString.cpp.o) (dtostrf)
C:\Users\howard\AppData\Local\Temp\arduino\cores\5eae09ef4b4da70ba1a09c8f6916274a\core.a(tm_f5xxxxx.c.o)
                              C:\Users\howard\AppData\Local\Temp\arduino\cores\5eae09ef4b4da70ba1a09c8f6916274a\core.a(wiring_analog.c.o) (TM_PWMConfiguration)
C:\Users\howard\AppData\Local\Temp\arduino\cores\5eae09ef4b4da70ba1a09c8f6916274a\core.a(itoa.c.o)
[...]
Memory Configuration

Name             Origin             Length             Attributes
FLASH            0x00000000         0x0003fc00         xr
RAM              0x20000000         0x00008000         xrw
*default*        0x00000000         0xffffffff

Linker script and memory map

LOAD c:/users/howard/appdata/local/arduino15/packages/arduino/tools/arm-none-eabi-gcc/7-2017q4/bin/../lib/gcc/arm-none-eabi/7.2.1/thumb/v6-m/crti.o
LOAD c:/users/howard/appdata/local/arduino15/packages/arduino/tools/arm-none-eabi-gcc/7-2017q4/bin/../lib/gcc/arm-none-eabi/7.2.1/thumb/v6-m/crtbegin.o
LOAD c:/users/howard/appdata/local/arduino15/packages/arduino/tools/arm-none-eabi-gcc/7-2017q4/bin/../lib/gcc/arm-none-eabi/7.2.1/../../../../arm-none-eabi/lib/thumb/v6-m/crt0.o
START GROUP
LOAD C:\Users\howard\AppData\Local\Arduino15\packages\HT32\hardware\HT32\1.2.0\system/library/CMSIS/Lib/GCC/\libarm_cortexM0l_math.a
LOAD C:\Users\howard\AppData\Local\Temp\arduino\cores\5eae09ef4b4da70ba1a09c8f6916274a\core.a
LOAD C:\Users\howard\AppData\Local\Temp\arduino\sketches\10C9CC867DA329D21A4541BD63C64800\sketch\sketch_dec10a.ino.cpp.o
LOAD C:\Users\howard\AppData\Local\Temp\arduino\sketches\10C9CC867DA329D21A4541BD63C64800\libraries\Arduino-MPU6050\MPU6050.cpp.o
LOAD C:\Users\howard\AppData\Local\Temp\arduino\sketches\10C9CC867DA329D21A4541BD63C64800\libraries\Wire\Wire.cpp.o
LOAD C:\Users\howard\AppData\Local\Temp\arduino\sketches\10C9CC867DA329D21A4541BD63C64800\libraries\Wire\utility\i2c_master.cpp.o
LOAD C:\Users\howard\AppData\Local\Temp\arduino\sketches\10C9CC867DA329D21A4541BD63C64800\libraries\Wire\utility\i2c_slave.cpp.o
LOAD C:\Users\howard\AppData\Local\Temp\arduino\sketches\10C9CC867DA329D21A4541BD63C64800\core\GNU_ARM\startup_ht32fxxxxx_gcc_nn.S.o
LOAD C:\Users\howard\AppData\Local\Temp\arduino\sketches\10C9CC867DA329D21A4541BD63C64800\core\ht32_fwlib.c.o
LOAD C:\Users\howard\AppData\Local\Temp\arduino\sketches\10C9CC867DA329D21A4541BD63C64800\core\system_ht32f5xxxx_03.c.o
LOAD C:\Users\howard\AppData\Local\Temp\arduino\sketches\10C9CC867DA329D21A4541BD63C64800\core\variant.c.o
END GROUP
LOAD c:/users/howard/appdata/local/arduino15/packages/arduino/tools/arm-none-eabi-gcc/7-2017q4/bin/../lib/gcc/arm-none-eabi/7.2.1/../../../../arm-none-eabi/lib/thumb/v6-m\libstdc++_nano.a
LOAD c:/users/howard/appdata/local/arduino15/packages/arduino/tools/arm-none-eabi-gcc/7-2017q4/bin/../lib/gcc/arm-none-eabi/7.2.1/../../../../arm-none-eabi/lib/thumb/v6-m\libm.a
START GROUP
LOAD c:/users/howard/appdata/local/arduino15/packages/arduino/tools/arm-none-eabi-gcc/7-2017q4/bin/../lib/gcc/arm-none-eabi/7.2.1/thumb/v6-m\libgcc.a
LOAD c:/users/howard/appdata/local/arduino15/packages/arduino/tools/arm-none-eabi-gcc/7-2017q4/bin/../lib/gcc/arm-none-eabi/7.2.1/../../../../arm-none-eabi/lib/thumb/v6-m\libc_nano.a
END GROUP
START GROUP
LOAD c:/users/howard/appdata/local/arduino15/packages/arduino/tools/arm-none-eabi-gcc/7-2017q4/bin/../lib/gcc/arm-none-eabi/7.2.1/thumb/v6-m\libgcc.a
LOAD c:/users/howard/appdata/local/arduino15/packages/arduino/tools/arm-none-eabi-gcc/7-2017q4/bin/../lib/gcc/arm-none-eabi/7.2.1/../../../../arm-none-eabi/lib/thumb/v6-m\libc_nano.a
LOAD c:/users/howard/appdata/local/arduino15/packages/arduino/tools/arm-none-eabi-gcc/7-2017q4/bin/../lib/gcc/arm-none-eabi/7.2.1/../../../../arm-none-eabi/lib/thumb/v6-m\libnosys.a
END GROUP
START GROUP
LOAD c:/users/howard/appdata/local/arduino15/packages/arduino/tools/arm-none-eabi-gcc/7-2017q4/bin/../lib/gcc/arm-none-eabi/7.2.1/thumb/v6-m\libgcc.a
LOAD c:/users/howard/appdata/local/arduino15/packages/arduino/tools/arm-none-eabi-gcc/7-2017q4/bin/../lib/gcc/arm-none-eabi/7.2.1/../../../../arm-none-eabi/lib/thumb/v6-m\libc_nano.a
LOAD c:/users/howard/appdata/local/arduino15/packages/arduino/tools/arm-none-eabi-gcc/7-2017q4/bin/../lib/gcc/arm-none-eabi/7.2.1/../../../../arm-none-eabi/lib/thumb/v6-m\libnosys.a
END GROUP
LOAD c:/users/howard/appdata/local/arduino15/packages/arduino/tools/arm-none-eabi-gcc/7-2017q4/bin/../lib/gcc/arm-none-eabi/7.2.1/thumb/v6-m/crtend.o
LOAD c:/users/howard/appdata/local/arduino15/packages/arduino/tools/arm-none-eabi-gcc/7-2017q4/bin/../lib/gcc/arm-none-eabi/7.2.1/thumb/v6-m/crtn.o

.isr_vector     0x00000000       0xc0
                0x00000000                . = ALIGN (0x4)
 *(.isr_vector)
 .isr_vector    0x00000000       0xc0 C:\Users\howard\AppData\Local\Temp\arduino\sketches\10C9CC867DA329D21A4541BD63C64800\core\GNU_ARM\startup_ht32fxxxxx_gcc_nn.S.o
                0x00000000                __interrupt_vector_cortex_m
                0x000000c0                . = ALIGN (0x4)

.text           0x000000c0     0x6584
                0x000000c0                . = ALIGN (0x4)
 *(.text)
 .text          0x000000c0       0x48 c:/users/howard/appdata/local/arduino15/packages/arduino/tools/arm-none-eabi-gcc/7-2017q4/bin/../lib/gcc/arm-none-eabi/7.2.1/thumb/v6-m/crtbegin.o
 .text          0x00000108       0x14 c:/users/howard/appdata/local/arduino15/packages/arduino/tools/arm-none-eabi-gcc/7-2017q4/bin/../lib/gcc/arm-none-eabi/7.2.1/thumb/v6-m\libgcc.a(_thumb1_case_uqi.o)
                0x00000108                __gnu_thumb1_case_uqi
 .text          0x0000011c      0x114 c:/users/howard/appdata/local/arduino15/packages/arduino/tools/arm-none-eabi-gcc/7-2017q4/bin/../lib/gcc/arm-none-eabi/7.2.1/thumb/v6-m\libgcc.a(_udivsi3.o)
                0x0000011c                __aeabi_uidiv
                0x0000011c                __udivsi3
                0x00000228                __aeabi_uidivmod
 .text          0x00000230      0x1d4 c:/users/howard/appdata/local/arduino15/packages/arduino/tools/arm-none-eabi-gcc/7-2017q4/bin/../lib/gcc/arm-none-eabi/7.2.1/thumb/v6-m\libgcc.a(_divsi3.o)
                0x00000230                __divsi3
                0x00000230                __aeabi_idiv
                0x000003fc                __aeabi_idivmod
 .text          0x00000404        0x4 c:/users/howard/appdata/local/arduino15/packages/arduino/tools/arm-none-eabi-gcc/7-2017q4/bin/../lib/gcc/arm-none-eabi/7.2.1/thumb/v6-m\libgcc.a(_dvmd_tls.o)
                0x00000404                __aeabi_idiv0
                0x00000404                __aeabi_ldiv0
 .text          0x00000408       0x7c c:/users/howard/appdata/local/arduino15/packages/arduino/tools/arm-none-eabi-gcc/7-2017q4/bin/../lib/gcc/arm-none-eabi/7.2.1/thumb/v6-m\libgcc.a(_arm_cmpdf2.o)
                0x00000408                __aeabi_cdrcmple
                0x00000418                __aeabi_cdcmple
                0x00000418                __aeabi_cdcmpeq
                0x00000428                __aeabi_dcmpeq
                0x00000434                __aeabi_dcmplt
                0x00000448                __aeabi_dcmple
                0x0000045c                __aeabi_dcmpgt
                0x00000470                __aeabi_dcmpge
 .text          0x00000484       0x3c c:/users/howard/appdata/local/arduino15/packages/arduino/tools/arm-none-eabi-gcc/7-2017q4/bin/../lib/gcc/arm-none-eabi/7.2.1/thumb/v6-m\libgcc.a(_fixunsdfsi.o)
                0x00000484                __aeabi_d2uiz
                0x00000484                __fixunsdfsi
 .text          0x000004c0      0x264 c:/users/howard/appdata/local/arduino15/packages/arduino/tools/arm-none-eabi-gcc/7-2017q4/bin/../lib/gcc/arm-none-eabi/7.2.1/thumb/v6-m\libgcc.a(mulsf3.o)
                0x000004c0                __aeabi_fmul
 .text          0x00000724       0x94 c:/users/howard/appdata/local/arduino15/packages/arduino/tools/arm-none-eabi-gcc/7-2017q4/bin/../lib/gcc/arm-none-eabi/7.2.1/thumb/v6-m\libgcc.a(floatsisf.o)
                0x00000724                __aeabi_i2f
 .text          0x000007b8      0x638 c:/users/howard/appdata/local/arduino15/packages/arduino/tools/arm-none-eabi-gcc/7-2017q4/bin/../lib/gcc/arm-none-eabi/7.2.1/thumb/v6-m\libgcc.a(adddf3.o)
                0x000007b8                __aeabi_dadd
 .text          0x00000df0      0x604 c:/users/howard/appdata/local/arduino15/packages/arduino/tools/arm-none-eabi-gcc/7-2017q4/bin/../lib/gcc/arm-none-eabi/7.2.1/thumb/v6-m\libgcc.a(divdf3.o)
                0x00000df0                __aeabi_ddiv
 .text          0x000013f4       0x78 c:/users/howard/appdata/local/arduino15/packages/arduino/tools/arm-none-eabi-gcc/7-2017q4/bin/../lib/gcc/arm-none-eabi/7.2.1/thumb/v6-m\libgcc.a(eqdf2.o)
                0x000013f4                __nedf2
                0x000013f4                __eqdf2
 .text          0x0000146c       0xc8 c:/users/howard/appdata/local/arduino15/packages/arduino/tools/arm-none-eabi-gcc/7-2017q4/bin/../lib/gcc/arm-none-eabi/7.2.1/thumb/v6-m\libgcc.a(gedf2.o)
                0x0000146c                __gedf2
                0x0000146c                __gtdf2
 .text          0x00001534       0xd0 c:/users/howard/appdata/local/arduino15/packages/arduino/tools/arm-none-eabi-gcc/7-2017q4/bin/../lib/gcc/arm-none-eabi/7.2.1/thumb/v6-m\libgcc.a(ledf2.o)
                0x00001534                __ledf2
                0x00001534                __ltdf2
 .text          0x00001604      0x4e4 c:/users/howard/appdata/local/arduino15/packages/arduino/tools/arm-none-eabi-gcc/7-2017q4/bin/../lib/gcc/arm-none-eabi/7.2.1/thumb/v6-m\libgcc.a(muldf3.o)
                0x00001604                __aeabi_dmul
 .text          0x00001ae8      0x690 c:/users/howard/appdata/local/arduino15/packages/arduino/tools/arm-none-eabi-gcc/7-2017q4/bin/../lib/gcc/arm-none-eabi/7.2.1/thumb/v6-m\libgcc.a(subdf3.o)
                0x00001ae8                __aeabi_dsub
 .text          0x00002178       0x38 c:/users/howard/appdata/local/arduino15/packages/arduino/tools/arm-none-eabi-gcc/7-2017q4/bin/../lib/gcc/arm-none-eabi/7.2.1/thumb/v6-m\libgcc.a(unorddf2.o)
                0x00002178                __aeabi_dcmpun
 .text          0x000021b0       0x6c c:/users/howard/appdata/local/arduino15/packages/arduino/tools/arm-none-eabi-gcc/7-2017q4/bin/../lib/gcc/arm-none-eabi/7.2.1/thumb/v6-m\libgcc.a(fixdfsi.o)
                0x000021b0                __aeabi_d2iz
 .text          0x0000221c       0x64 c:/users/howard/appdata/local/arduino15/packages/arduino/tools/arm-none-eabi-gcc/7-2017q4/bin/../lib/gcc/arm-none-eabi/7.2.1/thumb/v6-m\libgcc.a(floatunsidf.o)
                0x0000221c                __aeabi_ui2d
 .text          0x00002280       0xa4 c:/users/howard/appdata/local/arduino15/packages/arduino/tools/arm-none-eabi-gcc/7-2017q4/bin/../lib/gcc/arm-none-eabi/7.2.1/thumb/v6-m\libgcc.a(extendsfdf2.o)
                0x00002280                __aeabi_f2d
 .text          0x00002324       0x3c c:/users/howard/appdata/local/arduino15/packages/arduino/tools/arm-none-eabi-gcc/7-2017q4/bin/../lib/gcc/arm-none-eabi/7.2.1/thumb/v6-m\libgcc.a(_clzsi2.o)
                0x00002324                __clzsi2
 .text          0x00002360        0xe c:/users/howard/appdata/local/arduino15/packages/arduino/tools/arm-none-eabi-gcc/7-2017q4/bin/../lib/gcc/arm-none-eabi/7.2.1/../../../../arm-none-eabi/lib/thumb/v6-m\libc_nano.a(lib_a-strlen.o)
                0x00002360                strlen
 *(.text*)
 .text.startup._Z7premainv
                0x0000236e        0xc C:\Users\howard\AppData\Local\Temp\arduino\cores\5eae09ef4b4da70ba1a09c8f6916274a\core.a(main.cpp.o)
                0x0000236e                premain()
 *fill*         0x0000237a        0x2 
 .text.startup.main
                0x0000237c       0x50 C:\Users\howard\AppData\Local\Temp\arduino\cores\5eae09ef4b4da70ba1a09c8f6916274a\core.a(main.cpp.o)
                0x0000237c                main
 .text.init     0x000023cc       0x54 C:\Users\howard\AppData\Local\Temp\arduino\cores\5eae09ef4b4da70ba1a09c8f6916274a\core.a(wiring.c.o)
                0x000023cc                init
 .text._ZN4QC205boostENS_13BOOST_VOLTAGEE
                0x00002420      0x390 C:\Users\howard\AppData\Local\Temp\arduino\cores\5eae09ef4b4da70ba1a09c8f6916274a\core.a(QC20.cpp.o)
                0x00002420                QC20::boost(QC20::BOOST_VOLTAGE)
 .text._Z14serialEventRunv
                0x000027b0      0x11c C:\Users\howard\AppData\Local\Temp\arduino\cores\5eae09ef4b4da70ba1a09c8f6916274a\core.a(SerialEvent.cpp.o)
                0x000027b0                serialEventRun()
 .text._ZN9USBSerial5writeEh
                0x000028cc       0x14 C:\Users\howard\AppData\Local\Temp\arduino\cores\5eae09ef4b4da70ba1a09c8f6916274a\core.a(USB_VCP.cpp.o)
                0x000028cc                USBSerial::write(unsigned char)
 .text._ZN9USBSerial17availableForWriteEv
                0x000028e0        0x4 C:\Users\howard\AppData\Local\Temp\arduino\cores\5eae09ef4b4da70ba1a09c8f6916274a\core.a(USB_VCP.cpp.o)
                0x000028e0                USBSerial::availableForWrite()
 .text._ZN9USBSerial4peekEv
                0x000028e4       0x1a C:\Users\howard\AppData\Local\Temp\arduino\cores\5eae09ef4b4da70ba1a09c8f6916274a\core.a(USB_VCP.cpp.o)
                0x000028e4                USBSerial::peek()
 .text._ZN9USBSerial4readEv
                0x000028fe       0x1c C:\Users\howard\AppData\Local\Temp\arduino\cores\5eae09ef4b4da70ba1a09c8f6916274a\core.a(USB_VCP.cpp.o)
                0x000028fe                USBSerial::read()
 .text._ZN9USBSerial5flushEv
                0x0000291a        0xc C:\Users\howard\AppData\Local\Temp\arduino\cores\5eae09ef4b4da70ba1a09c8f6916274a\core.a(USB_VCP.cpp.o)
                0x0000291a                USBSerial::flush()
 .text._ZN9USBSerial9availableEv
                0x00002926        0x8 C:\Users\howard\AppData\Local\Temp\arduino\cores\5eae09ef4b4da70ba1a09c8f6916274a\core.a(USB_VCP.cpp.o)
                0x00002926                USBSerial::available()
 .text._ZN9USBSerial5writeEPKhj
                0x0000292e       0x3e C:\Users\howard\AppData\Local\Temp\arduino\cores\5eae09ef4b4da70ba1a09c8f6916274a\core.a(USB_VCP.cpp.o)
                0x0000292e                USBSerial::write(unsigned char const*, unsigned int)
 .text._ZN9USBSerial5beginEv
                0x0000296c       0x18 C:\Users\howard\AppData\Local\Temp\arduino\cores\5eae09ef4b4da70ba1a09c8f6916274a\core.a(USB_VCP.cpp.o)
                0x0000296c                USBSerial::begin()
 .text.startup._GLOBAL__sub_I_USBSerialisConnect
                0x00002984       0x38 C:\Users\howard\AppData\Local\Temp\arduino\cores\5eae09ef4b4da70ba1a09c8f6916274a\core.a(USB_VCP.cpp.o)
 .text.SysTick_DefaultHandler
                0x000029bc       0x10 C:\Users\howard\AppData\Local\Temp\arduino\cores\5eae09ef4b4da70ba1a09c8f6916274a\core.a(delay.c.o)
                0x000029bc                SysTick_DefaultHandler
 .text.SysTick_Handler
                0x000029cc       0x30 C:\Users\howard\AppData\Local\Temp\arduino\cores\5eae09ef4b4da70ba1a09c8f6916274a\core.a(delay.c.o)
                0x000029cc                SysTick_Handler
 .text.millis   0x000029fc        0xc C:\Users\howard\AppData\Local\Temp\arduino\cores\5eae09ef4b4da70ba1a09c8f6916274a\core.a(delay.c.o)
                0x000029fc                millis
 .text.micros   0x00002a08       0x60 C:\Users\howard\AppData\Local\Temp\arduino\cores\5eae09ef4b4da70ba1a09c8f6916274a\core.a(delay.c.o)
                0x00002a08                micros
 .text.delay    0x00002a68       0x48 C:\Users\howard\AppData\Local\Temp\arduino\cores\5eae09ef4b4da70ba1a09c8f6916274a\core.a(delay.c.o)
                0x00002a68                delay
 .text.__empty  0x00002ab0        0x2 C:\Users\howard\AppData\Local\Temp\arduino\cores\5eae09ef4b4da70ba1a09c8f6916274a\core.a(hooks.c.o)
                0x00002ab0                yield
 .text.__false  0x00002ab2        0x4 C:\Users\howard\AppData\Local\Temp\arduino\cores\5eae09ef4b4da70ba1a09c8f6916274a\core.a(hooks.c.o)
                0x00002ab2                sysTickHook
 *fill*         0x00002ab6        0x2 
 .text.USBDClass_Reset
                0x00002ab8       0x28 C:\Users\howard\AppData\Local\Temp\arduino\cores\5eae09ef4b4da70ba1a09c8f6916274a\core.a(ht32_usbd_class.c.o)
 .text.USBDClass_Endpoint1
                0x00002ae0        0xc C:\Users\howard\AppData\Local\Temp\arduino\cores\5eae09ef4b4da70ba1a09c8f6916274a\core.a(ht32_usbd_class.c.o)
 .text.USBDClass_Endpoint2
                0x00002aec        0x2 C:\Users\howard\AppData\Local\Temp\arduino\cores\5eae09ef4b4da70ba1a09c8f6916274a\core.a(ht32_usbd_class.c.o)
 *fill*         0x00002aee        0x2 
 .text.USBDClass_Endpoint4
                0x00002af0        0xc C:\Users\howard\AppData\Local\Temp\arduino\cores\5eae09ef4b4da70ba1a09c8f6916274a\core.a(ht32_usbd_class.c.o)
 .text.USBDClass_Endpoint5
                0x00002afc        0xc C:\Users\howard\AppData\Local\Temp\arduino\cores\5eae09ef4b4da70ba1a09c8f6916274a\core.a(ht32_usbd_class.c.o)
 .text.USBDClass_Request
                0x00002b08       0xa8 C:\Users\howard\AppData\Local\Temp\arduino\cores\5eae09ef4b4da70ba1a09c8f6916274a\core.a(ht32_usbd_class.c.o)
 .text.USBDClass_Standard_GetDescriptor
                0x00002bb0       0x68 C:\Users\howard\AppData\Local\Temp\arduino\cores\5eae09ef4b4da70ba1a09c8f6916274a\core.a(ht32_usbd_class.c.o)
 .text.Buffer_ReadByte
                0x00002c18       0x28 C:\Users\howard\AppData\Local\Temp\arduino\cores\5eae09ef4b4da70ba1a09c8f6916274a\core.a(ht32_usbd_class.c.o)
                0x00002c18                Buffer_ReadByte
 .text.Buffer_WriteByte
                0x00002c40       0x42 C:\Users\howard\AppData\Local\Temp\arduino\cores\5eae09ef4b4da70ba1a09c8f6916274a\core.a(ht32_usbd_class.c.o)
                0x00002c40                Buffer_WriteByte
 .text.Buffer_Read
                0x00002c82       0x22 C:\Users\howard\AppData\Local\Temp\arduino\cores\5eae09ef4b4da70ba1a09c8f6916274a\core.a(ht32_usbd_class.c.o)
                0x00002c82                Buffer_Read
 .text.Buffer_Write
                0x00002ca4       0x26 C:\Users\howard\AppData\Local\Temp\arduino\cores\5eae09ef4b4da70ba1a09c8f6916274a\core.a(ht32_usbd_class.c.o)
                0x00002ca4                Buffer_Write
 .text.Buffer_GetLength
                0x00002cca       0x16 C:\Users\howard\AppData\Local\Temp\arduino\cores\5eae09ef4b4da70ba1a09c8f6916274a\core.a(ht32_usbd_class.c.o)
                0x00002cca                Buffer_GetLength
 .text.USBDClass_Endpoint3
                0x00002ce0       0x48 C:\Users\howard\AppData\Local\Temp\arduino\cores\5eae09ef4b4da70ba1a09c8f6916274a\core.a(ht32_usbd_class.c.o)
 .text.USBDClass_Init
                0x00002d28       0x5c C:\Users\howard\AppData\Local\Temp\arduino\cores\5eae09ef4b4da70ba1a09c8f6916274a\core.a(ht32_usbd_class.c.o)
                0x00002d28                USBDClass_Init
 .text.USBDClass_CDC_Tx
                0x00002d84       0x94 C:\Users\howard\AppData\Local\Temp\arduino\cores\5eae09ef4b4da70ba1a09c8f6916274a\core.a(ht32_usbd_class.c.o)
                0x00002d84                USBDClass_CDC_Tx
 .text.USB_Serial_rx
                0x00002e18       0x3c C:\Users\howard\AppData\Local\Temp\arduino\cores\5eae09ef4b4da70ba1a09c8f6916274a\core.a(ht32_usbd_class.c.o)
                0x00002e18                USB_Serial_rx
 .text.USB_Serial_peek
                0x00002e54       0x28 C:\Users\howard\AppData\Local\Temp\arduino\cores\5eae09ef4b4da70ba1a09c8f6916274a\core.a(ht32_usbd_class.c.o)
                0x00002e54                USB_Serial_peek
 .text.USB_CDC_avilable
                0x00002e7c       0x10 C:\Users\howard\AppData\Local\Temp\arduino\cores\5eae09ef4b4da70ba1a09c8f6916274a\core.a(ht32_usbd_class.c.o)
                0x00002e7c                USB_CDC_avilable
 .text.USB_CDC_flush
                0x00002e8c        0xc C:\Users\howard\AppData\Local\Temp\arduino\cores\5eae09ef4b4da70ba1a09c8f6916274a\core.a(ht32_usbd_class.c.o)
                0x00002e8c                USB_CDC_flush
 .text.USB_Connected
                0x00002e98        0xe C:\Users\howard\AppData\Local\Temp\arduino\cores\5eae09ef4b4da70ba1a09c8f6916274a\core.a(ht32_usbd_class.c.o)
                0x00002e98                USB_Connected
 .text.USB_Configured
                0x00002ea6       0x10 C:\Users\howard\AppData\Local\Temp\arduino\cores\5eae09ef4b4da70ba1a09c8f6916274a\core.a(ht32_usbd_class.c.o)
                0x00002ea6                USB_Configured
 *fill*         0x00002eb6        0x2 
 .text.USB_IRQHandler
                0x00002eb8       0x10 C:\Users\howard\AppData\Local\Temp\arduino\cores\5eae09ef4b4da70ba1a09c8f6916274a\core.a(usb_init.c.o)
                0x00002eb8                USB_IRQHandler
 .text.USBPLL_Configuration
                0x00002ec8       0x30 C:\Users\howard\AppData\Local\Temp\arduino\cores\5eae09ef4b4da70ba1a09c8f6916274a\core.a(usb_init.c.o)
                0x00002ec8                USBPLL_Configuration
 .text.USB_Serial
                0x00002ef8       0xc4 C:\Users\howard\AppData\Local\Temp\arduino\cores\5eae09ef4b4da70ba1a09c8f6916274a\core.a(usb_init.c.o)
                0x00002ef8                USB_Serial
 .text.adc_read
                0x00002fbc      0x114 C:\Users\howard\AppData\Local\Temp\arduino\cores\5eae09ef4b4da70ba1a09c8f6916274a\core.a(wiring_analog.c.o)
                0x00002fbc                adc_read
 .text._ZN14HardwareSerialcvbEv
                0x000030d0        0x4 C:\Users\howard\AppData\Local\Temp\arduino\cores\5eae09ef4b4da70ba1a09c8f6916274a\core.a(HardwareSerial.cpp.o)
                0x000030d0                HardwareSerial::operator bool()
 .text._ZN14HardwareSerial5writeEh
                0x000030d4        0xc C:\Users\howard\AppData\Local\Temp\arduino\cores\5eae09ef4b4da70ba1a09c8f6916274a\core.a(HardwareSerial.cpp.o)
                0x000030d4                HardwareSerial::write(unsigned char)
 .text._ZN14HardwareSerial8write_chEh
                0x000030e0       0x28 C:\Users\howard\AppData\Local\Temp\arduino\cores\5eae09ef4b4da70ba1a09c8f6916274a\core.a(HardwareSerial.cpp.o)
                0x000030e0                HardwareSerial::write_ch(unsigned char)
 .text._ZN14HardwareSerial17availableForWriteEv
                0x00003108       0x44 C:\Users\howard\AppData\Local\Temp\arduino\cores\5eae09ef4b4da70ba1a09c8f6916274a\core.a(HardwareSerial.cpp.o)
                0x00003108                HardwareSerial::availableForWrite()
 .text._ZN14HardwareSerial4peekEv
                0x0000314c       0x48 C:\Users\howard\AppData\Local\Temp\arduino\cores\5eae09ef4b4da70ba1a09c8f6916274a\core.a(HardwareSerial.cpp.o)
                0x0000314c                HardwareSerial::peek()
 .text._ZN14HardwareSerialC2Ej
                0x00003194       0x2c C:\Users\howard\AppData\Local\Temp\arduino\cores\5eae09ef4b4da70ba1a09c8f6916274a\core.a(HardwareSerial.cpp.o)
                0x00003194                HardwareSerial::HardwareSerial(unsigned int)
                0x00003194                HardwareSerial::HardwareSerial(unsigned int)
 .text._Z13SelectStopBitt
                0x000031c0        0xe C:\Users\howard\AppData\Local\Temp\arduino\cores\5eae09ef4b4da70ba1a09c8f6916274a\core.a(HardwareSerial.cpp.o)
                0x000031c0                SelectStopBit(unsigned short)
 .text._Z16SelectDateLengtht
                0x000031ce       0x18 C:\Users\howard\AppData\Local\Temp\arduino\cores\5eae09ef4b4da70ba1a09c8f6916274a\core.a(HardwareSerial.cpp.o)
                0x000031ce                SelectDateLength(unsigned short)
 *fill*         0x000031e6        0x2 
 .text._Z12SelectParityt
                0x000031e8       0x24 C:\Users\howard\AppData\Local\Temp\arduino\cores\5eae09ef4b4da70ba1a09c8f6916274a\core.a(HardwareSerial.cpp.o)
                0x000031e8                SelectParity(unsigned short)
 .text._ZN14HardwareSerial5beginEmt
                0x0000320c      0x168 C:\Users\howard\AppData\Local\Temp\arduino\cores\5eae09ef4b4da70ba1a09c8f6916274a\core.a(HardwareSerial.cpp.o)
                0x0000320c                HardwareSerial::begin(unsigned long, unsigned short)
 .text._ZN14HardwareSerial5beginEm
                0x00003374        0xc C:\Users\howard\AppData\Local\Temp\arduino\cores\5eae09ef4b4da70ba1a09c8f6916274a\core.a(HardwareSerial.cpp.o)
                0x00003374                HardwareSerial::begin(unsigned long)
 .text._ZN11RingBufferNILi256EE9availableEv
                0x00003380       0x16 C:\Users\howard\AppData\Local\Temp\arduino\cores\5eae09ef4b4da70ba1a09c8f6916274a\core.a(HardwareSerial.cpp.o)
                0x00003380                RingBufferN<256>::available()
 *fill*         0x00003396        0x2 
 .text._ZN14HardwareSerial9availableEv
                0x00003398       0x24 C:\Users\howard\AppData\Local\Temp\arduino\cores\5eae09ef4b4da70ba1a09c8f6916274a\core.a(HardwareSerial.cpp.o)
                0x00003398                HardwareSerial::available()
 .text._ZN14HardwareSerial6lengthEv
                0x000033bc       0x24 C:\Users\howard\AppData\Local\Temp\arduino\cores\5eae09ef4b4da70ba1a09c8f6916274a\core.a(HardwareSerial.cpp.o)
                0x000033bc                HardwareSerial::length()
 .text._ZN11RingBufferNILi256EE4readEv
                0x000033e0       0x2e C:\Users\howard\AppData\Local\Temp\arduino\cores\5eae09ef4b4da70ba1a09c8f6916274a\core.a(HardwareSerial.cpp.o)
                0x000033e0                RingBufferN<256>::read()
 *fill*         0x0000340e        0x2 
 .text._ZN14HardwareSerial4readEv
                0x00003410       0x24 C:\Users\howard\AppData\Local\Temp\arduino\cores\5eae09ef4b4da70ba1a09c8f6916274a\core.a(HardwareSerial.cpp.o)
                0x00003410                HardwareSerial::read()
 .text._ZN14HardwareSerial5flushEv
                0x00003434       0x80 C:\Users\howard\AppData\Local\Temp\arduino\cores\5eae09ef4b4da70ba1a09c8f6916274a\core.a(HardwareSerial.cpp.o)
                0x00003434                HardwareSerial::flush()
 .text._Z14UartIrqHandlerP16HT_USART_TypeDefi
                0x000034b4       0xe0 C:\Users\howard\AppData\Local\Temp\arduino\cores\5eae09ef4b4da70ba1a09c8f6916274a\core.a(HardwareSerial.cpp.o)
                0x000034b4                UartIrqHandler(HT_USART_TypeDef*, int)
 .text._ZN14HardwareSerial10IrqHandlerEv
                0x00003594       0x12 C:\Users\howard\AppData\Local\Temp\arduino\cores\5eae09ef4b4da70ba1a09c8f6916274a\core.a(HardwareSerial.cpp.o)
                0x00003594                HardwareSerial::IrqHandler()
 *fill*         0x000035a6        0x2 
 .text.USART0_IRQHandler
                0x000035a8       0x24 C:\Users\howard\AppData\Local\Temp\arduino\cores\5eae09ef4b4da70ba1a09c8f6916274a\core.a(HardwareSerial.cpp.o)
                0x000035a8                USART0_IRQHandler
 .text.USART1_IRQHandler
                0x000035cc       0x10 C:\Users\howard\AppData\Local\Temp\arduino\cores\5eae09ef4b4da70ba1a09c8f6916274a\core.a(HardwareSerial.cpp.o)
                0x000035cc                USART1_IRQHandler
 .text.UART0_UART2_IRQHandler
                0x000035dc       0x10 C:\Users\howard\AppData\Local\Temp\arduino\cores\5eae09ef4b4da70ba1a09c8f6916274a\core.a(HardwareSerial.cpp.o)
                0x000035dc                UART0_UART2_IRQHandler
 .text.UART1_UART3_IRQHandler
                0x000035ec       0x2c C:\Users\howard\AppData\Local\Temp\arduino\cores\5eae09ef4b4da70ba1a09c8f6916274a\core.a(HardwareSerial.cpp.o)
                0x000035ec                UART1_UART3_IRQHandler
 .text._ZN14HardwareSerial5writeEt
                0x00003618      0x11c C:\Users\howard\AppData\Local\Temp\arduino\cores\5eae09ef4b4da70ba1a09c8f6916274a\core.a(HardwareSerial.cpp.o)
                0x00003618                HardwareSerial::write(unsigned short)
 .text.startup._GLOBAL__sub_I__ZN14HardwareSerialC2Ej
                0x00003734       0xcc C:\Users\howard\AppData\Local\Temp\arduino\cores\5eae09ef4b4da70ba1a09c8f6916274a\core.a(HardwareSerial.cpp.o)
 .text._ZN5Print17availableForWriteEv
                0x00003800        0x4 C:\Users\howard\AppData\Local\Temp\arduino\cores\5eae09ef4b4da70ba1a09c8f6916274a\core.a(Print.cpp.o)
                0x00003800                Print::availableForWrite()
 .text._ZN5Print5writeEPKhj
                0x00003804       0x28 C:\Users\howard\AppData\Local\Temp\arduino\cores\5eae09ef4b4da70ba1a09c8f6916274a\core.a(Print.cpp.o)
                0x00003804                Print::write(unsigned char const*, unsigned int)
 .text._ZN5Print5writeEPKc.part.2
                0x0000382c       0x1a C:\Users\howard\AppData\Local\Temp\arduino\cores\5eae09ef4b4da70ba1a09c8f6916274a\core.a(Print.cpp.o)
 .text._ZN5Print5writeEPKc
                0x00003846       0x10 C:\Users\howard\AppData\Local\Temp\arduino\cores\5eae09ef4b4da70ba1a09c8f6916274a\core.a(Print.cpp.o)
                0x00003846                Print::write(char const*)
 .text._ZN5Print5printEPKc
                0x00003856        0x8 C:\Users\howard\AppData\Local\Temp\arduino\cores\5eae09ef4b4da70ba1a09c8f6916274a\core.a(Print.cpp.o)
                0x00003856                Print::print(char const*)
 .text._ZN5Print5printEc
                0x0000385e        0xa C:\Users\howard\AppData\Local\Temp\arduino\cores\5eae09ef4b4da70ba1a09c8f6916274a\core.a(Print.cpp.o)
                0x0000385e                Print::print(char)
 .text._ZN5Print7printlnEv
                0x00003868       0x10 C:\Users\howard\AppData\Local\Temp\arduino\cores\5eae09ef4b4da70ba1a09c8f6916274a\core.a(Print.cpp.o)
                0x00003868                Print::println()
 .text._ZN5Print7printlnEPKc
                0x00003878       0x14 C:\Users\howard\AppData\Local\Temp\arduino\cores\5eae09ef4b4da70ba1a09c8f6916274a\core.a(Print.cpp.o)
                0x00003878                Print::println(char const*)
 .text._ZN5Print11printNumberEmh
                0x0000388c       0x48 C:\Users\howard\AppData\Local\Temp\arduino\cores\5eae09ef4b4da70ba1a09c8f6916274a\core.a(Print.cpp.o)
                0x0000388c                Print::printNumber(unsigned long, unsigned char)
 .text._ZN5Print10printFloatEdh
                0x000038d4      0x168 C:\Users\howard\AppData\Local\Temp\arduino\cores\5eae09ef4b4da70ba1a09c8f6916274a\core.a(Print.cpp.o)
                0x000038d4                Print::printFloat(double, unsigned char)
 .text._ZN5Print5printEdi
                0x00003a3c       0x12 C:\Users\howard\AppData\Local\Temp\arduino\cores\5eae09ef4b4da70ba1a09c8f6916274a\core.a(Print.cpp.o)
                0x00003a3c                Print::print(double, int)
 .text._ZN5Print7printlnEdi
                0x00003a4e       0x20 C:\Users\howard\AppData\Local\Temp\arduino\cores\5eae09ef4b4da70ba1a09c8f6916274a\core.a(Print.cpp.o)
                0x00003a4e                Print::println(double, int)
 *fill*         0x00003a6e        0x2 
 .text.USBDDesc_Init
                0x00003a70       0x20 C:\Users\howard\AppData\Local\Temp\arduino\cores\5eae09ef4b4da70ba1a09c8f6916274a\core.a(ht32_usbd_descriptor.c.o)
                0x00003a70                USBDDesc_Init
 .text._Z5init1v
                0x00003a90      0x12c C:\Users\howard\AppData\Local\Temp\arduino\sketches\10C9CC867DA329D21A4541BD63C64800\sketch\sketch_dec10a.ino.cpp.o
                0x00003a90                init1()
 .text.setup    0x00003bbc       0x50 C:\Users\howard\AppData\Local\Temp\arduino\sketches\10C9CC867DA329D21A4541BD63C64800\sketch\sketch_dec10a.ino.cpp.o
                0x00003bbc                setup
 .text._Z7endgamev
                0x00003c0c       0xfc C:\Users\howard\AppData\Local\Temp\arduino\sketches\10C9CC867DA329D21A4541BD63C64800\sketch\sketch_dec10a.ino.cpp.o
                0x00003c0c                endgame()
 .text.loop     0x00003d08        0x8 C:\Users\howard\AppData\Local\Temp\arduino\sketches\10C9CC867DA329D21A4541BD63C64800\sketch\sketch_dec10a.ino.cpp.o
                0x00003d08                loop
 .text._ZN7TwoWire11requestFromEhj
                0x00003d10       0x12 C:\Users\howard\AppData\Local\Temp\arduino\sketches\10C9CC867DA329D21A4541BD63C64800\libraries\Arduino-MPU6050\MPU6050.cpp.o
                0x00003d10                TwoWire::requestFrom(unsigned char, unsigned int)
 *fill*         0x00003d22        0x2 
 .text._ZN7MPU605013fastRegister8Eh
                0x00003d24       0x4c C:\Users\howard\AppData\Local\Temp\arduino\sketches\10C9CC867DA329D21A4541BD63C64800\libraries\Arduino-MPU6050\MPU6050.cpp.o
                0x00003d24                MPU6050::fastRegister8(unsigned char)
 .text._ZN7MPU605013readRegister8Eh
                0x00003d70       0x58 C:\Users\howard\AppData\Local\Temp\arduino\sketches\10C9CC867DA329D21A4541BD63C64800\libraries\Arduino-MPU6050\MPU6050.cpp.o
                0x00003d70                MPU6050::readRegister8(unsigned char)
 .text._ZN7MPU60508getRangeEv
                0x00003dc8        0xe C:\Users\howard\AppData\Local\Temp\arduino\sketches\10C9CC867DA329D21A4541BD63C64800\libraries\Arduino-MPU6050\MPU6050.cpp.o
                0x00003dc8                MPU6050::getRange()
 .text._ZN7MPU605014getClockSourceEv
                0x00003dd6        0xe C:\Users\howard\AppData\Local\Temp\arduino\sketches\10C9CC867DA329D21A4541BD63C64800\libraries\Arduino-MPU6050\MPU6050.cpp.o
                0x00003dd6                MPU6050::getClockSource()
 .text._ZN7MPU605015readRegisterBitEhh
                0x00003de4       0x10 C:\Users\howard\AppData\Local\Temp\arduino\sketches\10C9CC867DA329D21A4541BD63C64800\libraries\Arduino-MPU6050\MPU6050.cpp.o
                0x00003de4                MPU6050::readRegisterBit(unsigned char, unsigned char)
 .text._ZN7MPU605015getSleepEnabledEv
                0x00003df4        0xc C:\Users\howard\AppData\Local\Temp\arduino\sketches\10C9CC867DA329D21A4541BD63C64800\libraries\Arduino-MPU6050\MPU6050.cpp.o
                0x00003df4                MPU6050::getSleepEnabled()
 .text._ZN7MPU605014writeRegister8Ehh
                0x00003e00       0x30 C:\Users\howard\AppData\Local\Temp\arduino\sketches\10C9CC867DA329D21A4541BD63C64800\libraries\Arduino-MPU6050\MPU6050.cpp.o
                0x00003e00                MPU6050::writeRegister8(unsigned char, unsigned char)
 .text._ZN7MPU60508setScaleE13mpu6050_dps_t
                0x00003e30       0x54 C:\Users\howard\AppData\Local\Temp\arduino\sketches\10C9CC867DA329D21A4541BD63C64800\libraries\Arduino-MPU6050\MPU6050.cpp.o
                0x00003e30                MPU6050::setScale(mpu6050_dps_t)
 .text._ZN7MPU60508setRangeE15mpu6050_range_t
                0x00003e84       0x54 C:\Users\howard\AppData\Local\Temp\arduino\sketches\10C9CC867DA329D21A4541BD63C64800\libraries\Arduino-MPU6050\MPU6050.cpp.o
                0x00003e84                MPU6050::setRange(mpu6050_range_t)
 .text._ZN7MPU605014setClockSourceE21mpu6050_clockSource_t
                0x00003ed8       0x1c C:\Users\howard\AppData\Local\Temp\arduino\sketches\10C9CC867DA329D21A4541BD63C64800\libraries\Arduino-MPU6050\MPU6050.cpp.o
                0x00003ed8                MPU6050::setClockSource(mpu6050_clockSource_t)
 .text._ZN7MPU605016writeRegisterBitEhhb
                0x00003ef4       0x2c C:\Users\howard\AppData\Local\Temp\arduino\sketches\10C9CC867DA329D21A4541BD63C64800\libraries\Arduino-MPU6050\MPU6050.cpp.o
                0x00003ef4                MPU6050::writeRegisterBit(unsigned char, unsigned char, bool)
 .text._ZN7MPU605015setSleepEnabledEb
                0x00003f20        0xe C:\Users\howard\AppData\Local\Temp\arduino\sketches\10C9CC867DA329D21A4541BD63C64800\libraries\Arduino-MPU6050\MPU6050.cpp.o
                0x00003f20                MPU6050::setSleepEnabled(bool)
 *fill*         0x00003f2e        0x2 
 .text._ZN7MPU60505beginE13mpu6050_dps_t15mpu6050_range_ti
                0x00003f30       0x60 C:\Users\howard\AppData\Local\Temp\arduino\sketches\10C9CC867DA329D21A4541BD63C64800\libraries\Arduino-MPU6050\MPU6050.cpp.o
                0x00003f30                MPU6050::begin(mpu6050_dps_t, mpu6050_range_t, int)
 .text._ZN7MPU605012readRawAccelEv
                0x00003f90       0xb4 C:\Users\howard\AppData\Local\Temp\arduino\sketches\10C9CC867DA329D21A4541BD63C64800\libraries\Arduino-MPU6050\MPU6050.cpp.o
                0x00003f90                MPU6050::readRawAccel()
 .text._ZN7MPU605018readNormalizeAccelEv
                0x00004044       0x50 C:\Users\howard\AppData\Local\Temp\arduino\sketches\10C9CC867DA329D21A4541BD63C64800\libraries\Arduino-MPU6050\MPU6050.cpp.o
                0x00004044                MPU6050::readNormalizeAccel()
 .text._ZN7TwoWire5writeEh
                0x00004094       0x14 C:\Users\howard\AppData\Local\Temp\arduino\sketches\10C9CC867DA329D21A4541BD63C64800\libraries\Wire\Wire.cpp.o
                0x00004094                TwoWire::write(unsigned char)
 .text._ZN7TwoWire4peekEv
                0x000040a8       0x38 C:\Users\howard\AppData\Local\Temp\arduino\sketches\10C9CC867DA329D21A4541BD63C64800\libraries\Wire\Wire.cpp.o
                0x000040a8                TwoWire::peek()
 .text._ZN7TwoWire5flushEv
                0x000040e0       0x1c C:\Users\howard\AppData\Local\Temp\arduino\sketches\10C9CC867DA329D21A4541BD63C64800\libraries\Wire\Wire.cpp.o
                0x000040e0                TwoWire::flush()
 .text._ZN7TwoWire14_errorHandlingEv
                0x000040fc      0x110 C:\Users\howard\AppData\Local\Temp\arduino\sketches\10C9CC867DA329D21A4541BD63C64800\libraries\Wire\Wire.cpp.o
                0x000040fc                TwoWire::_errorHandling()
 .text._ZN7TwoWireC2Ej
                0x0000420c       0x50 C:\Users\howard\AppData\Local\Temp\arduino\sketches\10C9CC867DA329D21A4541BD63C64800\libraries\Wire\Wire.cpp.o
                0x0000420c                TwoWire::TwoWire(unsigned int)
                0x0000420c                TwoWire::TwoWire(unsigned int)
 .text._ZN7TwoWire8setClockEm
                0x0000425c      0x114 C:\Users\howard\AppData\Local\Temp\arduino\sketches\10C9CC867DA329D21A4541BD63C64800\libraries\Wire\Wire.cpp.o
                0x0000425c                TwoWire::setClock(unsigned long)
 .text._ZN7TwoWire5beginEh
                0x00004370      0x148 C:\Users\howard\AppData\Local\Temp\arduino\sketches\10C9CC867DA329D21A4541BD63C64800\libraries\Wire\Wire.cpp.o
                0x00004370                TwoWire::begin(unsigned char)
 .text._ZN7TwoWire5beginEv
                0x000044b8        0xa C:\Users\howard\AppData\Local\Temp\arduino\sketches\10C9CC867DA329D21A4541BD63C64800\libraries\Wire\Wire.cpp.o
                0x000044b8                TwoWire::begin()
 *fill*         0x000044c2        0x2 
 .text._ZN7TwoWire17beginTransmissionEh
                0x000044c4       0x30 C:\Users\howard\AppData\Local\Temp\arduino\sketches\10C9CC867DA329D21A4541BD63C64800\libraries\Wire\Wire.cpp.o
                0x000044c4                TwoWire::beginTransmission(unsigned char)
 .text._ZN7TwoWire17beginTransmissionEi
                0x000044f4        0xa C:\Users\howard\AppData\Local\Temp\arduino\sketches\10C9CC867DA329D21A4541BD63C64800\libraries\Wire\Wire.cpp.o
                0x000044f4                TwoWire::beginTransmission(int)
 .text._ZN7TwoWire17_i2c_master_writeEhPht
                0x000044fe       0x98 C:\Users\howard\AppData\Local\Temp\arduino\sketches\10C9CC867DA329D21A4541BD63C64800\libraries\Wire\Wire.cpp.o
                0x000044fe                TwoWire::_i2c_master_write(unsigned char, unsigned char*, unsigned short)
 .text._ZN7TwoWire10IrqHandlerEv
                0x00004596       0x28 C:\Users\howard\AppData\Local\Temp\arduino\sketches\10C9CC867DA329D21A4541BD63C64800\libraries\Wire\Wire.cpp.o
                0x00004596                TwoWire::IrqHandler()
 *fill*         0x000045be        0x2 
 .text.I2C0_IRQHandler
                0x000045c0       0x2c C:\Users\howard\AppData\Local\Temp\arduino\sketches\10C9CC867DA329D21A4541BD63C64800\libraries\Wire\Wire.cpp.o
                0x000045c0                I2C0_IRQHandler
 .text.I2C1_IRQHandler
                0x000045ec       0x18 C:\Users\howard\AppData\Local\Temp\arduino\sketches\10C9CC867DA329D21A4541BD63C64800\libraries\Wire\Wire.cpp.o
                0x000045ec                I2C1_IRQHandler
 .text._ZN11RingBufferNILi33EE9availableEv
                0x00004604        0xc C:\Users\howard\AppData\Local\Temp\arduino\sketches\10C9CC867DA329D21A4541BD63C64800\libraries\Wire\Wire.cpp.o
                0x00004604                RingBufferN<33>::available()
 .text._ZN7TwoWire9availableEv
                0x00004610       0x28 C:\Users\howard\AppData\Local\Temp\arduino\sketches\10C9CC867DA329D21A4541BD63C64800\libraries\Wire\Wire.cpp.o
                0x00004610                TwoWire::available()
 .text._ZN7TwoWire5writeEPKhj
                0x00004638       0x8c C:\Users\howard\AppData\Local\Temp\arduino\sketches\10C9CC867DA329D21A4541BD63C64800\libraries\Wire\Wire.cpp.o
                0x00004638                TwoWire::write(unsigned char const*, unsigned int)
 .text._ZN11RingBufferNILi33EE4readEv
                0x000046c4       0x24 C:\Users\howard\AppData\Local\Temp\arduino\sketches\10C9CC867DA329D21A4541BD63C64800\libraries\Wire\Wire.cpp.o
                0x000046c4                RingBufferN<33>::read()
 .text._ZN7TwoWire15endTransmissionEb
                0x000046e8       0x9c C:\Users\howard\AppData\Local\Temp\arduino\sketches\10C9CC867DA329D21A4541BD63C64800\libraries\Wire\Wire.cpp.o
                0x000046e8                TwoWire::endTransmission(bool)
 .text._ZN7TwoWire4readEv
                0x00004784       0x28 C:\Users\howard\AppData\Local\Temp\arduino\sketches\10C9CC867DA329D21A4541BD63C64800\libraries\Wire\Wire.cpp.o
                0x00004784                TwoWire::read()
 .text._ZN7TwoWire16_i2c_master_readEhPht
                0x000047ac       0xe8 C:\Users\howard\AppData\Local\Temp\arduino\sketches\10C9CC867DA329D21A4541BD63C64800\libraries\Wire\Wire.cpp.o
                0x000047ac                TwoWire::_i2c_master_read(unsigned char, unsigned char*, unsigned short)
 .text._ZN7TwoWire11requestFromEhhmhh
                0x00004894      0x100 C:\Users\howard\AppData\Local\Temp\arduino\sketches\10C9CC867DA329D21A4541BD63C64800\libraries\Wire\Wire.cpp.o
                0x00004894                TwoWire::requestFrom(unsigned char, unsigned char, unsigned long, unsigned char, unsigned char)
 .text.startup._GLOBAL__sub_I__ZN7TwoWire14_errorHandlingEv
                0x00004994       0xa8 C:\Users\howard\AppData\Local\Temp\arduino\sketches\10C9CC867DA329D21A4541BD63C64800\libraries\Wire\Wire.cpp.o
 .text._ZN9I2CMasterC2Ev
                0x00004a3c       0x16 C:\Users\howard\AppData\Local\Temp\arduino\sketches\10C9CC867DA329D21A4541BD63C64800\libraries\Wire\utility\i2c_master.cpp.o
                0x00004a3c                I2CMaster::I2CMaster()
                0x00004a3c                I2CMaster::I2CMaster()
 *fill*         0x00004a52        0x2 
 .text._ZN9I2CMaster17I2C_ConfigurationEP14HT_I2C_TypeDef4IRQnjjj
                0x00004a54       0x94 C:\Users\howard\AppData\Local\Temp\arduino\sketches\10C9CC867DA329D21A4541BD63C64800\libraries\Wire\utility\i2c_master.cpp.o
                0x00004a54                I2CMaster::I2C_Configuration(HT_I2C_TypeDef*, IRQn, unsigned int, unsigned int, unsigned int)
 .text._ZN9I2CMaster19I2CMaster_GetStatusEv
                0x00004ae8       0x7a C:\Users\howard\AppData\Local\Temp\arduino\sketches\10C9CC867DA329D21A4541BD63C64800\libraries\Wire\utility\i2c_master.cpp.o
                0x00004ae8                I2CMaster::I2CMaster_GetStatus()
 .text._ZN9I2CMaster24I2CMaster_DynamicTimeoutEv
                0x00004b62       0x3e C:\Users\howard\AppData\Local\Temp\arduino\sketches\10C9CC867DA329D21A4541BD63C64800\libraries\Wire\utility\i2c_master.cpp.o
                0x00004b62                I2CMaster::I2CMaster_DynamicTimeout()
 .text._ZN9I2CMaster25I2CMaster_ResetPeripheralEv
                0x00004ba0       0x44 C:\Users\howard\AppData\Local\Temp\arduino\sketches\10C9CC867DA329D21A4541BD63C64800\libraries\Wire\utility\i2c_master.cpp.o
                0x00004ba0                I2CMaster::I2CMaster_ResetPeripheral()
 .text._ZN9I2CMaster15I2CMaster_StartEPNS_17I2CMaster_TypedefE
                0x00004be4      0x128 C:\Users\howard\AppData\Local\Temp\arduino\sketches\10C9CC867DA329D21A4541BD63C64800\libraries\Wire\utility\i2c_master.cpp.o
                0x00004be4                I2CMaster::I2CMaster_Start(I2CMaster::I2CMaster_Typedef*)
 .text._ZN9I2CMaster15I2CMaster_WriteEPNS_17I2CMaster_TypedefE
                0x00004d0c        0xc C:\Users\howard\AppData\Local\Temp\arduino\sketches\10C9CC867DA329D21A4541BD63C64800\libraries\Wire\utility\i2c_master.cpp.o
                0x00004d0c                I2CMaster::I2CMaster_Write(I2CMaster::I2CMaster_Typedef*)
 .text._ZN9I2CMaster14I2CMaster_ReadEPNS_17I2CMaster_TypedefE
                0x00004d18        0xc C:\Users\howard\AppData\Local\Temp\arduino\sketches\10C9CC867DA329D21A4541BD63C64800\libraries\Wire\utility\i2c_master.cpp.o
                0x00004d18                I2CMaster::I2CMaster_Read(I2CMaster::I2CMaster_Typedef*)
 .text._ZN9I2CMaster19I2CMaster_WriteReadEPNS_17I2CMaster_TypedefE
                0x00004d24        0xc C:\Users\howard\AppData\Local\Temp\arduino\sketches\10C9CC867DA329D21A4541BD63C64800\libraries\Wire\utility\i2c_master.cpp.o
                0x00004d24                I2CMaster::I2CMaster_WriteRead(I2CMaster::I2CMaster_Typedef*)
 .text._ZN9I2CMaster14I2C_IRQHandlerEv
                0x00004d30      0x238 C:\Users\howard\AppData\Local\Temp\arduino\sketches\10C9CC867DA329D21A4541BD63C64800\libraries\Wire\utility\i2c_master.cpp.o
                0x00004d30                I2CMaster::I2C_IRQHandler()
 .text._ZN8I2CSlave17I2C_ConfigurationEP14HT_I2C_TypeDef4IRQnj
                0x00004f68       0xb4 C:\Users\howard\AppData\Local\Temp\arduino\sketches\10C9CC867DA329D21A4541BD63C64800\libraries\Wire\utility\i2c_slave.cpp.o
                0x00004f68                I2CSlave::I2C_Configuration(HT_I2C_TypeDef*, IRQn, unsigned int)
 .text._ZN8I2CSlave17I2C_ConfigurationEP14HT_I2C_TypeDef4IRQnP11RingBufferNILi33EES5_j
                0x0000501c       0x10 C:\Users\howard\AppData\Local\Temp\arduino\sketches\10C9CC867DA329D21A4541BD63C64800\libraries\Wire\utility\i2c_slave.cpp.o
                0x0000501c                I2CSlave::I2C_Configuration(HT_I2C_TypeDef*, IRQn, RingBufferN<33>*, RingBufferN<33>*, unsigned int)
 .text._ZN8I2CSlave9IsTxFinshEv
                0x0000502c       0x10 C:\Users\howard\AppData\Local\Temp\arduino\sketches\10C9CC867DA329D21A4541BD63C64800\libraries\Wire\utility\i2c_slave.cpp.o
                0x0000502c                I2CSlave::IsTxFinsh()
 .text._ZN11RingBufferNILi33EE5storeEt
                0x0000503c       0x1a C:\Users\howard\AppData\Local\Temp\arduino\sketches\10C9CC867DA329D21A4541BD63C64800\libraries\Wire\utility\i2c_slave.cpp.o
                0x0000503c                RingBufferN<33>::store(unsigned short)
 .text._ZN8I2CSlave13PrepareTxDataEPhj
                0x00005056       0x2c C:\Users\howard\AppData\Local\Temp\arduino\sketches\10C9CC867DA329D21A4541BD63C64800\libraries\Wire\utility\i2c_slave.cpp.o
                0x00005056                I2CSlave::PrepareTxData(unsigned char*, unsigned int)
 *fill*         0x00005082        0x2 
 .text._ZN8I2CSlave14I2C_IRQHandlerEPFviEPFvvE
                0x00005084      0x17c C:\Users\howard\AppData\Local\Temp\arduino\sketches\10C9CC867DA329D21A4541BD63C64800\libraries\Wire\utility\i2c_slave.cpp.o
                0x00005084                I2CSlave::I2C_IRQHandler(void (*)(int), void (*)())
 .text.Reset_Handler
                0x00005200       0xe8 C:\Users\howard\AppData\Local\Temp\arduino\sketches\10C9CC867DA329D21A4541BD63C64800\core\GNU_ARM\startup_ht32fxxxxx_gcc_nn.S.o
                0x00005200                Reset_Handler
                0x0000529a                NMI_Handler
                0x0000529c                HardFault_Handler
                0x0000529e                SVC_Handler
                0x000052a0                PendSV_Handler
                0x000052a4                UART0_IRQHandler
                0x000052a4                SPI1_IRQHandler
                0x000052a4                LVD_BOD_IRQHandler
                0x000052a4                EXTI2_3_IRQHandler
                0x000052a4                I2S_IRQHandler
                0x000052a4                SCI_IRQHandler
                0x000052a4                UART1_IRQHandler
                0x000052a4                PDMA_CH2_5_IRQHandler
                0x000052a4                RTC_IRQHandler
                0x000052a4                PWM1_IRQHandler
                0x000052a4                BFTM1_IRQHandler
                0x000052a4                GPTM0_IRQHandler
                0x000052a4                EXTI4_15_IRQHandler
                0x000052a4                Default_Handler
                0x000052a4                ADC_IRQHandler
                0x000052a4                EXTI0_1_IRQHandler
                0x000052a4                COMP_DAC_IRQHandler
                0x000052a4                PDMA_CH0_1_IRQHandler
                0x000052a4                SCTM1_IRQHandler
                0x000052a4                COMP_IRQHandler
                0x000052a4                EVWUP_IRQHandler
                0x000052a4                PWM0_IRQHandler
                0x000052a4                MCTM0_IRQHandler
                0x000052a4                BFTM0_IRQHandler
                0x000052a4                SPI0_IRQHandler
                0x000052a4                AES_IRQHandler
                0x000052a4                SCTM0_IRQHandler
                0x000052a4                FLASH_IRQHandler
                0x000052a4                QSPI_IRQHandler
 .text._USBD_CopyMemory
                0x000052e8       0x8c C:\Users\howard\AppData\Local\Temp\arduino\sketches\10C9CC867DA329D21A4541BD63C64800\core\ht32_fwlib.c.o
 .text.NVIC_SetVectorTable
                0x00005374       0x14 C:\Users\howard\AppData\Local\Temp\arduino\sketches\10C9CC867DA329D21A4541BD63C64800\core\ht32_fwlib.c.o
                0x00005374                NVIC_SetVectorTable
 .text.ADC_Cmd  0x00005388       0x14 C:\Users\howard\AppData\Local\Temp\arduino\sketches\10C9CC867DA329D21A4541BD63C64800\core\ht32_fwlib.c.o
                0x00005388                ADC_Cmd
 .text.ADC_RegularGroupConfig
                0x0000539c       0x1a C:\Users\howard\AppData\Local\Temp\arduino\sketches\10C9CC867DA329D21A4541BD63C64800\core\ht32_fwlib.c.o
                0x0000539c                ADC_RegularGroupConfig
 .text.ADC_RegularChannelConfig
                0x000053b6       0x2a C:\Users\howard\AppData\Local\Temp\arduino\sketches\10C9CC867DA329D21A4541BD63C64800\core\ht32_fwlib.c.o
                0x000053b6                ADC_RegularChannelConfig
 .text.ADC_RegularTrigConfig
                0x000053e0        0xe C:\Users\howard\AppData\Local\Temp\arduino\sketches\10C9CC867DA329D21A4541BD63C64800\core\ht32_fwlib.c.o
                0x000053e0                ADC_RegularTrigConfig
 .text.ADC_SamplingTimeConfig
                0x000053ee        0x4 C:\Users\howard\AppData\Local\Temp\arduino\sketches\10C9CC867DA329D21A4541BD63C64800\core\ht32_fwlib.c.o
                0x000053ee                ADC_SamplingTimeConfig
 .text.ADC_SoftwareStartConvCmd
                0x000053f2       0x14 C:\Users\howard\AppData\Local\Temp\arduino\sketches\10C9CC867DA329D21A4541BD63C64800\core\ht32_fwlib.c.o
                0x000053f2                ADC_SoftwareStartConvCmd
 .text.ADC_GetConversionData
                0x00005406        0xa C:\Users\howard\AppData\Local\Temp\arduino\sketches\10C9CC867DA329D21A4541BD63C64800\core\ht32_fwlib.c.o
                0x00005406                ADC_GetConversionData
 .text.ADC_IntConfig
                0x00005410       0x14 C:\Users\howard\AppData\Local\Temp\arduino\sketches\10C9CC867DA329D21A4541BD63C64800\core\ht32_fwlib.c.o
                0x00005410                ADC_IntConfig
 .text.ADC_GetIntStatus
                0x00005424        0xe C:\Users\howard\AppData\Local\Temp\arduino\sketches\10C9CC867DA329D21A4541BD63C64800\core\ht32_fwlib.c.o
                0x00005424                ADC_GetIntStatus
 .text.ADC_ClearIntPendingBit
                0x00005432        0x6 C:\Users\howard\AppData\Local\Temp\arduino\sketches\10C9CC867DA329D21A4541BD63C64800\core\ht32_fwlib.c.o
                0x00005432                ADC_ClearIntPendingBit
 .text.ADC_VREFCmd
                0x00005438       0x16 C:\Users\howard\AppData\Local\Temp\arduino\sketches\10C9CC867DA329D21A4541BD63C64800\core\ht32_fwlib.c.o
                0x00005438                ADC_VREFCmd
 .text.ADC_VREFConfig
                0x0000544e        0xe C:\Users\howard\AppData\Local\Temp\arduino\sketches\10C9CC867DA329D21A4541BD63C64800\core\ht32_fwlib.c.o
                0x0000544e                ADC_VREFConfig
 .text.CKCU_USBPLLCmd
                0x0000545c       0x14 C:\Users\howard\AppData\Local\Temp\arduino\sketches\10C9CC867DA329D21A4541BD63C64800\core\ht32_fwlib.c.o
                0x0000545c                CKCU_USBPLLCmd
 .text.CKCU_GetClockReadyStatus
                0x00005470       0x14 C:\Users\howard\AppData\Local\Temp\arduino\sketches\10C9CC867DA329D21A4541BD63C64800\core\ht32_fwlib.c.o
                0x00005470                CKCU_GetClockReadyStatus
 .text.CKCU_USBPLLInit
                0x00005484       0x28 C:\Users\howard\AppData\Local\Temp\arduino\sketches\10C9CC867DA329D21A4541BD63C64800\core\ht32_fwlib.c.o
                0x00005484                CKCU_USBPLLInit
 .text.CKCU_USBClockConfig
                0x000054ac       0x18 C:\Users\howard\AppData\Local\Temp\arduino\sketches\10C9CC867DA329D21A4541BD63C64800\core\ht32_fwlib.c.o
                0x000054ac                CKCU_USBClockConfig
 .text.CKCU_SetADCnPrescaler
                0x000054c4       0x18 C:\Users\howard\AppData\Local\Temp\arduino\sketches\10C9CC867DA329D21A4541BD63C64800\core\ht32_fwlib.c.o
                0x000054c4                CKCU_SetADCnPrescaler
 .text.CKCU_GetPLLFrequency
                0x000054dc       0x40 C:\Users\howard\AppData\Local\Temp\arduino\sketches\10C9CC867DA329D21A4541BD63C64800\core\ht32_fwlib.c.o
                0x000054dc                CKCU_GetPLLFrequency
 .text.CKCU_GetClocksFrequency
                0x0000551c       0x54 C:\Users\howard\AppData\Local\Temp\arduino\sketches\10C9CC867DA329D21A4541BD63C64800\core\ht32_fwlib.c.o
                0x0000551c                CKCU_GetClocksFrequency
 .text.CKCU_SetPeripPrescaler
                0x00005570       0x28 C:\Users\howard\AppData\Local\Temp\arduino\sketches\10C9CC867DA329D21A4541BD63C64800\core\ht32_fwlib.c.o
                0x00005570                CKCU_SetPeripPrescaler
 .text.CKCU_GetPeripFrequency
                0x00005598       0x38 C:\Users\howard\AppData\Local\Temp\arduino\sketches\10C9CC867DA329D21A4541BD63C64800\core\ht32_fwlib.c.o
                0x00005598                CKCU_GetPeripFrequency
 .text.CKCU_PeripClockConfig
                0x000055d0       0x38 C:\Users\howard\AppData\Local\Temp\arduino\sketches\10C9CC867DA329D21A4541BD63C64800\core\ht32_fwlib.c.o
                0x000055d0                CKCU_PeripClockConfig
 .text.GPIO_DirectionConfig
                0x00005608       0x12 C:\Users\howard\AppData\Local\Temp\arduino\sketches\10C9CC867DA329D21A4541BD63C64800\core\ht32_fwlib.c.o
                0x00005608                GPIO_DirectionConfig
 .text.GPIO_PullResistorConfig
                0x0000561a       0x22 C:\Users\howard\AppData\Local\Temp\arduino\sketches\10C9CC867DA329D21A4541BD63C64800\core\ht32_fwlib.c.o
                0x0000561a                GPIO_PullResistorConfig
 .text.GPIO_InputConfig
                0x0000563c       0x12 C:\Users\howard\AppData\Local\Temp\arduino\sketches\10C9CC867DA329D21A4541BD63C64800\core\ht32_fwlib.c.o
                0x0000563c                GPIO_InputConfig
 .text.GPIO_DriveConfig
                0x0000564e       0x32 C:\Users\howard\AppData\Local\Temp\arduino\sketches\10C9CC867DA329D21A4541BD63C64800\core\ht32_fwlib.c.o
                0x0000564e                GPIO_DriveConfig
 .text.GPIO_ReadInBit
                0x00005680        0xc C:\Users\howard\AppData\Local\Temp\arduino\sketches\10C9CC867DA329D21A4541BD63C64800\core\ht32_fwlib.c.o
                0x00005680                GPIO_ReadInBit
 .text.GPIO_SetOutBits
                0x0000568c        0x4 C:\Users\howard\AppData\Local\Temp\arduino\sketches\10C9CC867DA329D21A4541BD63C64800\core\ht32_fwlib.c.o
                0x0000568c                GPIO_SetOutBits
 .text.GPIO_ClearOutBits
                0x00005690        0x4 C:\Users\howard\AppData\Local\Temp\arduino\sketches\10C9CC867DA329D21A4541BD63C64800\core\ht32_fwlib.c.o
                0x00005690                GPIO_ClearOutBits
 .text.GPIO_WriteOutBits
                0x00005694        0xc C:\Users\howard\AppData\Local\Temp\arduino\sketches\10C9CC867DA329D21A4541BD63C64800\core\ht32_fwlib.c.o
                0x00005694                GPIO_WriteOutBits
 .text.AFIO_GPxConfig
                0x000056a0       0x80 C:\Users\howard\AppData\Local\Temp\arduino\sketches\10C9CC867DA329D21A4541BD63C64800\core\ht32_fwlib.c.o
                0x000056a0                AFIO_GPxConfig
 .text.I2C_Init
                0x00005720       0xa0 C:\Users\howard\AppData\Local\Temp\arduino\sketches\10C9CC867DA329D21A4541BD63C64800\core\ht32_fwlib.c.o
                0x00005720                I2C_Init
 .text.I2C_Cmd  0x000057c0       0x14 C:\Users\howard\AppData\Local\Temp\arduino\sketches\10C9CC867DA329D21A4541BD63C64800\core\ht32_fwlib.c.o
                0x000057c0                I2C_Cmd
 .text.I2C_GenerateSTOP
                0x000057d4        0xa C:\Users\howard\AppData\Local\Temp\arduino\sketches\10C9CC867DA329D21A4541BD63C64800\core\ht32_fwlib.c.o
                0x000057d4                I2C_GenerateSTOP
 .text.I2C_IntConfig
                0x000057de       0x12 C:\Users\howard\AppData\Local\Temp\arduino\sketches\10C9CC867DA329D21A4541BD63C64800\core\ht32_fwlib.c.o
                0x000057de                I2C_IntConfig
 .text.I2C_AckCmd
                0x000057f0       0x14 C:\Users\howard\AppData\Local\Temp\arduino\sketches\10C9CC867DA329D21A4541BD63C64800\core\ht32_fwlib.c.o
                0x000057f0                I2C_AckCmd
 .text.I2C_TargetAddressConfig
                0x00005804       0x18 C:\Users\howard\AppData\Local\Temp\arduino\sketches\10C9CC867DA329D21A4541BD63C64800\core\ht32_fwlib.c.o
                0x00005804                I2C_TargetAddressConfig
 .text.I2C_SendData
                0x0000581c        0x4 C:\Users\howard\AppData\Local\Temp\arduino\sketches\10C9CC867DA329D21A4541BD63C64800\core\ht32_fwlib.c.o
                0x0000581c                I2C_SendData
 .text.I2C_ReceiveData
                0x00005820        0x6 C:\Users\howard\AppData\Local\Temp\arduino\sketches\10C9CC867DA329D21A4541BD63C64800\core\ht32_fwlib.c.o
                0x00005820                I2C_ReceiveData
 .text.I2C_ReadRegister
                0x00005826       0x16 C:\Users\howard\AppData\Local\Temp\arduino\sketches\10C9CC867DA329D21A4541BD63C64800\core\ht32_fwlib.c.o
                0x00005826                I2C_ReadRegister
 .text.I2C_GetFlagStatus
                0x0000583c        0xc C:\Users\howard\AppData\Local\Temp\arduino\sketches\10C9CC867DA329D21A4541BD63C64800\core\ht32_fwlib.c.o
                0x0000583c                I2C_GetFlagStatus
 .text.I2C_ClearFlag
                0x00005848        0x4 C:\Users\howard\AppData\Local\Temp\arduino\sketches\10C9CC867DA329D21A4541BD63C64800\core\ht32_fwlib.c.o
                0x00005848                I2C_ClearFlag
 .text.I2C_TimeOutCmd
                0x0000584c       0x1c C:\Users\howard\AppData\Local\Temp\arduino\sketches\10C9CC867DA329D21A4541BD63C64800\core\ht32_fwlib.c.o
                0x0000584c                I2C_TimeOutCmd
 .text.I2C_SetTimeOutValue
                0x00005868        0xc C:\Users\howard\AppData\Local\Temp\arduino\sketches\10C9CC867DA329D21A4541BD63C64800\core\ht32_fwlib.c.o
                0x00005868                I2C_SetTimeOutValue
 .text.I2C_SetTimeOutPrescaler
                0x00005874        0xa C:\Users\howard\AppData\Local\Temp\arduino\sketches\10C9CC867DA329D21A4541BD63C64800\core\ht32_fwlib.c.o
                0x00005874                I2C_SetTimeOutPrescaler
 *fill*         0x0000587e        0x2 
 .text.I2C_CombFilterCmd
                0x00005880       0x1c C:\Users\howard\AppData\Local\Temp\arduino\sketches\10C9CC867DA329D21A4541BD63C64800\core\ht32_fwlib.c.o
                0x00005880                I2C_CombFilterCmd
 .text.I2C_SequentialFilterConfig
                0x0000589c       0x7c C:\Users\howard\AppData\Local\Temp\arduino\sketches\10C9CC867DA329D21A4541BD63C64800\core\ht32_fwlib.c.o
                0x0000589c                I2C_SequentialFilterConfig
 .text.RSTCU_PeripReset
                0x00005918       0x38 C:\Users\howard\AppData\Local\Temp\arduino\sketches\10C9CC867DA329D21A4541BD63C64800\core\ht32_fwlib.c.o
                0x00005918                RSTCU_PeripReset
 .text.I2C_DeInit
                0x00005950       0x44 C:\Users\howard\AppData\Local\Temp\arduino\sketches\10C9CC867DA329D21A4541BD63C64800\core\ht32_fwlib.c.o
                0x00005950                I2C_DeInit
 .text.USART_Init
                0x00005994       0x84 C:\Users\howard\AppData\Local\Temp\arduino\sketches\10C9CC867DA329D21A4541BD63C64800\core\ht32_fwlib.c.o
                0x00005994                USART_Init
 .text.USART_SendData
                0x00005a18        0x4 C:\Users\howard\AppData\Local\Temp\arduino\sketches\10C9CC867DA329D21A4541BD63C64800\core\ht32_fwlib.c.o
                0x00005a18                USART_SendData
 .text.USART_ReceiveData
                0x00005a1c        0x6 C:\Users\howard\AppData\Local\Temp\arduino\sketches\10C9CC867DA329D21A4541BD63C64800\core\ht32_fwlib.c.o
                0x00005a1c                USART_ReceiveData
 .text.USART_GetFlagStatus
                0x00005a22        0xc C:\Users\howard\AppData\Local\Temp\arduino\sketches\10C9CC867DA329D21A4541BD63C64800\core\ht32_fwlib.c.o
                0x00005a22                USART_GetFlagStatus
 .text.USART_GetIntStatus
                0x00005a2e        0xc C:\Users\howard\AppData\Local\Temp\arduino\sketches\10C9CC867DA329D21A4541BD63C64800\core\ht32_fwlib.c.o
                0x00005a2e                USART_GetIntStatus
 .text.USART_ClearFlag
                0x00005a3a        0x8 C:\Users\howard\AppData\Local\Temp\arduino\sketches\10C9CC867DA329D21A4541BD63C64800\core\ht32_fwlib.c.o
                0x00005a3a                USART_ClearFlag
 .text.USART_IntConfig
                0x00005a42       0x12 C:\Users\howard\AppData\Local\Temp\arduino\sketches\10C9CC867DA329D21A4541BD63C64800\core\ht32_fwlib.c.o
                0x00005a42                USART_IntConfig
 .text.USART_TxRxCmd
                0x00005a54       0x18 C:\Users\howard\AppData\Local\Temp\arduino\sketches\10C9CC867DA329D21A4541BD63C64800\core\ht32_fwlib.c.o
                0x00005a54                USART_TxRxCmd
 .text.USBD_PreInit
                0x00005a6c       0x50 C:\Users\howard\AppData\Local\Temp\arduino\sketches\10C9CC867DA329D21A4541BD63C64800\core\ht32_fwlib.c.o
                0x00005a6c                USBD_PreInit
 .text.USBD_DPpullupCmd
                0x00005abc       0x24 C:\Users\howard\AppData\Local\Temp\arduino\sketches\10C9CC867DA329D21A4541BD63C64800\core\ht32_fwlib.c.o
                0x00005abc                USBD_DPpullupCmd
 .text.USBD_DPWakeUpCmd
                0x00005ae0       0x24 C:\Users\howard\AppData\Local\Temp\arduino\sketches\10C9CC867DA329D21A4541BD63C64800\core\ht32_fwlib.c.o
                0x00005ae0                USBD_DPWakeUpCmd
 .text.USBD_DeInit
                0x00005b04       0x20 C:\Users\howard\AppData\Local\Temp\arduino\sketches\10C9CC867DA329D21A4541BD63C64800\core\ht32_fwlib.c.o
                0x00005b04                USBD_DeInit
 .text.USBD_PowerOff
                0x00005b24       0x10 C:\Users\howard\AppData\Local\Temp\arduino\sketches\10C9CC867DA329D21A4541BD63C64800\core\ht32_fwlib.c.o
                0x00005b24                USBD_PowerOff
 .text.USBD_PowerOn
                0x00005b34       0x1c C:\Users\howard\AppData\Local\Temp\arduino\sketches\10C9CC867DA329D21A4541BD63C64800\core\ht32_fwlib.c.o
                0x00005b34                USBD_PowerOn
 .text.USBD_ReadSETUPData
                0x00005b50       0x10 C:\Users\howard\AppData\Local\Temp\arduino\sketches\10C9CC867DA329D21A4541BD63C64800\core\ht32_fwlib.c.o
                0x00005b50                USBD_ReadSETUPData
 .text.USBD_SetAddress
                0x00005b60       0x14 C:\Users\howard\AppData\Local\Temp\arduino\sketches\10C9CC867DA329D21A4541BD63C64800\core\ht32_fwlib.c.o
                0x00005b60                USBD_SetAddress
 .text.USBD_EnableINT
                0x00005b74       0x10 C:\Users\howard\AppData\Local\Temp\arduino\sketches\10C9CC867DA329D21A4541BD63C64800\core\ht32_fwlib.c.o
                0x00005b74                USBD_EnableINT
 .text.USBD_PowerUp
                0x00005b84       0x74 C:\Users\howard\AppData\Local\Temp\arduino\sketches\10C9CC867DA329D21A4541BD63C64800\core\ht32_fwlib.c.o
                0x00005b84                USBD_PowerUp
 .text.USBD_DisableINT
                0x00005bf8       0x10 C:\Users\howard\AppData\Local\Temp\arduino\sketches\10C9CC867DA329D21A4541BD63C64800\core\ht32_fwlib.c.o
                0x00005bf8                USBD_DisableINT
 .text.USBD_GetINT
                0x00005c08       0x14 C:\Users\howard\AppData\Local\Temp\arduino\sketches\10C9CC867DA329D21A4541BD63C64800\core\ht32_fwlib.c.o
                0x00005c08                USBD_GetINT
 .text.USBD_GetEPTnINTNumber
                0x00005c1c       0x22 C:\Users\howard\AppData\Local\Temp\arduino\sketches\10C9CC867DA329D21A4541BD63C64800\core\ht32_fwlib.c.o
                0x00005c1c                USBD_GetEPTnINTNumber
 *fill*         0x00005c3e        0x2 
 .text.USBD_EPTReset
                0x00005c40       0x18 C:\Users\howard\AppData\Local\Temp\arduino\sketches\10C9CC867DA329D21A4541BD63C64800\core\ht32_fwlib.c.o
                0x00005c40                USBD_EPTReset
 .text.USBD_EPTInit
                0x00005c58       0x28 C:\Users\howard\AppData\Local\Temp\arduino\sketches\10C9CC867DA329D21A4541BD63C64800\core\ht32_fwlib.c.o
                0x00005c58                USBD_EPTInit
 .text.USBD_EPTGetINT
                0x00005c80       0x14 C:\Users\howard\AppData\Local\Temp\arduino\sketches\10C9CC867DA329D21A4541BD63C64800\core\ht32_fwlib.c.o
                0x00005c80                USBD_EPTGetINT
 .text.USBD_EPTGetHalt
                0x00005c94       0x24 C:\Users\howard\AppData\Local\Temp\arduino\sketches\10C9CC867DA329D21A4541BD63C64800\core\ht32_fwlib.c.o
                0x00005c94                USBD_EPTGetHalt
 .text.USBD_EPTSetHalt
                0x00005cb8       0x1c C:\Users\howard\AppData\Local\Temp\arduino\sketches\10C9CC867DA329D21A4541BD63C64800\core\ht32_fwlib.c.o
                0x00005cb8                USBD_EPTSetHalt
 .text.USBD_EPTClearHalt
                0x00005cd4       0x18 C:\Users\howard\AppData\Local\Temp\arduino\sketches\10C9CC867DA329D21A4541BD63C64800\core\ht32_fwlib.c.o
                0x00005cd4                USBD_EPTClearHalt
 .text.USBD_EPTClearDTG
                0x00005cec       0x18 C:\Users\howard\AppData\Local\Temp\arduino\sketches\10C9CC867DA329D21A4541BD63C64800\core\ht32_fwlib.c.o
                0x00005cec                USBD_EPTClearDTG
 .text.USBD_EPTGetBuffer0Addr
                0x00005d04       0x1c C:\Users\howard\AppData\Local\Temp\arduino\sketches\10C9CC867DA329D21A4541BD63C64800\core\ht32_fwlib.c.o
                0x00005d04                USBD_EPTGetBuffer0Addr
 .text.USBD_EPTGetBufferLen
                0x00005d20       0x14 C:\Users\howard\AppData\Local\Temp\arduino\sketches\10C9CC867DA329D21A4541BD63C64800\core\ht32_fwlib.c.o
                0x00005d20                USBD_EPTGetBufferLen
 .text.USBD_EPTGetBuffer1Addr
                0x00005d34       0x24 C:\Users\howard\AppData\Local\Temp\arduino\sketches\10C9CC867DA329D21A4541BD63C64800\core\ht32_fwlib.c.o
                0x00005d34                USBD_EPTGetBuffer1Addr
 .text.USBD_EPTGetTransferCount
                0x00005d58       0x18 C:\Users\howard\AppData\Local\Temp\arduino\sketches\10C9CC867DA329D21A4541BD63C64800\core\ht32_fwlib.c.o
                0x00005d58                USBD_EPTGetTransferCount
 .text.USBD_EPTWriteINData
                0x00005d70       0x58 C:\Users\howard\AppData\Local\Temp\arduino\sketches\10C9CC867DA329D21A4541BD63C64800\core\ht32_fwlib.c.o
                0x00005d70                USBD_EPTWriteINData
 .text._USBDCore_ControlIN
                0x00005dc8       0x48 C:\Users\howard\AppData\Local\Temp\arduino\sketches\10C9CC867DA329D21A4541BD63C64800\core\ht32_fwlib.c.o
 .text.USBD_EPTReadMemory
                0x00005e10       0x44 C:\Users\howard\AppData\Local\Temp\arduino\sketches\10C9CC867DA329D21A4541BD63C64800\core\ht32_fwlib.c.o
                0x00005e10                USBD_EPTReadMemory
 .text.USBD_EPTReadOUTData
                0x00005e54       0x28 C:\Users\howard\AppData\Local\Temp\arduino\sketches\10C9CC867DA329D21A4541BD63C64800\core\ht32_fwlib.c.o
                0x00005e54                USBD_EPTReadOUTData
 .text.DAC_ModeConfig
                0x00005e7c        0x4 C:\Users\howard\AppData\Local\Temp\arduino\sketches\10C9CC867DA329D21A4541BD63C64800\core\ht32_fwlib.c.o
                0x00005e7c                DAC_ModeConfig
 .text.DAC_ReferenceConfig
                0x00005e80       0x18 C:\Users\howard\AppData\Local\Temp\arduino\sketches\10C9CC867DA329D21A4541BD63C64800\core\ht32_fwlib.c.o
                0x00005e80                DAC_ReferenceConfig
 .text.DAC_ResolutionConfig
                0x00005e98       0x12 C:\Users\howard\AppData\Local\Temp\arduino\sketches\10C9CC867DA329D21A4541BD63C64800\core\ht32_fwlib.c.o
                0x00005e98                DAC_ResolutionConfig
 .text.DAC_OutBufCmd
                0x00005eaa       0x20 C:\Users\howard\AppData\Local\Temp\arduino\sketches\10C9CC867DA329D21A4541BD63C64800\core\ht32_fwlib.c.o
                0x00005eaa                DAC_OutBufCmd
 .text.DAC_Cmd  0x00005eca       0x1c C:\Users\howard\AppData\Local\Temp\arduino\sketches\10C9CC867DA329D21A4541BD63C64800\core\ht32_fwlib.c.o
                0x00005eca                DAC_Cmd
 *fill*         0x00005ee6        0x2 
 .text.USBDCore_Init
                0x00005ee8       0x1c C:\Users\howard\AppData\Local\Temp\arduino\sketches\10C9CC867DA329D21A4541BD63C64800\core\ht32_fwlib.c.o
                0x00005ee8                USBDCore_Init
 .text.USBDCore_IRQHandler
                0x00005f04      0x39c C:\Users\howard\AppData\Local\Temp\arduino\sketches\10C9CC867DA329D21A4541BD63C64800\core\ht32_fwlib.c.o
                0x00005f04                USBDCore_IRQHandler
 .text.USBDCore_MainRoutine
                0x000062a0       0x42 C:\Users\howard\AppData\Local\Temp\arduino\sketches\10C9CC867DA329D21A4541BD63C64800\core\ht32_fwlib.c.o
                0x000062a0                USBDCore_MainRoutine
 *fill*         0x000062e2        0x2 
 .text.USBDCore_GetStatus
                0x000062e4       0x10 C:\Users\howard\AppData\Local\Temp\arduino\sketches\10C9CC867DA329D21A4541BD63C64800\core\ht32_fwlib.c.o
                0x000062e4                USBDCore_GetStatus
 .text.SystemInit
                0x000062f4      0x134 C:\Users\howard\AppData\Local\Temp\arduino\sketches\10C9CC867DA329D21A4541BD63C64800\core\system_ht32f5xxxx_03.c.o
                0x000062f4                SystemInit
 .text.initVariant
                0x00006428      0x1ac C:\Users\howard\AppData\Local\Temp\arduino\sketches\10C9CC867DA329D21A4541BD63C64800\core\variant.c.o
                0x00006428                initVariant
 .text.__libc_init_array
                0x000065d4       0x48 c:/users/howard/appdata/local/arduino15/packages/arduino/tools/arm-none-eabi-gcc/7-2017q4/bin/../lib/gcc/arm-none-eabi/7.2.1/../../../../arm-none-eabi/lib/thumb/v6-m\libc_nano.a(lib_a-init.o)
                0x000065d4                __libc_init_array
 .text.memset   0x0000661c       0x10 c:/users/howard/appdata/local/arduino15/packages/arduino/tools/arm-none-eabi-gcc/7-2017q4/bin/../lib/gcc/arm-none-eabi/7.2.1/../../../../arm-none-eabi/lib/thumb/v6-m\libc_nano.a(lib_a-memset.o)
                0x0000661c                memset
 *(.glue_7)
 .glue_7        0x0000662c        0x0 linker stubs
 *(.glue_7t)
 .glue_7t       0x0000662c        0x0 linker stubs
 *(.eh_frame)
 .eh_frame      0x0000662c        0x0 c:/users/howard/appdata/local/arduino15/packages/arduino/tools/arm-none-eabi-gcc/7-2017q4/bin/../lib/gcc/arm-none-eabi/7.2.1/thumb/v6-m/crtbegin.o
 *(.init)
 .init          0x0000662c        0x4 c:/users/howard/appdata/local/arduino15/packages/arduino/tools/arm-none-eabi-gcc/7-2017q4/bin/../lib/gcc/arm-none-eabi/7.2.1/thumb/v6-m/crti.o
                0x0000662c                _init
 .init          0x00006630        0x8 c:/users/howard/appdata/local/arduino15/packages/arduino/tools/arm-none-eabi-gcc/7-2017q4/bin/../lib/gcc/arm-none-eabi/7.2.1/thumb/v6-m/crtn.o
 *(.fini)
 .fini          0x00006638        0x4 c:/users/howard/appdata/local/arduino15/packages/arduino/tools/arm-none-eabi-gcc/7-2017q4/bin/../lib/gcc/arm-none-eabi/7.2.1/thumb/v6-m/crti.o
                0x00006638                _fini
 .fini          0x0000663c        0x8 c:/users/howard/appdata/local/arduino15/packages/arduino/tools/arm-none-eabi-gcc/7-2017q4/bin/../lib/gcc/arm-none-eabi/7.2.1/thumb/v6-m/crtn.o
                0x00006644                . = ALIGN (0x4)
                0x00006644                _etext = .

.vfp11_veneer   0x00006644        0x0
 .vfp11_veneer  0x00006644        0x0 linker stubs

.v4_bx          0x00006644        0x0
 .v4_bx         0x00006644        0x0 linker stubs

.iplt           0x00006644        0x0
 .iplt          0x00006644        0x0 c:/users/howard/appdata/local/arduino15/packages/arduino/tools/arm-none-eabi-gcc/7-2017q4/bin/../lib/gcc/arm-none-eabi/7.2.1/thumb/v6-m/crtbegin.o

.rodata         0x00006644      0x540
                0x00006644                . = ALIGN (0x4)
 *(.rodata)
 .rodata        0x00006644       0x40 c:/users/howard/appdata/local/arduino15/packages/arduino/tools/arm-none-eabi-gcc/7-2017q4/bin/../lib/gcc/arm-none-eabi/7.2.1/thumb/v6-m\libgcc.a(mulsf3.o)
 .rodata        0x00006684       0x40 c:/users/howard/appdata/local/arduino15/packages/arduino/tools/arm-none-eabi-gcc/7-2017q4/bin/../lib/gcc/arm-none-eabi/7.2.1/thumb/v6-m\libgcc.a(divdf3.o)
 .rodata        0x000066c4       0x40 c:/users/howard/appdata/local/arduino15/packages/arduino/tools/arm-none-eabi-gcc/7-2017q4/bin/../lib/gcc/arm-none-eabi/7.2.1/thumb/v6-m\libgcc.a(muldf3.o)
 *(.rodata*)
 .rodata._ZTV9USBSerial
                0x00006704       0x24 C:\Users\howard\AppData\Local\Temp\arduino\cores\5eae09ef4b4da70ba1a09c8f6916274a\core.a(USB_VCP.cpp.o)
                0x00006704                vtable for USBSerial
 .rodata._ZTV14HardwareSerial
                0x00006728       0x34 C:\Users\howard\AppData\Local\Temp\arduino\cores\5eae09ef4b4da70ba1a09c8f6916274a\core.a(HardwareSerial.cpp.o)
                0x00006728                vtable for HardwareSerial
 .rodata._ZN5Print10printFloatEdh.str1.1
                0x0000675c        0xc C:\Users\howard\AppData\Local\Temp\arduino\cores\5eae09ef4b4da70ba1a09c8f6916274a\core.a(Print.cpp.o)
 .rodata._ZN5Print7printlnEv.str1.1
                0x00006768        0x3 C:\Users\howard\AppData\Local\Temp\arduino\cores\5eae09ef4b4da70ba1a09c8f6916274a\core.a(Print.cpp.o)
 *fill*         0x0000676b        0x1 
 .rodata.guUSB_StringDescLANGID
                0x0000676c        0x4 C:\Users\howard\AppData\Local\Temp\arduino\cores\5eae09ef4b4da70ba1a09c8f6916274a\core.a(ht32_usbd_descriptor.c.o)
 .rodata.guUSB_StringDescManufacture
                0x00006770        0xe C:\Users\howard\AppData\Local\Temp\arduino\cores\5eae09ef4b4da70ba1a09c8f6916274a\core.a(ht32_usbd_descriptor.c.o)
 *fill*         0x0000677e        0x2 
 .rodata.guUSB_StringDescProduct
                0x00006780       0x1c C:\Users\howard\AppData\Local\Temp\arduino\cores\5eae09ef4b4da70ba1a09c8f6916274a\core.a(ht32_usbd_descriptor.c.o)
 .rodata._Z5init1v.str1.1
                0x0000679c      0x25c C:\Users\howard\AppData\Local\Temp\arduino\sketches\10C9CC867DA329D21A4541BD63C64800\sketch\sketch_dec10a.ino.cpp.o
 .rodata._Z7endgamev.str1.1
                0x000069f8        0x2 C:\Users\howard\AppData\Local\Temp\arduino\sketches\10C9CC867DA329D21A4541BD63C64800\sketch\sketch_dec10a.ino.cpp.o
                                 0x13 (size before relaxing)
 .rodata.setup.str1.1
                0x000069fa       0x30 C:\Users\howard\AppData\Local\Temp\arduino\sketches\10C9CC867DA329D21A4541BD63C64800\sketch\sketch_dec10a.ino.cpp.o
 *fill*         0x00006a2a        0x2 
 .rodata._ZTV7TwoWire
                0x00006a2c       0x24 C:\Users\howard\AppData\Local\Temp\arduino\sketches\10C9CC867DA329D21A4541BD63C64800\libraries\Wire\Wire.cpp.o
                0x00006a2c                vtable for TwoWire
 .rodata.ADC_PinInfo
                0x00006a50       0x1c C:\Users\howard\AppData\Local\Temp\arduino\sketches\10C9CC867DA329D21A4541BD63C64800\core\variant.c.o
                0x00006a50                ADC_PinInfo
 .rodata.pI2CInfo
                0x00006a6c       0x30 C:\Users\howard\AppData\Local\Temp\arduino\sketches\10C9CC867DA329D21A4541BD63C64800\core\variant.c.o
                0x00006a6c                pI2CInfo
 .rodata.pInfo  0x00006a9c       0x7c C:\Users\howard\AppData\Local\Temp\arduino\sketches\10C9CC867DA329D21A4541BD63C64800\core\variant.c.o
                0x00006a9c                pInfo
 .rodata.pUSARTInfo
                0x00006b18       0x6c C:\Users\howard\AppData\Local\Temp\arduino\sketches\10C9CC867DA329D21A4541BD63C64800\core\variant.c.o
                0x00006b18                pUSARTInfo
                0x00006b84                . = ALIGN (0x4)

.rel.dyn        0x00006b84        0x0
 .rel.iplt      0x00006b84        0x0 c:/users/howard/appdata/local/arduino15/packages/arduino/tools/arm-none-eabi-gcc/7-2017q4/bin/../lib/gcc/arm-none-eabi/7.2.1/thumb/v6-m/crtbegin.o

.ARM.extab
 *(.ARM.extab* .gnu.linkonce.armextab.*)

.ARM            0x00006b84        0x0
                0x00006b84                __exidx_start = .
 *(.ARM.exidx*)
                0x00006b84                __exidx_end = .

.preinit_array  0x00006b84        0x0
                0x00006b84                PROVIDE (__preinit_array_start, .)
 *(.preinit_array*)
                0x00006b84                PROVIDE (__preinit_array_end, .)

.init_array     0x00006b84       0x14
                0x00006b84                PROVIDE (__init_array_start, .)
 *(SORT_BY_NAME(.init_array.*))
 .init_array.00101
                0x00006b84        0x4 C:\Users\howard\AppData\Local\Temp\arduino\cores\5eae09ef4b4da70ba1a09c8f6916274a\core.a(main.cpp.o)
 *(.init_array*)
 .init_array    0x00006b88        0x4 c:/users/howard/appdata/local/arduino15/packages/arduino/tools/arm-none-eabi-gcc/7-2017q4/bin/../lib/gcc/arm-none-eabi/7.2.1/thumb/v6-m/crtbegin.o
 .init_array    0x00006b8c        0x4 C:\Users\howard\AppData\Local\Temp\arduino\cores\5eae09ef4b4da70ba1a09c8f6916274a\core.a(USB_VCP.cpp.o)
 .init_array    0x00006b90        0x4 C:\Users\howard\AppData\Local\Temp\arduino\cores\5eae09ef4b4da70ba1a09c8f6916274a\core.a(HardwareSerial.cpp.o)
 .init_array    0x00006b94        0x4 C:\Users\howard\AppData\Local\Temp\arduino\sketches\10C9CC867DA329D21A4541BD63C64800\libraries\Wire\Wire.cpp.o
                0x00006b98                PROVIDE (__init_array_end, .)

.fini_array     0x00006b98        0x4
                [!provide]                PROVIDE (__fini_array_start, .)
 *(SORT_BY_NAME(.fini_array.*))
 *(.fini_array*)
 .fini_array    0x00006b98        0x4 c:/users/howard/appdata/local/arduino15/packages/arduino/tools/arm-none-eabi-gcc/7-2017q4/bin/../lib/gcc/arm-none-eabi/7.2.1/thumb/v6-m/crtbegin.o
                [!provide]                PROVIDE (__fini_array_end, .)
                0x00006b9c                _sidata = LOADADDR (.data)

.data           0x20000000       0xd8 load address 0x00006b9c
                0x20000000                . = ALIGN (0x4)
                0x20000000                _sdata = .
 *(.data)
 *(.data*)
 .data.USBDClassVCPLineCoding
                0x20000000        0x8 C:\Users\howard\AppData\Local\Temp\arduino\cores\5eae09ef4b4da70ba1a09c8f6916274a\core.a(ht32_usbd_class.c.o)
 .data.gIsCDCEPINEmpty
                0x20000008        0x4 C:\Users\howard\AppData\Local\Temp\arduino\cores\5eae09ef4b4da70ba1a09c8f6916274a\core.a(ht32_usbd_class.c.o)
 .data.gIsEP4INEmpty
                0x2000000c        0x4 C:\Users\howard\AppData\Local\Temp\arduino\cores\5eae09ef4b4da70ba1a09c8f6916274a\core.a(ht32_usbd_class.c.o)
                0x2000000c                gIsEP4INEmpty
 .data.gIsEP5INEmpty
                0x20000010        0x4 C:\Users\howard\AppData\Local\Temp\arduino\cores\5eae09ef4b4da70ba1a09c8f6916274a\core.a(ht32_usbd_class.c.o)
                0x20000010                gIsEP5INEmpty
 .data.analog_reference
                0x20000014        0x1 C:\Users\howard\AppData\Local\Temp\arduino\cores\5eae09ef4b4da70ba1a09c8f6916274a\core.a(wiring_analog.c.o)
                0x20000014                analog_reference
 *fill*         0x20000015        0x3 
 .data.gpStringDesc
                0x20000018       0x10 C:\Users\howard\AppData\Local\Temp\arduino\cores\5eae09ef4b4da70ba1a09c8f6916274a\core.a(ht32_usbd_descriptor.c.o)
                0x20000018                gpStringDesc
 .data.guUSB_ConfnDesc
                0x20000028       0x7d C:\Users\howard\AppData\Local\Temp\arduino\cores\5eae09ef4b4da70ba1a09c8f6916274a\core.a(ht32_usbd_descriptor.c.o)
                0x20000028                guUSB_ConfnDesc
 *fill*         0x200000a5        0x3 
 .data.guUSB_DeviceDesc
                0x200000a8       0x12 C:\Users\howard\AppData\Local\Temp\arduino\cores\5eae09ef4b4da70ba1a09c8f6916274a\core.a(ht32_usbd_descriptor.c.o)
                0x200000a8                guUSB_DeviceDesc
 *fill*         0x200000ba        0x2 
 .data.guUSB_StringDescSerialNum
                0x200000bc       0x14 C:\Users\howard\AppData\Local\Temp\arduino\cores\5eae09ef4b4da70ba1a09c8f6916274a\core.a(ht32_usbd_descriptor.c.o)
 .data.gIsFirstPowered
                0x200000d0        0x4 C:\Users\howard\AppData\Local\Temp\arduino\sketches\10C9CC867DA329D21A4541BD63C64800\core\ht32_fwlib.c.o
 .data.SystemCoreClock
                0x200000d4        0x4 C:\Users\howard\AppData\Local\Temp\arduino\sketches\10C9CC867DA329D21A4541BD63C64800\core\system_ht32f5xxxx_03.c.o
                0x200000d4                SystemCoreClock
                0x200000d8                . = ALIGN (0x4)
                0x200000d8                _edata = .

.igot.plt       0x200000d8        0x0 load address 0x00006c74
 .igot.plt      0x200000d8        0x0 c:/users/howard/appdata/local/arduino15/packages/arduino/tools/arm-none-eabi-gcc/7-2017q4/bin/../lib/gcc/arm-none-eabi/7.2.1/thumb/v6-m/crtbegin.o
                0x200000d8                . = ALIGN (0x4)

.bss            0x200000d8     0x1f50
                0x200000d8                _sbss = .
                0x200000d8                __bss_start__ = _sbss
 *(.bss)
 .bss           0x200000d8       0x1c c:/users/howard/appdata/local/arduino15/packages/arduino/tools/arm-none-eabi-gcc/7-2017q4/bin/../lib/gcc/arm-none-eabi/7.2.1/thumb/v6-m/crtbegin.o
 *(.bss*)
 .bss.boostResult
                0x200000f4        0x4 C:\Users\howard\AppData\Local\Temp\arduino\cores\5eae09ef4b4da70ba1a09c8f6916274a\core.a(main.cpp.o)
                0x200000f4                boostResult
 .bss.ChargerMode
                0x200000f8        0x1 C:\Users\howard\AppData\Local\Temp\arduino\cores\5eae09ef4b4da70ba1a09c8f6916274a\core.a(QC20.cpp.o)
                0x200000f8                ChargerMode
 .bss.gUsbStatus
                0x200000f9        0x1 C:\Users\howard\AppData\Local\Temp\arduino\cores\5eae09ef4b4da70ba1a09c8f6916274a\core.a(QC20.cpp.o)
                0x200000f9                gUsbStatus
 *fill*         0x200000fa        0x2 
 .bss.SerialUSB
                0x200000fc      0x218 C:\Users\howard\AppData\Local\Temp\arduino\cores\5eae09ef4b4da70ba1a09c8f6916274a\core.a(USB_VCP.cpp.o)
                0x200000fc                SerialUSB
 .bss.USBSerialisConnect
                0x20000314        0x1 C:\Users\howard\AppData\Local\Temp\arduino\cores\5eae09ef4b4da70ba1a09c8f6916274a\core.a(USB_VCP.cpp.o)
                0x20000314                USBSerialisConnect
 .bss._ZN9USBSerial9_hasBegunE
                0x20000315        0x1 C:\Users\howard\AppData\Local\Temp\arduino\cores\5eae09ef4b4da70ba1a09c8f6916274a\core.a(USB_VCP.cpp.o)
                0x20000315                USBSerial::_hasBegun
 *fill*         0x20000316        0x2 
 .bss.systickCount
                0x20000318        0x4 C:\Users\howard\AppData\Local\Temp\arduino\cores\5eae09ef4b4da70ba1a09c8f6916274a\core.a(delay.c.o)
 .bss.USB_Line_dtr_rts
                0x2000031c        0x1 C:\Users\howard\AppData\Local\Temp\arduino\cores\5eae09ef4b4da70ba1a09c8f6916274a\core.a(ht32_usbd_class.c.o)
 *fill*         0x2000031d        0x3 
 .bss.gCDCEPOUTLen
                0x20000320        0x4 C:\Users\howard\AppData\Local\Temp\arduino\cores\5eae09ef4b4da70ba1a09c8f6916274a\core.a(ht32_usbd_class.c.o)
 .bss.gIsZLP_Require
                0x20000324        0x4 C:\Users\howard\AppData\Local\Temp\arduino\cores\5eae09ef4b4da70ba1a09c8f6916274a\core.a(ht32_usbd_class.c.o)
 .bss.gOutputDataBuffer
                0x20000328       0x40 C:\Users\howard\AppData\Local\Temp\arduino\cores\5eae09ef4b4da70ba1a09c8f6916274a\core.a(ht32_usbd_class.c.o)
 .bss.gRingBuffer
                0x20000368       0x10 C:\Users\howard\AppData\Local\Temp\arduino\cores\5eae09ef4b4da70ba1a09c8f6916274a\core.a(ht32_usbd_class.c.o)
 .bss.gRingDataBuffer
                0x20000378      0x100 C:\Users\howard\AppData\Local\Temp\arduino\cores\5eae09ef4b4da70ba1a09c8f6916274a\core.a(ht32_usbd_class.c.o)
 .bss._OBJ_Serial0
                0x20000478       0x1c C:\Users\howard\AppData\Local\Temp\arduino\cores\5eae09ef4b4da70ba1a09c8f6916274a\core.a(HardwareSerial.cpp.o)
                0x20000478                _OBJ_Serial0
 .bss._OBJ_Serial1
                0x20000494       0x1c C:\Users\howard\AppData\Local\Temp\arduino\cores\5eae09ef4b4da70ba1a09c8f6916274a\core.a(HardwareSerial.cpp.o)
                0x20000494                _OBJ_Serial1
 .bss._OBJ_Serial2
                0x200004b0       0x1c C:\Users\howard\AppData\Local\Temp\arduino\cores\5eae09ef4b4da70ba1a09c8f6916274a\core.a(HardwareSerial.cpp.o)
                0x200004b0                _OBJ_Serial2
 .bss._OBJ_Serial3
                0x200004cc       0x1c C:\Users\howard\AppData\Local\Temp\arduino\cores\5eae09ef4b4da70ba1a09c8f6916274a\core.a(HardwareSerial.cpp.o)
                0x200004cc                _OBJ_Serial3
 .bss._OBJ_Serial4
                0x200004e8       0x1c C:\Users\howard\AppData\Local\Temp\arduino\cores\5eae09ef4b4da70ba1a09c8f6916274a\core.a(HardwareSerial.cpp.o)
                0x200004e8                _OBJ_Serial4
 .bss._OBJ_Serial5
                0x20000504       0x1c C:\Users\howard\AppData\Local\Temp\arduino\cores\5eae09ef4b4da70ba1a09c8f6916274a\core.a(HardwareSerial.cpp.o)
                0x20000504                _OBJ_Serial5
 .bss._OBJ_Serial6
                0x20000520       0x1c C:\Users\howard\AppData\Local\Temp\arduino\cores\5eae09ef4b4da70ba1a09c8f6916274a\core.a(HardwareSerial.cpp.o)
                0x20000520                _OBJ_Serial6
 .bss._OBJ_Serial7
                0x2000053c       0x1c C:\Users\howard\AppData\Local\Temp\arduino\cores\5eae09ef4b4da70ba1a09c8f6916274a\core.a(HardwareSerial.cpp.o)
                0x2000053c                _OBJ_Serial7
 .bss._OBJ_Serial8
                0x20000558       0x1c C:\Users\howard\AppData\Local\Temp\arduino\cores\5eae09ef4b4da70ba1a09c8f6916274a\core.a(HardwareSerial.cpp.o)
                0x20000558                _OBJ_Serial8
 .bss._ZL15gPortBeginTable
                0x20000574        0x5 C:\Users\howard\AppData\Local\Temp\arduino\cores\5eae09ef4b4da70ba1a09c8f6916274a\core.a(HardwareSerial.cpp.o)
 *fill*         0x20000579        0x3 
 .bss._ZL9gRxBuffer
                0x2000057c      0xa28 C:\Users\howard\AppData\Local\Temp\arduino\cores\5eae09ef4b4da70ba1a09c8f6916274a\core.a(HardwareSerial.cpp.o)
 .bss._ZL9gTxBuffer
                0x20000fa4      0xa28 C:\Users\howard\AppData\Local\Temp\arduino\cores\5eae09ef4b4da70ba1a09c8f6916274a\core.a(HardwareSerial.cpp.o)
 .bss.mpu       0x200019cc       0x74 C:\Users\howard\AppData\Local\Temp\arduino\sketches\10C9CC867DA329D21A4541BD63C64800\sketch\sketch_dec10a.ino.cpp.o
                0x200019cc                mpu
 .bss._OBJ_Wire0
                0x20001a40       0x9c C:\Users\howard\AppData\Local\Temp\arduino\sketches\10C9CC867DA329D21A4541BD63C64800\libraries\Wire\Wire.cpp.o
                0x20001a40                _OBJ_Wire0
 .bss._OBJ_Wire1
                0x20001adc       0x9c C:\Users\howard\AppData\Local\Temp\arduino\sketches\10C9CC867DA329D21A4541BD63C64800\libraries\Wire\Wire.cpp.o
                0x20001adc                _OBJ_Wire1
 .bss._OBJ_Wire2
                0x20001b78       0x9c C:\Users\howard\AppData\Local\Temp\arduino\sketches\10C9CC867DA329D21A4541BD63C64800\libraries\Wire\Wire.cpp.o
                0x20001b78                _OBJ_Wire2
 .bss._OBJ_Wire3
                0x20001c14       0x9c C:\Users\howard\AppData\Local\Temp\arduino\sketches\10C9CC867DA329D21A4541BD63C64800\libraries\Wire\Wire.cpp.o
                0x20001c14                _OBJ_Wire3
 .bss._OBJ_Wire4
                0x20001cb0       0x9c C:\Users\howard\AppData\Local\Temp\arduino\sketches\10C9CC867DA329D21A4541BD63C64800\libraries\Wire\Wire.cpp.o
                0x20001cb0                _OBJ_Wire4
 .bss._OBJ_Wire5
                0x20001d4c       0x9c C:\Users\howard\AppData\Local\Temp\arduino\sketches\10C9CC867DA329D21A4541BD63C64800\libraries\Wire\Wire.cpp.o
                0x20001d4c                _OBJ_Wire5
 .bss._ZL16gPortStatusTable
                0x20001de8        0x2 C:\Users\howard\AppData\Local\Temp\arduino\sketches\10C9CC867DA329D21A4541BD63C64800\libraries\Wire\Wire.cpp.o
 *fill*         0x20001dea        0x2 
 .bss._ZL9gRxBuffer
                0x20001dec       0x98 C:\Users\howard\AppData\Local\Temp\arduino\sketches\10C9CC867DA329D21A4541BD63C64800\libraries\Wire\Wire.cpp.o
 .bss._ZL9gTxBuffer
                0x20001e84       0x98 C:\Users\howard\AppData\Local\Temp\arduino\sketches\10C9CC867DA329D21A4541BD63C64800\libraries\Wire\Wire.cpp.o
 .bss.gInterruptErrorCounter
                0x20001f1c        0x4 C:\Users\howard\AppData\Local\Temp\arduino\sketches\10C9CC867DA329D21A4541BD63C64800\libraries\Wire\utility\i2c_master.cpp.o
                0x20001f1c                gInterruptErrorCounter
 *(COMMON)
 COMMON         0x20001f20       0x20 C:\Users\howard\AppData\Local\Temp\arduino\cores\5eae09ef4b4da70ba1a09c8f6916274a\core.a(ht32_usbd_class.c.o)
                0x20001f20                gpUSB_HID_KB_ReportDesc_Index
                0x20001f24                pbootloaderEntry
                0x20001f28                gpUSB_HID_KB_ReportDesc_Len
                0x20001f2a                gpHIDDesOrder
                0x20001f2c                gpUSB_HID_KB_ReportDesc
                0x20001f30                gpUSB_HID_Mouse_ReportDesc_Index
                0x20001f34                gpUSB_HID_Mouse_ReportDesc_Len
                0x20001f38                gpDesOrderIndex
                0x20001f3c                gpUSB_HID_Mouse_ReportDesc
 COMMON         0x20001f40       0xd8 C:\Users\howard\AppData\Local\Temp\arduino\cores\5eae09ef4b4da70ba1a09c8f6916274a\core.a(usb_init.c.o)
                0x20001f40                gUSBCore
                0x20001fd4                gUSBDriver
 COMMON         0x20002018       0x10 C:\Users\howard\AppData\Local\Temp\arduino\sketches\10C9CC867DA329D21A4541BD63C64800\core\ht32_fwlib.c.o
                0x20002018                Rand_Get
                0x2000201c                SDIV32
                0x20002020                pUSBCore
                0x20002024                UDIV32
                0x20002028                . = ALIGN (0x4)
                0x20002028                _ebss = .
                0x20002028                __bss_end__ = _ebss

.heap           0x20002028        0x0
                0x20002028                __end__ = .
                0x20002028                PROVIDE (end, .)
 *(.heap*)
 .heap          0x20002028        0x0 C:\Users\howard\AppData\Local\Temp\arduino\sketches\10C9CC867DA329D21A4541BD63C64800\core\GNU_ARM\startup_ht32fxxxxx_gcc_nn.S.o
                0x20002028                __HeapLimit = .

.stack_dummy    0x20002028      0x200
 *(.stack*)
 .stack         0x20002028      0x200 C:\Users\howard\AppData\Local\Temp\arduino\sketches\10C9CC867DA329D21A4541BD63C64800\core\GNU_ARM\startup_ht32fxxxxx_gcc_nn.S.o
                0x20002028                __HT_check_sp
                0x20008000                __StackTop = (ORIGIN (RAM) + LENGTH (RAM))
                0x20007e00                __StackLimit = (__StackTop - SIZEOF (.stack_dummy))
                0x20008000                PROVIDE (__stack, __StackTop)
                0x20007fff                __ram_end__ = ((ORIGIN (RAM) + LENGTH (RAM)) - 0x1)
                0x00000001                ASSERT ((__StackLimit >= __HeapLimit), region RAM overflowed with stack)

/DISCARD/
 libc.a(*)
 libm.a(*)
 libgcc.a(*)

.ARM.attributes
                0x00000000       0x28
 *(.ARM.attributes)
 .ARM.attributes
                0x00000000       0x1e c:/users/howard/appdata/local/arduino15/packages/arduino/tools/arm-none-eabi-gcc/7-2017q4/bin/../lib/gcc/arm-none-eabi/7.2.1/thumb/v6-m/crti.o
 .ARM.attributes
                0x0000001e       0x2c c:/users/howard/appdata/local/arduino15/packages/arduino/tools/arm-none-eabi-gcc/7-2017q4/bin/../lib/gcc/arm-none-eabi/7.2.1/thumb/v6-m/crtbegin.o
 .ARM.attributes
                0x0000004a       0x32 C:\Users\howard\AppData\Local\Temp\arduino\cores\5eae09ef4b4da70ba1a09c8f6916274a\core.a(main.cpp.o)
 .ARM.attributes
                0x0000007c       0x32 C:\Users\howard\AppData\Local\Temp\arduino\cores\5eae09ef4b4da70ba1a09c8f6916274a\core.a(wiring.c.o)
 .ARM.attributes
                0x000000ae       0x32 C:\Users\howard\AppData\Local\Temp\arduino\cores\5eae09ef4b4da70ba1a09c8f6916274a\core.a(QC20.cpp.o)
 .ARM.attributes
                0x000000e0       0x32 C:\Users\howard\AppData\Local\Temp\arduino\cores\5eae09ef4b4da70ba1a09c8f6916274a\core.a(SerialEvent.cpp.o)
 .ARM.attributes
                0x00000112       0x32 C:\Users\howard\AppData\Local\Temp\arduino\cores\5eae09ef4b4da70ba1a09c8f6916274a\core.a(USB_VCP.cpp.o)
 .ARM.attributes