Archive member included to satisfy reference by file (symbol)

C:\Users\howard\AppData\Local\Temp\arduino\cores\5eae09ef4b4da70ba1a09c8f6916274a\core.a(main.cpp.o)
                              c:/users/howard/appdata/local/arduino15/packages/arduino/tools/arm-none-eabi-gcc/7-2017q4/bin/../lib/gcc/arm-none-eabi/7.2.1/../../../../arm-none-eabi/lib/thumb/v6-m/crt0.o (main)
C:\Users\howard\AppData\Local\Temp\arduino\cores\5eae09ef4b4da70ba1a09c8f6916274a\core.a(wiring.c.o)
                              C:\Users\howard\AppData\Local\Temp\arduino\cores\5eae09ef4b4da70ba1a09c8f6916274a\core.a(main.cpp.o) (init)
C:\Users\howard\AppData\Local\Temp\arduino\cores\5eae09ef4b4da70ba1a09c8f6916274a\core.a(QC20.cpp.o)
                              C:\Users\howard\AppData\Local\Temp\arduino\cores\5eae09ef4b4da70ba1a09c8f6916274a\core.a(main.cpp.o) (QC20::boost(QC20::BOOST_VOLTAGE))
C:\Users\howard\AppData\Local\Temp\arduino\cores\5eae09ef4b4da70ba1a09c8f6916274a\core.a(SerialEvent.cpp.o)
                              C:\Users\howard\AppData\Local\Temp\arduino\cores\5eae09ef4b4da70ba1a09c8f6916274a\core.a(main.cpp.o) (serialEventRun())
C:\Users\howard\AppData\Local\Temp\arduino\cores\5eae09ef4b4da70ba1a09c8f6916274a\core.a(USB_VCP.cpp.o)
                              C:\Users\howard\AppData\Local\Temp\arduino\cores\5eae09ef4b4da70ba1a09c8f6916274a\core.a(SerialEvent.cpp.o) (USBSerial::available())
C:\Users\howard\AppData\Local\Temp\arduino\cores\5eae09ef4b4da70ba1a09c8f6916274a\core.a(delay.c.o)
                              C:\Users\howard\AppData\Local\Temp\arduino\cores\5eae09ef4b4da70ba1a09c8f6916274a\core.a(QC20.cpp.o) (millis)
C:\Users\howard\AppData\Local\Temp\arduino\cores\5eae09ef4b4da70ba1a09c8f6916274a\core.a(hooks.c.o)
                              C:\Users\howard\AppData\Local\Temp\arduino\cores\5eae09ef4b4da70ba1a09c8f6916274a\core.a(delay.c.o) (yield)
C:\Users\howard\AppData\Local\Temp\arduino\cores\5eae09ef4b4da70ba1a09c8f6916274a\core.a(ht32_usbd_class.c.o)
                              C:\Users\howard\AppData\Local\Temp\arduino\cores\5eae09ef4b4da70ba1a09c8f6916274a\core.a(USB_VCP.cpp.o) (USBDClass_CDC_Tx)
C:\Users\howard\AppData\Local\Temp\arduino\cores\5eae09ef4b4da70ba1a09c8f6916274a\core.a(usb_init.c.o)
                              C:\Users\howard\AppData\Local\Temp\arduino\cores\5eae09ef4b4da70ba1a09c8f6916274a\core.a(USB_VCP.cpp.o) (USB_Serial)
C:\Users\howard\AppData\Local\Temp\arduino\cores\5eae09ef4b4da70ba1a09c8f6916274a\core.a(wiring_analog.c.o)
                              C:\Users\howard\AppData\Local\Temp\arduino\cores\5eae09ef4b4da70ba1a09c8f6916274a\core.a(QC20.cpp.o) (adc_read)
C:\Users\howard\AppData\Local\Temp\arduino\cores\5eae09ef4b4da70ba1a09c8f6916274a\core.a(wiring_digital.c.o)
                              C:\Users\howard\AppData\Local\Temp\arduino\cores\5eae09ef4b4da70ba1a09c8f6916274a\core.a(wiring_analog.c.o) (pinMode)
C:\Users\howard\AppData\Local\Temp\arduino\cores\5eae09ef4b4da70ba1a09c8f6916274a\core.a(HardwareSerial.cpp.o)
                              C:\Users\howard\AppData\Local\Temp\arduino\cores\5eae09ef4b4da70ba1a09c8f6916274a\core.a(SerialEvent.cpp.o) (HardwareSerial::available())
C:\Users\howard\AppData\Local\Temp\arduino\cores\5eae09ef4b4da70ba1a09c8f6916274a\core.a(Print.cpp.o)
                              C:\Users\howard\AppData\Local\Temp\arduino\cores\5eae09ef4b4da70ba1a09c8f6916274a\core.a(HardwareSerial.cpp.o) (Print::write(unsigned char const*, unsigned int))
C:\Users\howard\AppData\Local\Temp\arduino\cores\5eae09ef4b4da70ba1a09c8f6916274a\core.a(Stream.cpp.o)
                              C:\Users\howard\AppData\Local\Temp\arduino\cores\5eae09ef4b4da70ba1a09c8f6916274a\core.a(HardwareSerial.cpp.o) (Stream::timedRead())
C:\Users\howard\AppData\Local\Temp\arduino\cores\5eae09ef4b4da70ba1a09c8f6916274a\core.a(WString.cpp.o)
                              C:\Users\howard\AppData\Local\Temp\arduino\cores\5eae09ef4b4da70ba1a09c8f6916274a\core.a(Stream.cpp.o) (String::String(char const*))
C:\Users\howard\AppData\Local\Temp\arduino\cores\5eae09ef4b4da70ba1a09c8f6916274a\core.a(abi.cpp.o)
                              C:\Users\howard\AppData\Local\Temp\arduino\cores\5eae09ef4b4da70ba1a09c8f6916274a\core.a(Print.cpp.o) (__cxa_pure_virtual)
C:\Users\howard\AppData\Local\Temp\arduino\cores\5eae09ef4b4da70ba1a09c8f6916274a\core.a(dtostrf.c.o)
                              C:\Users\howard\AppData\Local\Temp\arduino\cores\5eae09ef4b4da70ba1a09c8f6916274a\core.a(WString.cpp.o) (dtostrf)
C:\Users\howard\AppData\Local\Temp\arduino\cores\5eae09ef4b4da70ba1a09c8f6916274a\core.a(tm_f5xxxxx.c.o)
                              C:\Users\howard\AppData\Local\Temp\arduino\cores\5eae09ef4b4da70ba1a09c8f6916274a\core.a(wiring_analog.c.o) (TM_PWMConfiguration)
C:\Users\howard\AppData\Local\Temp\arduino\cores\5eae09ef4b4da70ba1a09c8f6916274a\core.a(itoa.c.o)
[...]
Memory Configuration

Name             Origin             Length             Attributes
FLASH            0x00000000         0x0003fc00         xr
RAM              0x20000000         0x00008000         xrw
*default*        0x00000000         0xffffffff

Linker script and memory map

LOAD c:/users/howard/appdata/local/arduino15/packages/arduino/tools/arm-none-eabi-gcc/7-2017q4/bin/../lib/gcc/arm-none-eabi/7.2.1/thumb/v6-m/crti.o
LOAD c:/users/howard/appdata/local/arduino15/packages/arduino/tools/arm-none-eabi-gcc/7-2017q4/bin/../lib/gcc/arm-none-eabi/7.2.1/thumb/v6-m/crtbegin.o
LOAD c:/users/howard/appdata/local/arduino15/packages/arduino/tools/arm-none-eabi-gcc/7-2017q4/bin/../lib/gcc/arm-none-eabi/7.2.1/../../../../arm-none-eabi/lib/thumb/v6-m/crt0.o
START GROUP
LOAD C:\Users\howard\AppData\Local\Arduino15\packages\HT32\hardware\HT32\1.2.0\system/library/CMSIS/Lib/GCC/\libarm_cortexM0l_math.a
LOAD C:\Users\howard\AppData\Local\Temp\arduino\cores\5eae09ef4b4da70ba1a09c8f6916274a\core.a
LOAD C:\Users\howard\AppData\Local\Temp\arduino\sketches\2DBEEB7973FB551154CF33477E834E57\sketch\MPU6050_DMP6.ino.cpp.o
LOAD C:\Users\howard\AppData\Local\Temp\arduino\sketches\2DBEEB7973FB551154CF33477E834E57\libraries\MPU6050\I2Cdev.cpp.o
LOAD C:\Users\howard\AppData\Local\Temp\arduino\sketches\2DBEEB7973FB551154CF33477E834E57\libraries\MPU6050\MPU6050.cpp.o
LOAD C:\Users\howard\AppData\Local\Temp\arduino\sketches\2DBEEB7973FB551154CF33477E834E57\libraries\MPU6050\MPU6050_6Axis_MotionApps20.cpp.o
LOAD C:\Users\howard\AppData\Local\Temp\arduino\sketches\2DBEEB7973FB551154CF33477E834E57\libraries\MPU6050\MPU6050_6Axis_MotionApps612.cpp.o
LOAD C:\Users\howard\AppData\Local\Temp\arduino\sketches\2DBEEB7973FB551154CF33477E834E57\libraries\MPU6050\MPU6050_9Axis_MotionApps41.cpp.o
LOAD C:\Users\howard\AppData\Local\Temp\arduino\sketches\2DBEEB7973FB551154CF33477E834E57\libraries\Wire\Wire.cpp.o
LOAD C:\Users\howard\AppData\Local\Temp\arduino\sketches\2DBEEB7973FB551154CF33477E834E57\libraries\Wire\utility\i2c_master.cpp.o
LOAD C:\Users\howard\AppData\Local\Temp\arduino\sketches\2DBEEB7973FB551154CF33477E834E57\libraries\Wire\utility\i2c_slave.cpp.o
LOAD C:\Users\howard\AppData\Local\Temp\arduino\sketches\2DBEEB7973FB551154CF33477E834E57\core\GNU_ARM\startup_ht32fxxxxx_gcc_nn.S.o
LOAD C:\Users\howard\AppData\Local\Temp\arduino\sketches\2DBEEB7973FB551154CF33477E834E57\core\ht32_fwlib.c.o
LOAD C:\Users\howard\AppData\Local\Temp\arduino\sketches\2DBEEB7973FB551154CF33477E834E57\core\system_ht32f5xxxx_03.c.o
LOAD C:\Users\howard\AppData\Local\Temp\arduino\sketches\2DBEEB7973FB551154CF33477E834E57\core\variant.c.o
END GROUP
LOAD c:/users/howard/appdata/local/arduino15/packages/arduino/tools/arm-none-eabi-gcc/7-2017q4/bin/../lib/gcc/arm-none-eabi/7.2.1/../../../../arm-none-eabi/lib/thumb/v6-m\libstdc++_nano.a
LOAD c:/users/howard/appdata/local/arduino15/packages/arduino/tools/arm-none-eabi-gcc/7-2017q4/bin/../lib/gcc/arm-none-eabi/7.2.1/../../../../arm-none-eabi/lib/thumb/v6-m\libm.a
START GROUP
LOAD c:/users/howard/appdata/local/arduino15/packages/arduino/tools/arm-none-eabi-gcc/7-2017q4/bin/../lib/gcc/arm-none-eabi/7.2.1/thumb/v6-m\libgcc.a
LOAD c:/users/howard/appdata/local/arduino15/packages/arduino/tools/arm-none-eabi-gcc/7-2017q4/bin/../lib/gcc/arm-none-eabi/7.2.1/../../../../arm-none-eabi/lib/thumb/v6-m\libc_nano.a
END GROUP
START GROUP
LOAD c:/users/howard/appdata/local/arduino15/packages/arduino/tools/arm-none-eabi-gcc/7-2017q4/bin/../lib/gcc/arm-none-eabi/7.2.1/thumb/v6-m\libgcc.a
LOAD c:/users/howard/appdata/local/arduino15/packages/arduino/tools/arm-none-eabi-gcc/7-2017q4/bin/../lib/gcc/arm-none-eabi/7.2.1/../../../../arm-none-eabi/lib/thumb/v6-m\libc_nano.a
LOAD c:/users/howard/appdata/local/arduino15/packages/arduino/tools/arm-none-eabi-gcc/7-2017q4/bin/../lib/gcc/arm-none-eabi/7.2.1/../../../../arm-none-eabi/lib/thumb/v6-m\libnosys.a
END GROUP
START GROUP
LOAD c:/users/howard/appdata/local/arduino15/packages/arduino/tools/arm-none-eabi-gcc/7-2017q4/bin/../lib/gcc/arm-none-eabi/7.2.1/thumb/v6-m\libgcc.a
LOAD c:/users/howard/appdata/local/arduino15/packages/arduino/tools/arm-none-eabi-gcc/7-2017q4/bin/../lib/gcc/arm-none-eabi/7.2.1/../../../../arm-none-eabi/lib/thumb/v6-m\libc_nano.a
LOAD c:/users/howard/appdata/local/arduino15/packages/arduino/tools/arm-none-eabi-gcc/7-2017q4/bin/../lib/gcc/arm-none-eabi/7.2.1/../../../../arm-none-eabi/lib/thumb/v6-m\libnosys.a
END GROUP
LOAD c:/users/howard/appdata/local/arduino15/packages/arduino/tools/arm-none-eabi-gcc/7-2017q4/bin/../lib/gcc/arm-none-eabi/7.2.1/thumb/v6-m/crtend.o
LOAD c:/users/howard/appdata/local/arduino15/packages/arduino/tools/arm-none-eabi-gcc/7-2017q4/bin/../lib/gcc/arm-none-eabi/7.2.1/thumb/v6-m/crtn.o

.isr_vector     0x00000000       0xc0
                0x00000000                . = ALIGN (0x4)
 *(.isr_vector)
 .isr_vector    0x00000000       0xc0 C:\Users\howard\AppData\Local\Temp\arduino\sketches\2DBEEB7973FB551154CF33477E834E57\core\GNU_ARM\startup_ht32fxxxxx_gcc_nn.S.o
                0x00000000                __interrupt_vector_cortex_m
                0x000000c0                . = ALIGN (0x4)

.text           0x000000c0     0x8ea0
                0x000000c0                . = ALIGN (0x4)
 *(.text)
 .text          0x000000c0       0x48 c:/users/howard/appdata/local/arduino15/packages/arduino/tools/arm-none-eabi-gcc/7-2017q4/bin/../lib/gcc/arm-none-eabi/7.2.1/thumb/v6-m/crtbegin.o
 .text          0x00000108       0x14 c:/users/howard/appdata/local/arduino15/packages/arduino/tools/arm-none-eabi-gcc/7-2017q4/bin/../lib/gcc/arm-none-eabi/7.2.1/thumb/v6-m\libgcc.a(_thumb1_case_uqi.o)
                0x00000108                __gnu_thumb1_case_uqi
 .text          0x0000011c      0x114 c:/users/howard/appdata/local/arduino15/packages/arduino/tools/arm-none-eabi-gcc/7-2017q4/bin/../lib/gcc/arm-none-eabi/7.2.1/thumb/v6-m\libgcc.a(_udivsi3.o)
                0x0000011c                __aeabi_uidiv
                0x0000011c                __udivsi3
                0x00000228                __aeabi_uidivmod
 .text          0x00000230      0x1d4 c:/users/howard/appdata/local/arduino15/packages/arduino/tools/arm-none-eabi-gcc/7-2017q4/bin/../lib/gcc/arm-none-eabi/7.2.1/thumb/v6-m\libgcc.a(_divsi3.o)
                0x00000230                __divsi3
                0x00000230                __aeabi_idiv
                0x000003fc                __aeabi_idivmod
 .text          0x00000404        0x4 c:/users/howard/appdata/local/arduino15/packages/arduino/tools/arm-none-eabi-gcc/7-2017q4/bin/../lib/gcc/arm-none-eabi/7.2.1/thumb/v6-m\libgcc.a(_dvmd_tls.o)
                0x00000404                __aeabi_idiv0
                0x00000404                __aeabi_ldiv0
 .text          0x00000408       0x7c c:/users/howard/appdata/local/arduino15/packages/arduino/tools/arm-none-eabi-gcc/7-2017q4/bin/../lib/gcc/arm-none-eabi/7.2.1/thumb/v6-m\libgcc.a(_arm_cmpdf2.o)
                0x00000408                __aeabi_cdrcmple
                0x00000418                __aeabi_cdcmple
                0x00000418                __aeabi_cdcmpeq
                0x00000428                __aeabi_dcmpeq
                0x00000434                __aeabi_dcmplt
                0x00000448                __aeabi_dcmple
                0x0000045c                __aeabi_dcmpgt
                0x00000470                __aeabi_dcmpge
 .text          0x00000484       0x74 c:/users/howard/appdata/local/arduino15/packages/arduino/tools/arm-none-eabi-gcc/7-2017q4/bin/../lib/gcc/arm-none-eabi/7.2.1/thumb/v6-m\libgcc.a(_arm_cmpsf2.o)
                0x00000484                __aeabi_cfrcmple
                0x0000048c                __aeabi_cfcmpeq
                0x0000048c                __aeabi_cfcmple
                0x0000049c                __aeabi_fcmpeq
                0x000004a8                __aeabi_fcmplt
                0x000004bc                __aeabi_fcmple
                0x000004d0                __aeabi_fcmpgt
                0x000004e4                __aeabi_fcmpge
 .text          0x000004f8       0x30 c:/users/howard/appdata/local/arduino15/packages/arduino/tools/arm-none-eabi-gcc/7-2017q4/bin/../lib/gcc/arm-none-eabi/7.2.1/thumb/v6-m\libgcc.a(_fixunssfsi.o)
                0x000004f8                __fixunssfsi
                0x000004f8                __aeabi_f2uiz
 .text          0x00000528       0x3c c:/users/howard/appdata/local/arduino15/packages/arduino/tools/arm-none-eabi-gcc/7-2017q4/bin/../lib/gcc/arm-none-eabi/7.2.1/thumb/v6-m\libgcc.a(_fixunsdfsi.o)
                0x00000528                __aeabi_d2uiz
                0x00000528                __fixunsdfsi
 .text          0x00000564      0x334 c:/users/howard/appdata/local/arduino15/packages/arduino/tools/arm-none-eabi-gcc/7-2017q4/bin/../lib/gcc/arm-none-eabi/7.2.1/thumb/v6-m\libgcc.a(addsf3.o)
                0x00000564                __aeabi_fadd
 .text          0x00000898      0x224 c:/users/howard/appdata/local/arduino15/packages/arduino/tools/arm-none-eabi-gcc/7-2017q4/bin/../lib/gcc/arm-none-eabi/7.2.1/thumb/v6-m\libgcc.a(divsf3.o)
                0x00000898                __aeabi_fdiv
 .text          0x00000abc       0x50 c:/users/howard/appdata/local/arduino15/packages/arduino/tools/arm-none-eabi-gcc/7-2017q4/bin/../lib/gcc/arm-none-eabi/7.2.1/thumb/v6-m\libgcc.a(eqsf2.o)
                0x00000abc                __eqsf2
                0x00000abc                __nesf2
 .text          0x00000b0c       0x9c c:/users/howard/appdata/local/arduino15/packages/arduino/tools/arm-none-eabi-gcc/7-2017q4/bin/../lib/gcc/arm-none-eabi/7.2.1/thumb/v6-m\libgcc.a(gesf2.o)
                0x00000b0c                __gesf2
                0x00000b0c                __gtsf2
 .text          0x00000ba8       0xa0 c:/users/howard/appdata/local/arduino15/packages/arduino/tools/arm-none-eabi-gcc/7-2017q4/bin/../lib/gcc/arm-none-eabi/7.2.1/thumb/v6-m\libgcc.a(lesf2.o)
                0x00000ba8                __ltsf2
                0x00000ba8                __lesf2
 .text          0x00000c48      0x264 c:/users/howard/appdata/local/arduino15/packages/arduino/tools/arm-none-eabi-gcc/7-2017q4/bin/../lib/gcc/arm-none-eabi/7.2.1/thumb/v6-m\libgcc.a(mulsf3.o)
                0x00000c48                __aeabi_fmul
 .text          0x00000eac      0x388 c:/users/howard/appdata/local/arduino15/packages/arduino/tools/arm-none-eabi-gcc/7-2017q4/bin/../lib/gcc/arm-none-eabi/7.2.1/thumb/v6-m\libgcc.a(subsf3.o)
                0x00000eac                __aeabi_fsub
 .text          0x00001234       0x2c c:/users/howard/appdata/local/arduino15/packages/arduino/tools/arm-none-eabi-gcc/7-2017q4/bin/../lib/gcc/arm-none-eabi/7.2.1/thumb/v6-m\libgcc.a(unordsf2.o)
                0x00001234                __aeabi_fcmpun
 .text          0x00001260       0x40 c:/users/howard/appdata/local/arduino15/packages/arduino/tools/arm-none-eabi-gcc/7-2017q4/bin/../lib/gcc/arm-none-eabi/7.2.1/thumb/v6-m\libgcc.a(fixsfsi.o)
                0x00001260                __aeabi_f2iz
 .text          0x000012a0       0x94 c:/users/howard/appdata/local/arduino15/packages/arduino/tools/arm-none-eabi-gcc/7-2017q4/bin/../lib/gcc/arm-none-eabi/7.2.1/thumb/v6-m\libgcc.a(floatsisf.o)
                0x000012a0                __aeabi_i2f
 .text          0x00001334       0x80 c:/users/howard/appdata/local/arduino15/packages/arduino/tools/arm-none-eabi-gcc/7-2017q4/bin/../lib/gcc/arm-none-eabi/7.2.1/thumb/v6-m\libgcc.a(floatunsisf.o)
                0x00001334                __aeabi_ui2f
 .text          0x000013b4      0x638 c:/users/howard/appdata/local/arduino15/packages/arduino/tools/arm-none-eabi-gcc/7-2017q4/bin/../lib/gcc/arm-none-eabi/7.2.1/thumb/v6-m\libgcc.a(adddf3.o)
                0x000013b4                __aeabi_dadd
 .text          0x000019ec      0x604 c:/users/howard/appdata/local/arduino15/packages/arduino/tools/arm-none-eabi-gcc/7-2017q4/bin/../lib/gcc/arm-none-eabi/7.2.1/thumb/v6-m\libgcc.a(divdf3.o)
                0x000019ec                __aeabi_ddiv
 .text          0x00001ff0       0x78 c:/users/howard/appdata/local/arduino15/packages/arduino/tools/arm-none-eabi-gcc/7-2017q4/bin/../lib/gcc/arm-none-eabi/7.2.1/thumb/v6-m\libgcc.a(eqdf2.o)
                0x00001ff0                __nedf2
                0x00001ff0                __eqdf2
 .text          0x00002068       0xc8 c:/users/howard/appdata/local/arduino15/packages/arduino/tools/arm-none-eabi-gcc/7-2017q4/bin/../lib/gcc/arm-none-eabi/7.2.1/thumb/v6-m\libgcc.a(gedf2.o)
                0x00002068                __gedf2
                0x00002068                __gtdf2
 .text          0x00002130       0xd0 c:/users/howard/appdata/local/arduino15/packages/arduino/tools/arm-none-eabi-gcc/7-2017q4/bin/../lib/gcc/arm-none-eabi/7.2.1/thumb/v6-m\libgcc.a(ledf2.o)
                0x00002130                __ledf2
                0x00002130                __ltdf2
 .text          0x00002200      0x4e4 c:/users/howard/appdata/local/arduino15/packages/arduino/tools/arm-none-eabi-gcc/7-2017q4/bin/../lib/gcc/arm-none-eabi/7.2.1/thumb/v6-m\libgcc.a(muldf3.o)
                0x00002200                __aeabi_dmul
 .text          0x000026e4      0x690 c:/users/howard/appdata/local/arduino15/packages/arduino/tools/arm-none-eabi-gcc/7-2017q4/bin/../lib/gcc/arm-none-eabi/7.2.1/thumb/v6-m\libgcc.a(subdf3.o)
                0x000026e4                __aeabi_dsub
 .text          0x00002d74       0x38 c:/users/howard/appdata/local/arduino15/packages/arduino/tools/arm-none-eabi-gcc/7-2017q4/bin/../lib/gcc/arm-none-eabi/7.2.1/thumb/v6-m\libgcc.a(unorddf2.o)
                0x00002d74                __aeabi_dcmpun
 .text          0x00002dac       0x6c c:/users/howard/appdata/local/arduino15/packages/arduino/tools/arm-none-eabi-gcc/7-2017q4/bin/../lib/gcc/arm-none-eabi/7.2.1/thumb/v6-m\libgcc.a(fixdfsi.o)
                0x00002dac                __aeabi_d2iz
 .text          0x00002e18       0x74 c:/users/howard/appdata/local/arduino15/packages/arduino/tools/arm-none-eabi-gcc/7-2017q4/bin/../lib/gcc/arm-none-eabi/7.2.1/thumb/v6-m\libgcc.a(floatsidf.o)
                0x00002e18                __aeabi_i2d
 .text          0x00002e8c       0x64 c:/users/howard/appdata/local/arduino15/packages/arduino/tools/arm-none-eabi-gcc/7-2017q4/bin/../lib/gcc/arm-none-eabi/7.2.1/thumb/v6-m\libgcc.a(floatunsidf.o)
                0x00002e8c                __aeabi_ui2d
 .text          0x00002ef0       0xa4 c:/users/howard/appdata/local/arduino15/packages/arduino/tools/arm-none-eabi-gcc/7-2017q4/bin/../lib/gcc/arm-none-eabi/7.2.1/thumb/v6-m\libgcc.a(extendsfdf2.o)
                0x00002ef0                __aeabi_f2d
 .text          0x00002f94      0x108 c:/users/howard/appdata/local/arduino15/packages/arduino/tools/arm-none-eabi-gcc/7-2017q4/bin/../lib/gcc/arm-none-eabi/7.2.1/thumb/v6-m\libgcc.a(truncdfsf2.o)
                0x00002f94                __aeabi_d2f
 .text          0x0000309c       0x3c c:/users/howard/appdata/local/arduino15/packages/arduino/tools/arm-none-eabi-gcc/7-2017q4/bin/../lib/gcc/arm-none-eabi/7.2.1/thumb/v6-m\libgcc.a(_clzsi2.o)
                0x0000309c                __clzsi2
 .text          0x000030d8        0xe c:/users/howard/appdata/local/arduino15/packages/arduino/tools/arm-none-eabi-gcc/7-2017q4/bin/../lib/gcc/arm-none-eabi/7.2.1/../../../../arm-none-eabi/lib/thumb/v6-m\libc_nano.a(lib_a-strlen.o)
                0x000030d8                strlen
 *(.text*)
 .text.startup._Z7premainv
                0x000030e6        0xc C:\Users\howard\AppData\Local\Temp\arduino\cores\5eae09ef4b4da70ba1a09c8f6916274a\core.a(main.cpp.o)
                0x000030e6                premain()
 *fill*         0x000030f2        0x2 
 .text.startup.main
                0x000030f4       0x50 C:\Users\howard\AppData\Local\Temp\arduino\cores\5eae09ef4b4da70ba1a09c8f6916274a\core.a(main.cpp.o)
                0x000030f4                main
 .text.init     0x00003144       0x54 C:\Users\howard\AppData\Local\Temp\arduino\cores\5eae09ef4b4da70ba1a09c8f6916274a\core.a(wiring.c.o)
                0x00003144                init
 .text._ZN4QC205boostENS_13BOOST_VOLTAGEE
                0x00003198      0x390 C:\Users\howard\AppData\Local\Temp\arduino\cores\5eae09ef4b4da70ba1a09c8f6916274a\core.a(QC20.cpp.o)
                0x00003198                QC20::boost(QC20::BOOST_VOLTAGE)
 .text._Z14serialEventRunv
                0x00003528      0x11c C:\Users\howard\AppData\Local\Temp\arduino\cores\5eae09ef4b4da70ba1a09c8f6916274a\core.a(SerialEvent.cpp.o)
                0x00003528                serialEventRun()
 .text._ZN9USBSerial5writeEh
                0x00003644       0x14 C:\Users\howard\AppData\Local\Temp\arduino\cores\5eae09ef4b4da70ba1a09c8f6916274a\core.a(USB_VCP.cpp.o)
                0x00003644                USBSerial::write(unsigned char)
 .text._ZN9USBSerial17availableForWriteEv
                0x00003658        0x4 C:\Users\howard\AppData\Local\Temp\arduino\cores\5eae09ef4b4da70ba1a09c8f6916274a\core.a(USB_VCP.cpp.o)
                0x00003658                USBSerial::availableForWrite()
 .text._ZN9USBSerial4peekEv
                0x0000365c       0x1a C:\Users\howard\AppData\Local\Temp\arduino\cores\5eae09ef4b4da70ba1a09c8f6916274a\core.a(USB_VCP.cpp.o)
                0x0000365c                USBSerial::peek()
 .text._ZN9USBSerial4readEv
                0x00003676       0x1c C:\Users\howard\AppData\Local\Temp\arduino\cores\5eae09ef4b4da70ba1a09c8f6916274a\core.a(USB_VCP.cpp.o)
                0x00003676                USBSerial::read()
 .text._ZN9USBSerial5flushEv
                0x00003692        0xc C:\Users\howard\AppData\Local\Temp\arduino\cores\5eae09ef4b4da70ba1a09c8f6916274a\core.a(USB_VCP.cpp.o)
                0x00003692                USBSerial::flush()
 .text._ZN9USBSerial9availableEv
                0x0000369e        0x8 C:\Users\howard\AppData\Local\Temp\arduino\cores\5eae09ef4b4da70ba1a09c8f6916274a\core.a(USB_VCP.cpp.o)
                0x0000369e                USBSerial::available()
 .text._ZN9USBSerial5writeEPKhj
                0x000036a6       0x3e C:\Users\howard\AppData\Local\Temp\arduino\cores\5eae09ef4b4da70ba1a09c8f6916274a\core.a(USB_VCP.cpp.o)
                0x000036a6                USBSerial::write(unsigned char const*, unsigned int)
 .text._ZN9USBSerial5beginEv
                0x000036e4       0x18 C:\Users\howard\AppData\Local\Temp\arduino\cores\5eae09ef4b4da70ba1a09c8f6916274a\core.a(USB_VCP.cpp.o)
                0x000036e4                USBSerial::begin()
 .text.startup._GLOBAL__sub_I_USBSerialisConnect
                0x000036fc       0x38 C:\Users\howard\AppData\Local\Temp\arduino\cores\5eae09ef4b4da70ba1a09c8f6916274a\core.a(USB_VCP.cpp.o)
 .text.SysTick_DefaultHandler
                0x00003734       0x10 C:\Users\howard\AppData\Local\Temp\arduino\cores\5eae09ef4b4da70ba1a09c8f6916274a\core.a(delay.c.o)
                0x00003734                SysTick_DefaultHandler
 .text.SysTick_Handler
                0x00003744       0x30 C:\Users\howard\AppData\Local\Temp\arduino\cores\5eae09ef4b4da70ba1a09c8f6916274a\core.a(delay.c.o)
                0x00003744                SysTick_Handler
 .text.millis   0x00003774        0xc C:\Users\howard\AppData\Local\Temp\arduino\cores\5eae09ef4b4da70ba1a09c8f6916274a\core.a(delay.c.o)
                0x00003774                millis
 .text.micros   0x00003780       0x60 C:\Users\howard\AppData\Local\Temp\arduino\cores\5eae09ef4b4da70ba1a09c8f6916274a\core.a(delay.c.o)
                0x00003780                micros
 .text.delay    0x000037e0       0x48 C:\Users\howard\AppData\Local\Temp\arduino\cores\5eae09ef4b4da70ba1a09c8f6916274a\core.a(delay.c.o)
                0x000037e0                delay
 .text.__empty  0x00003828        0x2 C:\Users\howard\AppData\Local\Temp\arduino\cores\5eae09ef4b4da70ba1a09c8f6916274a\core.a(hooks.c.o)
                0x00003828                yield
 .text.__false  0x0000382a        0x4 C:\Users\howard\AppData\Local\Temp\arduino\cores\5eae09ef4b4da70ba1a09c8f6916274a\core.a(hooks.c.o)
                0x0000382a                sysTickHook
 *fill*         0x0000382e        0x2 
 .text.USBDClass_Reset
                0x00003830       0x28 C:\Users\howard\AppData\Local\Temp\arduino\cores\5eae09ef4b4da70ba1a09c8f6916274a\core.a(ht32_usbd_class.c.o)
 .text.USBDClass_Endpoint1
                0x00003858        0xc C:\Users\howard\AppData\Local\Temp\arduino\cores\5eae09ef4b4da70ba1a09c8f6916274a\core.a(ht32_usbd_class.c.o)
 .text.USBDClass_Endpoint2
                0x00003864        0x2 C:\Users\howard\AppData\Local\Temp\arduino\cores\5eae09ef4b4da70ba1a09c8f6916274a\core.a(ht32_usbd_class.c.o)
 *fill*         0x00003866        0x2 
 .text.USBDClass_Endpoint4
                0x00003868        0xc C:\Users\howard\AppData\Local\Temp\arduino\cores\5eae09ef4b4da70ba1a09c8f6916274a\core.a(ht32_usbd_class.c.o)
 .text.USBDClass_Endpoint5
                0x00003874        0xc C:\Users\howard\AppData\Local\Temp\arduino\cores\5eae09ef4b4da70ba1a09c8f6916274a\core.a(ht32_usbd_class.c.o)
 .text.USBDClass_Request
                0x00003880       0xa8 C:\Users\howard\AppData\Local\Temp\arduino\cores\5eae09ef4b4da70ba1a09c8f6916274a\core.a(ht32_usbd_class.c.o)
 .text.USBDClass_Standard_GetDescriptor
                0x00003928       0x68 C:\Users\howard\AppData\Local\Temp\arduino\cores\5eae09ef4b4da70ba1a09c8f6916274a\core.a(ht32_usbd_class.c.o)
 .text.Buffer_ReadByte
                0x00003990       0x28 C:\Users\howard\AppData\Local\Temp\arduino\cores\5eae09ef4b4da70ba1a09c8f6916274a\core.a(ht32_usbd_class.c.o)
                0x00003990                Buffer_ReadByte
 .text.Buffer_WriteByte
                0x000039b8       0x42 C:\Users\howard\AppData\Local\Temp\arduino\cores\5eae09ef4b4da70ba1a09c8f6916274a\core.a(ht32_usbd_class.c.o)
                0x000039b8                Buffer_WriteByte
 .text.Buffer_Read
                0x000039fa       0x22 C:\Users\howard\AppData\Local\Temp\arduino\cores\5eae09ef4b4da70ba1a09c8f6916274a\core.a(ht32_usbd_class.c.o)
                0x000039fa                Buffer_Read
 .text.Buffer_Write
                0x00003a1c       0x26 C:\Users\howard\AppData\Local\Temp\arduino\cores\5eae09ef4b4da70ba1a09c8f6916274a\core.a(ht32_usbd_class.c.o)
                0x00003a1c                Buffer_Write
 .text.Buffer_GetLength
                0x00003a42       0x16 C:\Users\howard\AppData\Local\Temp\arduino\cores\5eae09ef4b4da70ba1a09c8f6916274a\core.a(ht32_usbd_class.c.o)
                0x00003a42                Buffer_GetLength
 .text.USBDClass_Endpoint3
                0x00003a58       0x48 C:\Users\howard\AppData\Local\Temp\arduino\cores\5eae09ef4b4da70ba1a09c8f6916274a\core.a(ht32_usbd_class.c.o)
 .text.USBDClass_Init
                0x00003aa0       0x5c C:\Users\howard\AppData\Local\Temp\arduino\cores\5eae09ef4b4da70ba1a09c8f6916274a\core.a(ht32_usbd_class.c.o)
                0x00003aa0                USBDClass_Init
 .text.USBDClass_CDC_Tx
                0x00003afc       0x94 C:\Users\howard\AppData\Local\Temp\arduino\cores\5eae09ef4b4da70ba1a09c8f6916274a\core.a(ht32_usbd_class.c.o)
                0x00003afc                USBDClass_CDC_Tx
 .text.USB_Serial_rx
                0x00003b90       0x3c C:\Users\howard\AppData\Local\Temp\arduino\cores\5eae09ef4b4da70ba1a09c8f6916274a\core.a(ht32_usbd_class.c.o)
                0x00003b90                USB_Serial_rx
 .text.USB_Serial_peek
                0x00003bcc       0x28 C:\Users\howard\AppData\Local\Temp\arduino\cores\5eae09ef4b4da70ba1a09c8f6916274a\core.a(ht32_usbd_class.c.o)
                0x00003bcc                USB_Serial_peek
 .text.USB_CDC_avilable
                0x00003bf4       0x10 C:\Users\howard\AppData\Local\Temp\arduino\cores\5eae09ef4b4da70ba1a09c8f6916274a\core.a(ht32_usbd_class.c.o)
                0x00003bf4                USB_CDC_avilable
 .text.USB_CDC_flush
                0x00003c04        0xc C:\Users\howard\AppData\Local\Temp\arduino\cores\5eae09ef4b4da70ba1a09c8f6916274a\core.a(ht32_usbd_class.c.o)
                0x00003c04                USB_CDC_flush
 .text.USB_Connected
                0x00003c10        0xe C:\Users\howard\AppData\Local\Temp\arduino\cores\5eae09ef4b4da70ba1a09c8f6916274a\core.a(ht32_usbd_class.c.o)
                0x00003c10                USB_Connected
 .text.USB_Configured
                0x00003c1e       0x10 C:\Users\howard\AppData\Local\Temp\arduino\cores\5eae09ef4b4da70ba1a09c8f6916274a\core.a(ht32_usbd_class.c.o)
                0x00003c1e                USB_Configured
 *fill*         0x00003c2e        0x2 
 .text.USB_IRQHandler
                0x00003c30       0x10 C:\Users\howard\AppData\Local\Temp\arduino\cores\5eae09ef4b4da70ba1a09c8f6916274a\core.a(usb_init.c.o)
                0x00003c30                USB_IRQHandler
 .text.USBPLL_Configuration
                0x00003c40       0x30 C:\Users\howard\AppData\Local\Temp\arduino\cores\5eae09ef4b4da70ba1a09c8f6916274a\core.a(usb_init.c.o)
                0x00003c40                USBPLL_Configuration
 .text.USB_Serial
                0x00003c70       0xc4 C:\Users\howard\AppData\Local\Temp\arduino\cores\5eae09ef4b4da70ba1a09c8f6916274a\core.a(usb_init.c.o)
                0x00003c70                USB_Serial
 .text.adc_read
                0x00003d34      0x114 C:\Users\howard\AppData\Local\Temp\arduino\cores\5eae09ef4b4da70ba1a09c8f6916274a\core.a(wiring_analog.c.o)
                0x00003d34                adc_read
 .text.pinMode  0x00003e48      0x138 C:\Users\howard\AppData\Local\Temp\arduino\cores\5eae09ef4b4da70ba1a09c8f6916274a\core.a(wiring_digital.c.o)
                0x00003e48                pinMode
 .text.digitalWrite
                0x00003f80       0x74 C:\Users\howard\AppData\Local\Temp\arduino\cores\5eae09ef4b4da70ba1a09c8f6916274a\core.a(wiring_digital.c.o)
                0x00003f80                digitalWrite
 .text._ZN14HardwareSerialcvbEv
                0x00003ff4        0x4 C:\Users\howard\AppData\Local\Temp\arduino\cores\5eae09ef4b4da70ba1a09c8f6916274a\core.a(HardwareSerial.cpp.o)
                0x00003ff4                HardwareSerial::operator bool()
 .text._ZN14HardwareSerial5writeEh
                0x00003ff8        0xc C:\Users\howard\AppData\Local\Temp\arduino\cores\5eae09ef4b4da70ba1a09c8f6916274a\core.a(HardwareSerial.cpp.o)
                0x00003ff8                HardwareSerial::write(unsigned char)
 .text._ZN14HardwareSerial8write_chEh
                0x00004004       0x28 C:\Users\howard\AppData\Local\Temp\arduino\cores\5eae09ef4b4da70ba1a09c8f6916274a\core.a(HardwareSerial.cpp.o)
                0x00004004                HardwareSerial::write_ch(unsigned char)
 .text._ZN14HardwareSerial17availableForWriteEv
                0x0000402c       0x44 C:\Users\howard\AppData\Local\Temp\arduino\cores\5eae09ef4b4da70ba1a09c8f6916274a\core.a(HardwareSerial.cpp.o)
                0x0000402c                HardwareSerial::availableForWrite()
 .text._ZN14HardwareSerial4peekEv
                0x00004070       0x48 C:\Users\howard\AppData\Local\Temp\arduino\cores\5eae09ef4b4da70ba1a09c8f6916274a\core.a(HardwareSerial.cpp.o)
                0x00004070                HardwareSerial::peek()
 .text._ZN14HardwareSerialC2Ej
                0x000040b8       0x2c C:\Users\howard\AppData\Local\Temp\arduino\cores\5eae09ef4b4da70ba1a09c8f6916274a\core.a(HardwareSerial.cpp.o)
                0x000040b8                HardwareSerial::HardwareSerial(unsigned int)
                0x000040b8                HardwareSerial::HardwareSerial(unsigned int)
 .text._Z13SelectStopBitt
                0x000040e4        0xe C:\Users\howard\AppData\Local\Temp\arduino\cores\5eae09ef4b4da70ba1a09c8f6916274a\core.a(HardwareSerial.cpp.o)
                0x000040e4                SelectStopBit(unsigned short)
 .text._Z16SelectDateLengtht
                0x000040f2       0x18 C:\Users\howard\AppData\Local\Temp\arduino\cores\5eae09ef4b4da70ba1a09c8f6916274a\core.a(HardwareSerial.cpp.o)
                0x000040f2                SelectDateLength(unsigned short)
 *fill*         0x0000410a        0x2 
 .text._Z12SelectParityt
                0x0000410c       0x24 C:\Users\howard\AppData\Local\Temp\arduino\cores\5eae09ef4b4da70ba1a09c8f6916274a\core.a(HardwareSerial.cpp.o)
                0x0000410c                SelectParity(unsigned short)
 .text._ZN14HardwareSerial5beginEmt
                0x00004130      0x168 C:\Users\howard\AppData\Local\Temp\arduino\cores\5eae09ef4b4da70ba1a09c8f6916274a\core.a(HardwareSerial.cpp.o)
                0x00004130                HardwareSerial::begin(unsigned long, unsigned short)
 .text._ZN14HardwareSerial5beginEm
                0x00004298        0xc C:\Users\howard\AppData\Local\Temp\arduino\cores\5eae09ef4b4da70ba1a09c8f6916274a\core.a(HardwareSerial.cpp.o)
                0x00004298                HardwareSerial::begin(unsigned long)
 .text._ZN11RingBufferNILi256EE9availableEv
                0x000042a4       0x16 C:\Users\howard\AppData\Local\Temp\arduino\cores\5eae09ef4b4da70ba1a09c8f6916274a\core.a(HardwareSerial.cpp.o)
                0x000042a4                RingBufferN<256>::available()
 *fill*         0x000042ba        0x2 
 .text._ZN14HardwareSerial9availableEv
                0x000042bc       0x24 C:\Users\howard\AppData\Local\Temp\arduino\cores\5eae09ef4b4da70ba1a09c8f6916274a\core.a(HardwareSerial.cpp.o)
                0x000042bc                HardwareSerial::available()
 .text._ZN14HardwareSerial6lengthEv
                0x000042e0       0x24 C:\Users\howard\AppData\Local\Temp\arduino\cores\5eae09ef4b4da70ba1a09c8f6916274a\core.a(HardwareSerial.cpp.o)
                0x000042e0                HardwareSerial::length()
 .text._ZN11RingBufferNILi256EE4readEv
                0x00004304       0x2e C:\Users\howard\AppData\Local\Temp\arduino\cores\5eae09ef4b4da70ba1a09c8f6916274a\core.a(HardwareSerial.cpp.o)
                0x00004304                RingBufferN<256>::read()
 *fill*         0x00004332        0x2 
 .text._ZN14HardwareSerial4readEv
                0x00004334       0x24 C:\Users\howard\AppData\Local\Temp\arduino\cores\5eae09ef4b4da70ba1a09c8f6916274a\core.a(HardwareSerial.cpp.o)
                0x00004334                HardwareSerial::read()
 .text._ZN14HardwareSerial5flushEv
                0x00004358       0x80 C:\Users\howard\AppData\Local\Temp\arduino\cores\5eae09ef4b4da70ba1a09c8f6916274a\core.a(HardwareSerial.cpp.o)
                0x00004358                HardwareSerial::flush()
 .text._Z14UartIrqHandlerP16HT_USART_TypeDefi
                0x000043d8       0xe0 C:\Users\howard\AppData\Local\Temp\arduino\cores\5eae09ef4b4da70ba1a09c8f6916274a\core.a(HardwareSerial.cpp.o)
                0x000043d8                UartIrqHandler(HT_USART_TypeDef*, int)
 .text._ZN14HardwareSerial10IrqHandlerEv
                0x000044b8       0x12 C:\Users\howard\AppData\Local\Temp\arduino\cores\5eae09ef4b4da70ba1a09c8f6916274a\core.a(HardwareSerial.cpp.o)
                0x000044b8                HardwareSerial::IrqHandler()
 *fill*         0x000044ca        0x2 
 .text.USART0_IRQHandler
                0x000044cc       0x24 C:\Users\howard\AppData\Local\Temp\arduino\cores\5eae09ef4b4da70ba1a09c8f6916274a\core.a(HardwareSerial.cpp.o)
                0x000044cc                USART0_IRQHandler
 .text.USART1_IRQHandler
                0x000044f0       0x10 C:\Users\howard\AppData\Local\Temp\arduino\cores\5eae09ef4b4da70ba1a09c8f6916274a\core.a(HardwareSerial.cpp.o)
                0x000044f0                USART1_IRQHandler
 .text.UART0_UART2_IRQHandler
                0x00004500       0x10 C:\Users\howard\AppData\Local\Temp\arduino\cores\5eae09ef4b4da70ba1a09c8f6916274a\core.a(HardwareSerial.cpp.o)
                0x00004500                UART0_UART2_IRQHandler
 .text.UART1_UART3_IRQHandler
                0x00004510       0x2c C:\Users\howard\AppData\Local\Temp\arduino\cores\5eae09ef4b4da70ba1a09c8f6916274a\core.a(HardwareSerial.cpp.o)
                0x00004510                UART1_UART3_IRQHandler
 .text._ZN14HardwareSerial5writeEt
                0x0000453c      0x11c C:\Users\howard\AppData\Local\Temp\arduino\cores\5eae09ef4b4da70ba1a09c8f6916274a\core.a(HardwareSerial.cpp.o)
                0x0000453c                HardwareSerial::write(unsigned short)
 .text.startup._GLOBAL__sub_I__ZN14HardwareSerialC2Ej
                0x00004658       0xcc C:\Users\howard\AppData\Local\Temp\arduino\cores\5eae09ef4b4da70ba1a09c8f6916274a\core.a(HardwareSerial.cpp.o)
 .text._ZN5Print17availableForWriteEv
                0x00004724        0x4 C:\Users\howard\AppData\Local\Temp\arduino\cores\5eae09ef4b4da70ba1a09c8f6916274a\core.a(Print.cpp.o)
                0x00004724                Print::availableForWrite()
 .text._ZN5Print5writeEPKhj
                0x00004728       0x28 C:\Users\howard\AppData\Local\Temp\arduino\cores\5eae09ef4b4da70ba1a09c8f6916274a\core.a(Print.cpp.o)
                0x00004728                Print::write(unsigned char const*, unsigned int)
 .text._ZN5Print5writeEPKc.part.2
                0x00004750       0x1a C:\Users\howard\AppData\Local\Temp\arduino\cores\5eae09ef4b4da70ba1a09c8f6916274a\core.a(Print.cpp.o)
 .text._ZN5Print5writeEPKc
                0x0000476a       0x10 C:\Users\howard\AppData\Local\Temp\arduino\cores\5eae09ef4b4da70ba1a09c8f6916274a\core.a(Print.cpp.o)
                0x0000476a                Print::write(char const*)
 .text._ZN5Print5printEPK19__FlashStringHelper
                0x0000477a        0x8 C:\Users\howard\AppData\Local\Temp\arduino\cores\5eae09ef4b4da70ba1a09c8f6916274a\core.a(Print.cpp.o)
                0x0000477a                Print::print(__FlashStringHelper const*)
 .text._ZN5Print5printEPKc
                0x00004782        0x8 C:\Users\howard\AppData\Local\Temp\arduino\cores\5eae09ef4b4da70ba1a09c8f6916274a\core.a(Print.cpp.o)
                0x00004782                Print::print(char const*)
 .text._ZN5Print5printEc
                0x0000478a        0xa C:\Users\howard\AppData\Local\Temp\arduino\cores\5eae09ef4b4da70ba1a09c8f6916274a\core.a(Print.cpp.o)
                0x0000478a                Print::print(char)
 .text._ZN5Print7printlnEv
                0x00004794       0x10 C:\Users\howard\AppData\Local\Temp\arduino\cores\5eae09ef4b4da70ba1a09c8f6916274a\core.a(Print.cpp.o)
                0x00004794                Print::println()
 .text._ZN5Print7printlnEPK19__FlashStringHelper
                0x000047a4       0x14 C:\Users\howard\AppData\Local\Temp\arduino\cores\5eae09ef4b4da70ba1a09c8f6916274a\core.a(Print.cpp.o)
                0x000047a4                Print::println(__FlashStringHelper const*)
 .text._ZN5Print7printlnEPKc
                0x000047b8       0x14 C:\Users\howard\AppData\Local\Temp\arduino\cores\5eae09ef4b4da70ba1a09c8f6916274a\core.a(Print.cpp.o)
                0x000047b8                Print::println(char const*)
 .text._ZN5Print11printNumberEmh
                0x000047cc       0x48 C:\Users\howard\AppData\Local\Temp\arduino\cores\5eae09ef4b4da70ba1a09c8f6916274a\core.a(Print.cpp.o)
                0x000047cc                Print::printNumber(unsigned long, unsigned char)
 .text._ZN5Print5printEli
                0x00004814       0x3e C:\Users\howard\AppData\Local\Temp\arduino\cores\5eae09ef4b4da70ba1a09c8f6916274a\core.a(Print.cpp.o)
                0x00004814                Print::print(long, int)
 .text._ZN5Print5printEii
                0x00004852        0x8 C:\Users\howard\AppData\Local\Temp\arduino\cores\5eae09ef4b4da70ba1a09c8f6916274a\core.a(Print.cpp.o)
                0x00004852                Print::print(int, int)
 .text._ZN5Print5printEmi
                0x0000485a       0x18 C:\Users\howard\AppData\Local\Temp\arduino\cores\5eae09ef4b4da70ba1a09c8f6916274a\core.a(Print.cpp.o)
                0x0000485a                Print::print(unsigned long, int)
 .text._ZN5Print5printEhi
                0x00004872        0x8 C:\Users\howard\AppData\Local\Temp\arduino\cores\5eae09ef4b4da70ba1a09c8f6916274a\core.a(Print.cpp.o)
                0x00004872                Print::print(unsigned char, int)
 *fill*         0x0000487a        0x2 
 .text._ZN5Print10printFloatEdh
                0x0000487c      0x168 C:\Users\howard\AppData\Local\Temp\arduino\cores\5eae09ef4b4da70ba1a09c8f6916274a\core.a(Print.cpp.o)
                0x0000487c                Print::printFloat(double, unsigned char)
 .text._ZN5Print5printEdi
                0x000049e4       0x12 C:\Users\howard\AppData\Local\Temp\arduino\cores\5eae09ef4b4da70ba1a09c8f6916274a\core.a(Print.cpp.o)
                0x000049e4                Print::print(double, int)
 .text._ZN5Print7printlnEdi
                0x000049f6       0x20 C:\Users\howard\AppData\Local\Temp\arduino\cores\5eae09ef4b4da70ba1a09c8f6916274a\core.a(Print.cpp.o)
                0x000049f6                Print::println(double, int)
 *fill*         0x00004a16        0x2 
 .text.USBDDesc_Init
                0x00004a18       0x20 C:\Users\howard\AppData\Local\Temp\arduino\cores\5eae09ef4b4da70ba1a09c8f6916274a\core.a(ht32_usbd_descriptor.c.o)
                0x00004a18                USBDDesc_Init
 .text._Z12DMPDataReadyv
                0x00004a38        0xc C:\Users\howard\AppData\Local\Temp\arduino\sketches\2DBEEB7973FB551154CF33477E834E57\sketch\MPU6050_DMP6.ino.cpp.o
                0x00004a38                DMPDataReady()
 .text.loop     0x00004a44      0x104 C:\Users\howard\AppData\Local\Temp\arduino\sketches\2DBEEB7973FB551154CF33477E834E57\sketch\MPU6050_DMP6.ino.cpp.o
                0x00004a44                loop
 .text.startup._GLOBAL__sub_I_mpu
                0x00004b48       0x64 C:\Users\howard\AppData\Local\Temp\arduino\sketches\2DBEEB7973FB551154CF33477E834E57\sketch\MPU6050_DMP6.ino.cpp.o
 .text.setup    0x00004bac      0x1d8 C:\Users\howard\AppData\Local\Temp\arduino\sketches\2DBEEB7973FB551154CF33477E834E57\sketch\MPU6050_DMP6.ino.cpp.o
                0x00004bac                setup
 .text._ZN6I2Cdev9readBytesEhhhPhtPv
                0x00004d84       0xc0 C:\Users\howard\AppData\Local\Temp\arduino\sketches\2DBEEB7973FB551154CF33477E834E57\libraries\MPU6050\I2Cdev.cpp.o
                0x00004d84                I2Cdev::readBytes(unsigned char, unsigned char, unsigned char, unsigned char*, unsigned short, void*)
 .text._ZN6I2Cdev8readByteEhhPhtPv
                0x00004e44       0x12 C:\Users\howard\AppData\Local\Temp\arduino\sketches\2DBEEB7973FB551154CF33477E834E57\libraries\MPU6050\I2Cdev.cpp.o
                0x00004e44                I2Cdev::readByte(unsigned char, unsigned char, unsigned char*, unsigned short, void*)
 .text._ZN6I2Cdev8readBitsEhhhhPhtPv
                0x00004e56       0x38 C:\Users\howard\AppData\Local\Temp\arduino\sketches\2DBEEB7973FB551154CF33477E834E57\libraries\MPU6050\I2Cdev.cpp.o
                0x00004e56                I2Cdev::readBits(unsigned char, unsigned char, unsigned char, unsigned char, unsigned char*, unsigned short, void*)
 *fill*         0x00004e8e        0x2 
 .text._ZN6I2Cdev9readWordsEhhhPttPv
                0x00004e90       0xf8 C:\Users\howard\AppData\Local\Temp\arduino\sketches\2DBEEB7973FB551154CF33477E834E57\libraries\MPU6050\I2Cdev.cpp.o
                0x00004e90                I2Cdev::readWords(unsigned char, unsigned char, unsigned char, unsigned short*, unsigned short, void*)
 .text._ZN6I2Cdev10writeBytesEhhhPhPv
                0x00004f88       0x4c C:\Users\howard\AppData\Local\Temp\arduino\sketches\2DBEEB7973FB551154CF33477E834E57\libraries\MPU6050\I2Cdev.cpp.o
                0x00004f88                I2Cdev::writeBytes(unsigned char, unsigned char, unsigned char, unsigned char*, void*)
 .text._ZN6I2Cdev9writeByteEhhhPv
                0x00004fd4       0x16 C:\Users\howard\AppData\Local\Temp\arduino\sketches\2DBEEB7973FB551154CF33477E834E57\libraries\MPU6050\I2Cdev.cpp.o
                0x00004fd4                I2Cdev::writeByte(unsigned char, unsigned char, unsigned char, void*)
 *fill*         0x00004fea        0x2 
 .text._ZN6I2Cdev8writeBitEhhhhPv
                0x00004fec       0x4c C:\Users\howard\AppData\Local\Temp\arduino\sketches\2DBEEB7973FB551154CF33477E834E57\libraries\MPU6050\I2Cdev.cpp.o
                0x00004fec                I2Cdev::writeBit(unsigned char, unsigned char, unsigned char, unsigned char, void*)
 .text._ZN6I2Cdev9writeBitsEhhhhhPv
                0x00005038       0x60 C:\Users\howard\AppData\Local\Temp\arduino\sketches\2DBEEB7973FB551154CF33477E834E57\libraries\MPU6050\I2Cdev.cpp.o
                0x00005038                I2Cdev::writeBits(unsigned char, unsigned char, unsigned char, unsigned char, unsigned char, void*)
 .text._ZN6I2Cdev10writeWordsEhhhPtPv
                0x00005098       0x58 C:\Users\howard\AppData\Local\Temp\arduino\sketches\2DBEEB7973FB551154CF33477E834E57\libraries\MPU6050\I2Cdev.cpp.o
                0x00005098                I2Cdev::writeWords(unsigned char, unsigned char, unsigned char, unsigned short*, void*)
 .text._ZN6I2Cdev9writeWordEhhtPv
                0x000050f0       0x16 C:\Users\howard\AppData\Local\Temp\arduino\sketches\2DBEEB7973FB551154CF33477E834E57\libraries\MPU6050\I2Cdev.cpp.o
                0x000050f0                I2Cdev::writeWord(unsigned char, unsigned char, unsigned short, void*)
 *fill*         0x00005106        0x2 
 .text._ZN12MPU6050_BaseC2EhPv
                0x00005108       0x10 C:\Users\howard\AppData\Local\Temp\arduino\sketches\2DBEEB7973FB551154CF33477E834E57\libraries\MPU6050\MPU6050.cpp.o
                0x00005108                MPU6050_Base::MPU6050_Base(unsigned char, void*)
                0x00005108                MPU6050_Base::MPU6050_Base(unsigned char, void*)
 .text._ZN12MPU6050_Base7setRateEh
                0x00005118       0x12 C:\Users\howard\AppData\Local\Temp\arduino\sketches\2DBEEB7973FB551154CF33477E834E57\libraries\MPU6050\MPU6050.cpp.o
                0x00005118                MPU6050_Base::setRate(unsigned char)
 .text._ZN12MPU6050_Base20setExternalFrameSyncEh
                0x0000512a       0x18 C:\Users\howard\AppData\Local\Temp\arduino\sketches\2DBEEB7973FB551154CF33477E834E57\libraries\MPU6050\MPU6050.cpp.o
                0x0000512a                MPU6050_Base::setExternalFrameSync(unsigned char)
 .text._ZN12MPU6050_Base11setDLPFModeEh
                0x00005142       0x18 C:\Users\howard\AppData\Local\Temp\arduino\sketches\2DBEEB7973FB551154CF33477E834E57\libraries\MPU6050\MPU6050.cpp.o
                0x00005142                MPU6050_Base::setDLPFMode(unsigned char)
 .text._ZN12MPU6050_Base21setFullScaleGyroRangeEh
                0x0000515a       0x18 C:\Users\howard\AppData\Local\Temp\arduino\sketches\2DBEEB7973FB551154CF33477E834E57\libraries\MPU6050\MPU6050.cpp.o
                0x0000515a                MPU6050_Base::setFullScaleGyroRange(unsigned char)
 *fill*         0x00005172        0x2 
 .text._ZN12MPU6050_Base22getFullScaleAccelRangeEv
                0x00005174       0x2c C:\Users\howard\AppData\Local\Temp\arduino\sketches\2DBEEB7973FB551154CF33477E834E57\libraries\MPU6050\MPU6050.cpp.o
                0x00005174                MPU6050_Base::getFullScaleAccelRange()
 .text._ZN12MPU6050_Base22setFullScaleAccelRangeEh
                0x000051a0       0x18 C:\Users\howard\AppData\Local\Temp\arduino\sketches\2DBEEB7973FB551154CF33477E834E57\libraries\MPU6050\MPU6050.cpp.o
                0x000051a0                MPU6050_Base::setFullScaleAccelRange(unsigned char)
 .text._ZN12MPU6050_Base27setMotionDetectionThresholdEh
                0x000051b8       0x12 C:\Users\howard\AppData\Local\Temp\arduino\sketches\2DBEEB7973FB551154CF33477E834E57\libraries\MPU6050\MPU6050.cpp.o
                0x000051b8                MPU6050_Base::setMotionDetectionThreshold(unsigned char)
 .text._ZN12MPU6050_Base26setMotionDetectionDurationEh
                0x000051ca       0x12 C:\Users\howard\AppData\Local\Temp\arduino\sketches\2DBEEB7973FB551154CF33477E834E57\libraries\MPU6050\MPU6050.cpp.o
                0x000051ca                MPU6050_Base::setMotionDetectionDuration(unsigned char)
 .text._ZN12MPU6050_Base31setZeroMotionDetectionThresholdEh
                0x000051dc       0x12 C:\Users\howard\AppData\Local\Temp\arduino\sketches\2DBEEB7973FB551154CF33477E834E57\libraries\MPU6050\MPU6050.cpp.o
                0x000051dc                MPU6050_Base::setZeroMotionDetectionThreshold(unsigned char)
 .text._ZN12MPU6050_Base30setZeroMotionDetectionDurationEh
                0x000051ee       0x12 C:\Users\howard\AppData\Local\Temp\arduino\sketches\2DBEEB7973FB551154CF33477E834E57\libraries\MPU6050\MPU6050.cpp.o
                0x000051ee                MPU6050_Base::setZeroMotionDetectionDuration(unsigned char)
 .text._ZN12MPU6050_Base15setSlaveAddressEhh
                0x00005200       0x1c C:\Users\howard\AppData\Local\Temp\arduino\sketches\2DBEEB7973FB551154CF33477E834E57\libraries\MPU6050\MPU6050.cpp.o
                0x00005200                MPU6050_Base::setSlaveAddress(unsigned char, unsigned char)
 .text._ZN12MPU6050_Base13setIntEnabledEh
                0x0000521c       0x12 C:\Users\howard\AppData\Local\Temp\arduino\sketches\2DBEEB7973FB551154CF33477E834E57\libraries\MPU6050\MPU6050.cpp.o
                0x0000521c                MPU6050_Base::setIntEnabled(unsigned char)
 *fill*         0x0000522e        0x2 
 .text._ZN12MPU6050_Base12getIntStatusEv
                0x00005230       0x20 C:\Users\howard\AppData\Local\Temp\arduino\sketches\2DBEEB7973FB551154CF33477E834E57\libraries\MPU6050\MPU6050.cpp.o
                0x00005230                MPU6050_Base::getIntStatus()
 .text._ZN12MPU6050_Base14setFIFOEnabledEb
                0x00005250       0x16 C:\Users\howard\AppData\Local\Temp\arduino\sketches\2DBEEB7973FB551154CF33477E834E57\libraries\MPU6050\MPU6050.cpp.o
                0x00005250                MPU6050_Base::setFIFOEnabled(bool)
 .text._ZN12MPU6050_Base23setI2CMasterModeEnabledEb
                0x00005266       0x16 C:\Users\howard\AppData\Local\Temp\arduino\sketches\2DBEEB7973FB551154CF33477E834E57\libraries\MPU6050\MPU6050.cpp.o
                0x00005266                MPU6050_Base::setI2CMasterModeEnabled(bool)
 .text._ZN12MPU6050_Base9resetFIFOEv
                0x0000527c       0x16 C:\Users\howard\AppData\Local\Temp\arduino\sketches\2DBEEB7973FB551154CF33477E834E57\libraries\MPU6050\MPU6050.cpp.o
                0x0000527c                MPU6050_Base::resetFIFO()
 .text._ZN12MPU6050_Base14resetI2CMasterEv
                0x00005292       0x16 C:\Users\howard\AppData\Local\Temp\arduino\sketches\2DBEEB7973FB551154CF33477E834E57\libraries\MPU6050\MPU6050.cpp.o
                0x00005292                MPU6050_Base::resetI2CMaster()
 .text._ZN12MPU6050_Base5resetEv
                0x000052a8       0x16 C:\Users\howard\AppData\Local\Temp\arduino\sketches\2DBEEB7973FB551154CF33477E834E57\libraries\MPU6050\MPU6050.cpp.o
                0x000052a8                MPU6050_Base::reset()
 .text._ZN12MPU6050_Base15setSleepEnabledEb
                0x000052be       0x16 C:\Users\howard\AppData\Local\Temp\arduino\sketches\2DBEEB7973FB551154CF33477E834E57\libraries\MPU6050\MPU6050.cpp.o
                0x000052be                MPU6050_Base::setSleepEnabled(bool)
 .text._ZN12MPU6050_Base14setClockSourceEh
                0x000052d4       0x18 C:\Users\howard\AppData\Local\Temp\arduino\sketches\2DBEEB7973FB551154CF33477E834E57\libraries\MPU6050\MPU6050.cpp.o
                0x000052d4                MPU6050_Base::setClockSource(unsigned char)
 .text._ZN12MPU6050_Base10initializeEv
                0x000052ec       0x34 C:\Users\howard\AppData\Local\Temp\arduino\sketches\2DBEEB7973FB551154CF33477E834E57\libraries\MPU6050\MPU6050.cpp.o
                0x000052ec                MPU6050_Base::initialize()
 .text._ZN12MPU6050_Base12getFIFOCountEv
                0x00005320       0x2c C:\Users\howard\AppData\Local\Temp\arduino\sketches\2DBEEB7973FB551154CF33477E834E57\libraries\MPU6050\MPU6050.cpp.o
                0x00005320                MPU6050_Base::getFIFOCount()
 .text._ZN12MPU6050_Base12getFIFOBytesEPhh
                0x0000534c       0x28 C:\Users\howard\AppData\Local\Temp\arduino\sketches\2DBEEB7973FB551154CF33477E834E57\libraries\MPU6050\MPU6050.cpp.o
                0x0000534c                MPU6050_Base::getFIFOBytes(unsigned char*, unsigned char)
 .text._ZN12MPU6050_Base20GetCurrentFIFOPacketEPhh
                0x00005374       0x98 C:\Users\howard\AppData\Local\Temp\arduino\sketches\2DBEEB7973FB551154CF33477E834E57\libraries\MPU6050\MPU6050.cpp.o
                0x00005374                MPU6050_Base::GetCurrentFIFOPacket(unsigned char*, unsigned char)
 .text._ZN12MPU6050_Base11getDeviceIDEv
                0x0000540c       0x2c C:\Users\howard\AppData\Local\Temp\arduino\sketches\2DBEEB7973FB551154CF33477E834E57\libraries\MPU6050\MPU6050.cpp.o
                0x0000540c                MPU6050_Base::getDeviceID()
 .text._ZN12MPU6050_Base14testConnectionEv
                0x00005438       0x18 C:\Users\howard\AppData\Local\Temp\arduino\sketches\2DBEEB7973FB551154CF33477E834E57\libraries\MPU6050\MPU6050.cpp.o
                0x00005438                MPU6050_Base::testConnection()
 .text._ZN12MPU6050_Base15setOTPBankValidEb
                0x00005450       0x16 C:\Users\howard\AppData\Local\Temp\arduino\sketches\2DBEEB7973FB551154CF33477E834E57\libraries\MPU6050\MPU6050.cpp.o
                0x00005450                MPU6050_Base::setOTPBankValid(bool)
 .text._ZN12MPU6050_Base15setXAccelOffsetEs
                0x00005466       0x1e C:\Users\howard\AppData\Local\Temp\arduino\sketches\2DBEEB7973FB551154CF33477E834E57\libraries\MPU6050\MPU6050.cpp.o
                0x00005466                MPU6050_Base::setXAccelOffset(short)
 .text._ZN12MPU6050_Base15setYAccelOffsetEs
                0x00005484       0x1e C:\Users\howard\AppData\Local\Temp\arduino\sketches\2DBEEB7973FB551154CF33477E834E57\libraries\MPU6050\MPU6050.cpp.o
                0x00005484                MPU6050_Base::setYAccelOffset(short)
 .text._ZN12MPU6050_Base15setZAccelOffsetEs
                0x000054a2       0x1e C:\Users\howard\AppData\Local\Temp\arduino\sketches\2DBEEB7973FB551154CF33477E834E57\libraries\MPU6050\MPU6050.cpp.o
                0x000054a2                MPU6050_Base::setZAccelOffset(short)
 .text._ZN12MPU6050_Base14setXGyroOffsetEs
                0x000054c0       0x12 C:\Users\howard\AppData\Local\Temp\arduino\sketches\2DBEEB7973FB551154CF33477E834E57\libraries\MPU6050\MPU6050.cpp.o
                0x000054c0                MPU6050_Base::setXGyroOffset(short)
 .text._ZN12MPU6050_Base14setYGyroOffsetEs
                0x000054d2       0x12 C:\Users\howard\AppData\Local\Temp\arduino\sketches\2DBEEB7973FB551154CF33477E834E57\libraries\MPU6050\MPU6050.cpp.o
                0x000054d2                MPU6050_Base::setYGyroOffset(short)
 .text._ZN12MPU6050_Base14setZGyroOffsetEs
                0x000054e4       0x12 C:\Users\howard\AppData\Local\Temp\arduino\sketches\2DBEEB7973FB551154CF33477E834E57\libraries\MPU6050\MPU6050.cpp.o
                0x000054e4                MPU6050_Base::setZGyroOffset(short)
 .text._ZN12MPU6050_Base13setDMPEnabledEb
                0x000054f6       0x16 C:\Users\howard\AppData\Local\Temp\arduino\sketches\2DBEEB7973FB551154CF33477E834E57\libraries\MPU6050\MPU6050.cpp.o
                0x000054f6                MPU6050_Base::setDMPEnabled(bool)
 .text._ZN12MPU6050_Base8resetDMPEv
                0x0000550c       0x16 C:\Users\howard\AppData\Local\Temp\arduino\sketches\2DBEEB7973FB551154CF33477E834E57\libraries\MPU6050\MPU6050.cpp.o
                0x0000550c                MPU6050_Base::resetDMP()
 .text._ZN12MPU6050_Base13setMemoryBankEhbb
                0x00005522       0x26 C:\Users\howard\AppData\Local\Temp\arduino\sketches\2DBEEB7973FB551154CF33477E834E57\libraries\MPU6050\MPU6050.cpp.o
                0x00005522                MPU6050_Base::setMemoryBank(unsigned char, bool, bool)
 .text._ZN12MPU6050_Base21setMemoryStartAddressEh
                0x00005548       0x12 C:\Users\howard\AppData\Local\Temp\arduino\sketches\2DBEEB7973FB551154CF33477E834E57\libraries\MPU6050\MPU6050.cpp.o
                0x00005548                MPU6050_Base::setMemoryStartAddress(unsigned char)
 *fill*         0x0000555a        0x2 
 .text._ZN12MPU6050_Base16writeMemoryBlockEPKhthhbb
                0x0000555c      0x15c C:\Users\howard\AppData\Local\Temp\arduino\sketches\2DBEEB7973FB551154CF33477E834E57\libraries\MPU6050\MPU6050.cpp.o
                0x0000555c                MPU6050_Base::writeMemoryBlock(unsigned char const*, unsigned short, unsigned char, unsigned char, bool, bool)
 .text._ZN12MPU6050_Base20writeProgMemoryBlockEPKhthhb
                0x000056b8       0x1a C:\Users\howard\AppData\Local\Temp\arduino\sketches\2DBEEB7973FB551154CF33477E834E57\libraries\MPU6050\MPU6050.cpp.o
                0x000056b8                MPU6050_Base::writeProgMemoryBlock(unsigned char const*, unsigned short, unsigned char, unsigned char, bool)
 .text._ZN12MPU6050_Base13setDMPConfig1Eh
                0x000056d2       0x12 C:\Users\howard\AppData\Local\Temp\arduino\sketches\2DBEEB7973FB551154CF33477E834E57\libraries\MPU6050\MPU6050.cpp.o
                0x000056d2                MPU6050_Base::setDMPConfig1(unsigned char)
 .text._ZN12MPU6050_Base13setDMPConfig2Eh
                0x000056e4       0x12 C:\Users\howard\AppData\Local\Temp\arduino\sketches\2DBEEB7973FB551154CF33477E834E57\libraries\MPU6050\MPU6050.cpp.o
                0x000056e4                MPU6050_Base::setDMPConfig2(unsigned char)
 *fill*         0x000056f6        0x2 
 .text._ZN12MPU6050_Base16GetActiveOffsetsEv
                0x000056f8       0x7c C:\Users\howard\AppData\Local\Temp\arduino\sketches\2DBEEB7973FB551154CF33477E834E57\libraries\MPU6050\MPU6050.cpp.o
                0x000056f8                MPU6050_Base::GetActiveOffsets()
 .text._ZN12MPU6050_Base18PrintActiveOffsetsEv
                0x00005774       0xdc C:\Users\howard\AppData\Local\Temp\arduino\sketches\2DBEEB7973FB551154CF33477E834E57\libraries\MPU6050\MPU6050.cpp.o
                0x00005774                MPU6050_Base::PrintActiveOffsets()
 .text._ZN12MPU6050_Base3PIDEhffh
                0x00005850      0x408 C:\Users\howard\AppData\Local\Temp\arduino\sketches\2DBEEB7973FB551154CF33477E834E57\libraries\MPU6050\MPU6050.cpp.o
                0x00005850                MPU6050_Base::PID(unsigned char, float, float, unsigned char)
 .text._ZN12MPU6050_Base13CalibrateGyroEh
                0x00005c58       0x78 C:\Users\howard\AppData\Local\Temp\arduino\sketches\2DBEEB7973FB551154CF33477E834E57\libraries\MPU6050\MPU6050.cpp.o
                0x00005c58                MPU6050_Base::CalibrateGyro(unsigned char)
 .text._ZN12MPU6050_Base14CalibrateAccelEh
                0x00005cd0       0x5c C:\Users\howard\AppData\Local\Temp\arduino\sketches\2DBEEB7973FB551154CF33477E834E57\libraries\MPU6050\MPU6050.cpp.o
                0x00005cd0                MPU6050_Base::CalibrateAccel(unsigned char)
 .text._ZN26MPU6050_6Axis_MotionApps2013dmpInitializeEv
                0x00005d2c      0x130 C:\Users\howard\AppData\Local\Temp\arduino\sketches\2DBEEB7973FB551154CF33477E834E57\libraries\MPU6050\MPU6050_6Axis_MotionApps20.cpp.o
                0x00005d2c                MPU6050_6Axis_MotionApps20::dmpInitialize()
 .text._ZN26MPU6050_6Axis_MotionApps2016dmpGetQuaternionEPsPKh
                0x00005e5c       0x32 C:\Users\howard\AppData\Local\Temp\arduino\sketches\2DBEEB7973FB551154CF33477E834E57\libraries\MPU6050\MPU6050_6Axis_MotionApps20.cpp.o
                0x00005e5c                MPU6050_6Axis_MotionApps20::dmpGetQuaternion(short*, unsigned char const*)
 .text._ZN26MPU6050_6Axis_MotionApps2016dmpGetQuaternionEP10QuaternionPKh
                0x00005e8e       0x62 C:\Users\howard\AppData\Local\Temp\arduino\sketches\2DBEEB7973FB551154CF33477E834E57\libraries\MPU6050\MPU6050_6Axis_MotionApps20.cpp.o
                0x00005e8e                MPU6050_6Axis_MotionApps20::dmpGetQuaternion(Quaternion*, unsigned char const*)
 .text._ZN26MPU6050_6Axis_MotionApps2013dmpGetGravityEP11VectorFloatP10Quaternion
                0x00005ef0       0x96 C:\Users\howard\AppData\Local\Temp\arduino\sketches\2DBEEB7973FB551154CF33477E834E57\libraries\MPU6050\MPU6050_6Axis_MotionApps20.cpp.o
                0x00005ef0                MPU6050_6Axis_MotionApps20::dmpGetGravity(VectorFloat*, Quaternion*)
 *fill*         0x00005f86        0x2 
 .text._ZN26MPU6050_6Axis_MotionApps2018dmpGetYawPitchRollEPfP10QuaternionP11VectorFloat
                0x00005f88       0xf0 C:\Users\howard\AppData\Local\Temp\arduino\sketches\2DBEEB7973FB551154CF33477E834E57\libraries\MPU6050\MPU6050_6Axis_MotionApps20.cpp.o
                0x00005f88                MPU6050_6Axis_MotionApps20::dmpGetYawPitchRoll(float*, Quaternion*, VectorFloat*)
 .text._ZN26MPU6050_6Axis_MotionApps2020dmpGetFIFOPacketSizeEv
                0x00006078        0x4 C:\Users\howard\AppData\Local\Temp\arduino\sketches\2DBEEB7973FB551154CF33477E834E57\libraries\MPU6050\MPU6050_6Axis_MotionApps20.cpp.o
                0x00006078                MPU6050_6Axis_MotionApps20::dmpGetFIFOPacketSize()
 .text._ZN26MPU6050_6Axis_MotionApps2023dmpGetCurrentFIFOPacketEPh
                0x0000607c        0xe C:\Users\howard\AppData\Local\Temp\arduino\sketches\2DBEEB7973FB551154CF33477E834E57\libraries\MPU6050\MPU6050_6Axis_MotionApps20.cpp.o
                0x0000607c                MPU6050_6Axis_MotionApps20::dmpGetCurrentFIFOPacket(unsigned char*)
 .text._ZN7TwoWire5writeEh
                0x0000608a       0x14 C:\Users\howard\AppData\Local\Temp\arduino\sketches\2DBEEB7973FB551154CF33477E834E57\libraries\Wire\Wire.cpp.o
                0x0000608a                TwoWire::write(unsigned char)
 *fill*         0x0000609e        0x2 
 .text._ZN7TwoWire4peekEv
                0x000060a0       0x38 C:\Users\howard\AppData\Local\Temp\arduino\sketches\2DBEEB7973FB551154CF33477E834E57\libraries\Wire\Wire.cpp.o
                0x000060a0                TwoWire::peek()
 .text._ZN7TwoWire5flushEv
                0x000060d8       0x1c C:\Users\howard\AppData\Local\Temp\arduino\sketches\2DBEEB7973FB551154CF33477E834E57\libraries\Wire\Wire.cpp.o
                0x000060d8                TwoWire::flush()
 .text._ZN7TwoWire14_errorHandlingEv
                0x000060f4      0x110 C:\Users\howard\AppData\Local\Temp\arduino\sketches\2DBEEB7973FB551154CF33477E834E57\libraries\Wire\Wire.cpp.o
                0x000060f4                TwoWire::_errorHandling()
 .text._ZN7TwoWireC2Ej
                0x00006204       0x50 C:\Users\howard\AppData\Local\Temp\arduino\sketches\2DBEEB7973FB551154CF33477E834E57\libraries\Wire\Wire.cpp.o
                0x00006204                TwoWire::TwoWire(unsigned int)
                0x00006204                TwoWire::TwoWire(unsigned int)
 .text._ZN7TwoWire8setClockEm
                0x00006254      0x114 C:\Users\howard\AppData\Local\Temp\arduino\sketches\2DBEEB7973FB551154CF33477E834E57\libraries\Wire\Wire.cpp.o
                0x00006254                TwoWire::setClock(unsigned long)
 .text._ZN7TwoWire5beginEh
                0x00006368      0x148 C:\Users\howard\AppData\Local\Temp\arduino\sketches\2DBEEB7973FB551154CF33477E834E57\libraries\Wire\Wire.cpp.o
                0x00006368                TwoWire::begin(unsigned char)
 .text._ZN7TwoWire5beginEv
                0x000064b0        0xa C:\Users\howard\AppData\Local\Temp\arduino\sketches\2DBEEB7973FB551154CF33477E834E57\libraries\Wire\Wire.cpp.o
                0x000064b0                TwoWire::begin()
 *fill*         0x000064ba        0x2 
 .text._ZN7TwoWire17beginTransmissionEh
                0x000064bc       0x30 C:\Users\howard\AppData\Local\Temp\arduino\sketches\2DBEEB7973FB551154CF33477E834E57\libraries\Wire\Wire.cpp.o
                0x000064bc                TwoWire::beginTransmission(unsigned char)
 .text._ZN7TwoWire17_i2c_master_writeEhPht
                0x000064ec       0x98 C:\Users\howard\AppData\Local\Temp\arduino\sketches\2DBEEB7973FB551154CF33477E834E57\libraries\Wire\Wire.cpp.o
                0x000064ec                TwoWire::_i2c_master_write(unsigned char, unsigned char*, unsigned short)
 .text._ZN7TwoWire10IrqHandlerEv
                0x00006584       0x28 C:\Users\howard\AppData\Local\Temp\arduino\sketches\2DBEEB7973FB551154CF33477E834E57\libraries\Wire\Wire.cpp.o
                0x00006584                TwoWire::IrqHandler()
 .text.I2C0_IRQHandler
                0x000065ac       0x2c C:\Users\howard\AppData\Local\Temp\arduino\sketches\2DBEEB7973FB551154CF33477E834E57\libraries\Wire\Wire.cpp.o
                0x000065ac                I2C0_IRQHandler
 .text.I2C1_IRQHandler
                0x000065d8       0x18 C:\Users\howard\AppData\Local\Temp\arduino\sketches\2DBEEB7973FB551154CF33477E834E57\libraries\Wire\Wire.cpp.o
                0x000065d8                I2C1_IRQHandler
 .text._ZN11RingBufferNILi33EE9availableEv
                0x000065f0        0xc C:\Users\howard\AppData\Local\Temp\arduino\sketches\2DBEEB7973FB551154CF33477E834E57\libraries\Wire\Wire.cpp.o
                0x000065f0                RingBufferN<33>::available()
 .text._ZN7TwoWire9availableEv
                0x000065fc       0x28 C:\Users\howard\AppData\Local\Temp\arduino\sketches\2DBEEB7973FB551154CF33477E834E57\libraries\Wire\Wire.cpp.o
                0x000065fc                TwoWire::available()
 .text._ZN7TwoWire5writeEPKhj
                0x00006624       0x8c C:\Users\howard\AppData\Local\Temp\arduino\sketches\2DBEEB7973FB551154CF33477E834E57\libraries\Wire\Wire.cpp.o
                0x00006624                TwoWire::write(unsigned char const*, unsigned int)
 .text._ZN11RingBufferNILi33EE4readEv
                0x000066b0       0x24 C:\Users\howard\AppData\Local\Temp\arduino\sketches\2DBEEB7973FB551154CF33477E834E57\libraries\Wire\Wire.cpp.o
                0x000066b0                RingBufferN<33>::read()
 .text._ZN7TwoWire15endTransmissionEb
                0x000066d4       0x9c C:\Users\howard\AppData\Local\Temp\arduino\sketches\2DBEEB7973FB551154CF33477E834E57\libraries\Wire\Wire.cpp.o
                0x000066d4                TwoWire::endTransmission(bool)
 .text._ZN7TwoWire4readEv
                0x00006770       0x28 C:\Users\howard\AppData\Local\Temp\arduino\sketches\2DBEEB7973FB551154CF33477E834E57\libraries\Wire\Wire.cpp.o
                0x00006770                TwoWire::read()
 .text._ZN7TwoWire16_i2c_master_readEhPht
                0x00006798       0xe8 C:\Users\howard\AppData\Local\Temp\arduino\sketches\2DBEEB7973FB551154CF33477E834E57\libraries\Wire\Wire.cpp.o
                0x00006798                TwoWire::_i2c_master_read(unsigned char, unsigned char*, unsigned short)
 .text._ZN7TwoWire11requestFromEhhmhh
                0x00006880      0x100 C:\Users\howard\AppData\Local\Temp\arduino\sketches\2DBEEB7973FB551154CF33477E834E57\libraries\Wire\Wire.cpp.o
                0x00006880                TwoWire::requestFrom(unsigned char, unsigned char, unsigned long, unsigned char, unsigned char)
 .text.startup._GLOBAL__sub_I__ZN7TwoWire14_errorHandlingEv
                0x00006980       0xa8 C:\Users\howard\AppData\Local\Temp\arduino\sketches\2DBEEB7973FB551154CF33477E834E57\libraries\Wire\Wire.cpp.o
 .text._ZN9I2CMasterC2Ev
                0x00006a28       0x16 C:\Users\howard\AppData\Local\Temp\arduino\sketches\2DBEEB7973FB551154CF33477E834E57\libraries\Wire\utility\i2c_master.cpp.o
                0x00006a28                I2CMaster::I2CMaster()
                0x00006a28                I2CMaster::I2CMaster()
 *fill*         0x00006a3e        0x2 
 .text._ZN9I2CMaster17I2C_ConfigurationEP14HT_I2C_TypeDef4IRQnjjj
                0x00006a40       0x94 C:\Users\howard\AppData\Local\Temp\arduino\sketches\2DBEEB7973FB551154CF33477E834E57\libraries\Wire\utility\i2c_master.cpp.o
                0x00006a40                I2CMaster::I2C_Configuration(HT_I2C_TypeDef*, IRQn, unsigned int, unsigned int, unsigned int)
 .text._ZN9I2CMaster19I2CMaster_GetStatusEv
                0x00006ad4       0x7a C:\Users\howard\AppData\Local\Temp\arduino\sketches\2DBEEB7973FB551154CF33477E834E57\libraries\Wire\utility\i2c_master.cpp.o
                0x00006ad4                I2CMaster::I2CMaster_GetStatus()
 .text._ZN9I2CMaster24I2CMaster_DynamicTimeoutEv
                0x00006b4e       0x3e C:\Users\howard\AppData\Local\Temp\arduino\sketches\2DBEEB7973FB551154CF33477E834E57\libraries\Wire\utility\i2c_master.cpp.o
                0x00006b4e                I2CMaster::I2CMaster_DynamicTimeout()
 .text._ZN9I2CMaster25I2CMaster_ResetPeripheralEv
                0x00006b8c       0x44 C:\Users\howard\AppData\Local\Temp\arduino\sketches\2DBEEB7973FB551154CF33477E834E57\libraries\Wire\utility\i2c_master.cpp.o
                0x00006b8c                I2CMaster::I2CMaster_ResetPeripheral()
 .text._ZN9I2CMaster15I2CMaster_StartEPNS_17I2CMaster_TypedefE
                0x00006bd0      0x128 C:\Users\howard\AppData\Local\Temp\arduino\sketches\2DBEEB7973FB551154CF33477E834E57\libraries\Wire\utility\i2c_master.cpp.o
                0x00006bd0                I2CMaster::I2CMaster_Start(I2CMaster::I2CMaster_Typedef*)
 .text._ZN9I2CMaster15I2CMaster_WriteEPNS_17I2CMaster_TypedefE
                0x00006cf8        0xc C:\Users\howard\AppData\Local\Temp\arduino\sketches\2DBEEB7973FB551154CF33477E834E57\libraries\Wire\utility\i2c_master.cpp.o
                0x00006cf8                I2CMaster::I2CMaster_Write(I2CMaster::I2CMaster_Typedef*)
 .text._ZN9I2CMaster14I2CMaster_ReadEPNS_17I2CMaster_TypedefE
                0x00006d04        0xc C:\Users\howard\AppData\Local\Temp\arduino\sketches\2DBEEB7973FB551154CF33477E834E57\libraries\Wire\utility\i2c_master.cpp.o
                0x00006d04                I2CMaster::I2CMaster_Read(I2CMaster::I2CMaster_Typedef*)
 .text._ZN9I2CMaster19I2CMaster_WriteReadEPNS_17I2CMaster_TypedefE
                0x00006d10        0xc C:\Users\howard\AppData\Local\Temp\arduino\sketches\2DBEEB7973FB551154CF33477E834E57\libraries\Wire\utility\i2c_master.cpp.o
                0x00006d10                I2CMaster::I2CMaster_WriteRead(I2CMaster::I2CMaster_Typedef*)
 .text._ZN9I2CMaster14I2C_IRQHandlerEv
                0x00006d1c      0x238 C:\Users\howard\AppData\Local\Temp\arduino\sketches\2DBEEB7973FB551154CF33477E834E57\libraries\Wire\utility\i2c_master.cpp.o
                0x00006d1c                I2CMaster::I2C_IRQHandler()
 .text._ZN8I2CSlave17I2C_ConfigurationEP14HT_I2C_TypeDef4IRQnj
                0x00006f54       0xb4 C:\Users\howard\AppData\Local\Temp\arduino\sketches\2DBEEB7973FB551154CF33477E834E57\libraries\Wire\utility\i2c_slave.cpp.o
                0x00006f54                I2CSlave::I2C_Configuration(HT_I2C_TypeDef*, IRQn, unsigned int)
 .text._ZN8I2CSlave17I2C_ConfigurationEP14HT_I2C_TypeDef4IRQnP11RingBufferNILi33EES5_j
                0x00007008       0x10 C:\Users\howard\AppData\Local\Temp\arduino\sketches\2DBEEB7973FB551154CF33477E834E57\libraries\Wire\utility\i2c_slave.cpp.o
                0x00007008                I2CSlave::I2C_Configuration(HT_I2C_TypeDef*, IRQn, RingBufferN<33>*, RingBufferN<33>*, unsigned int)
 .text._ZN8I2CSlave9IsTxFinshEv
                0x00007018       0x10 C:\Users\howard\AppData\Local\Temp\arduino\sketches\2DBEEB7973FB551154CF33477E834E57\libraries\Wire\utility\i2c_slave.cpp.o
                0x00007018                I2CSlave::IsTxFinsh()
 .text._ZN11RingBufferNILi33EE5storeEt
                0x00007028       0x1a C:\Users\howard\AppData\Local\Temp\arduino\sketches\2DBEEB7973FB551154CF33477E834E57\libraries\Wire\utility\i2c_slave.cpp.o
                0x00007028                RingBufferN<33>::store(unsigned short)
 .text._ZN8I2CSlave13PrepareTxDataEPhj
                0x00007042       0x2c C:\Users\howard\AppData\Local\Temp\arduino\sketches\2DBEEB7973FB551154CF33477E834E57\libraries\Wire\utility\i2c_slave.cpp.o
                0x00007042                I2CSlave::PrepareTxData(unsigned char*, unsigned int)
 *fill*         0x0000706e        0x2 
 .text._ZN8I2CSlave14I2C_IRQHandlerEPFviEPFvvE
                0x00007070      0x17c C:\Users\howard\AppData\Local\Temp\arduino\sketches\2DBEEB7973FB551154CF33477E834E57\libraries\Wire\utility\i2c_slave.cpp.o
                0x00007070                I2CSlave::I2C_IRQHandler(void (*)(int), void (*)())
 .text.Reset_Handler
                0x000071ec       0xe8 C:\Users\howard\AppData\Local\Temp\arduino\sketches\2DBEEB7973FB551154CF33477E834E57\core\GNU_ARM\startup_ht32fxxxxx_gcc_nn.S.o
                0x000071ec                Reset_Handler
                0x00007286                NMI_Handler
                0x00007288                HardFault_Handler
                0x0000728a                SVC_Handler
                0x0000728c                PendSV_Handler
                0x00007290                UART0_IRQHandler
                0x00007290                SPI1_IRQHandler
                0x00007290                LVD_BOD_IRQHandler
                0x00007290                SCI_IRQHandler
                0x00007290                UART1_IRQHandler
                0x00007290                COMP_DAC_IRQHandler
                0x00007290                PDMA_CH2_5_IRQHandler
                0x00007290                RTC_IRQHandler
                0x00007290                PWM1_IRQHandler
                0x00007290                BFTM1_IRQHandler
                0x00007290                GPTM0_IRQHandler
                0x00007290                Default_Handler
                0x00007290                ADC_IRQHandler
                0x00007290                I2S_IRQHandler
                0x00007290                PDMA_CH0_1_IRQHandler
                0x00007290                SCTM1_IRQHandler
                0x00007290                COMP_IRQHandler
                0x00007290                EVWUP_IRQHandler
                0x00007290                PWM0_IRQHandler
                0x00007290                MCTM0_IRQHandler
                0x00007290                BFTM0_IRQHandler
                0x00007290                SPI0_IRQHandler
                0x00007290                AES_IRQHandler
                0x00007290                SCTM0_IRQHandler
                0x00007290                FLASH_IRQHandler
                0x00007290                QSPI_IRQHandler
 .text._USBD_CopyMemory
                0x000072d4       0x8c C:\Users\howard\AppData\Local\Temp\arduino\sketches\2DBEEB7973FB551154CF33477E834E57\core\ht32_fwlib.c.o
 .text.NVIC_SetVectorTable
                0x00007360       0x14 C:\Users\howard\AppData\Local\Temp\arduino\sketches\2DBEEB7973FB551154CF33477E834E57\core\ht32_fwlib.c.o
                0x00007360                NVIC_SetVectorTable
 .text.ADC_Cmd  0x00007374       0x14 C:\Users\howard\AppData\Local\Temp\arduino\sketches\2DBEEB7973FB551154CF33477E834E57\core\ht32_fwlib.c.o
                0x00007374                ADC_Cmd
 .text.ADC_RegularGroupConfig
                0x00007388       0x1a C:\Users\howard\AppData\Local\Temp\arduino\sketches\2DBEEB7973FB551154CF33477E834E57\core\ht32_fwlib.c.o
                0x00007388                ADC_RegularGroupConfig
 .text.ADC_RegularChannelConfig
                0x000073a2       0x2a C:\Users\howard\AppData\Local\Temp\arduino\sketches\2DBEEB7973FB551154CF33477E834E57\core\ht32_fwlib.c.o
                0x000073a2                ADC_RegularChannelConfig
 .text.ADC_RegularTrigConfig
                0x000073cc        0xe C:\Users\howard\AppData\Local\Temp\arduino\sketches\2DBEEB7973FB551154CF33477E834E57\core\ht32_fwlib.c.o
                0x000073cc                ADC_RegularTrigConfig
 .text.ADC_SamplingTimeConfig
                0x000073da        0x4 C:\Users\howard\AppData\Local\Temp\arduino\sketches\2DBEEB7973FB551154CF33477E834E57\core\ht32_fwlib.c.o
                0x000073da                ADC_SamplingTimeConfig
 .text.ADC_SoftwareStartConvCmd
                0x000073de       0x14 C:\Users\howard\AppData\Local\Temp\arduino\sketches\2DBEEB7973FB551154CF33477E834E57\core\ht32_fwlib.c.o
                0x000073de                ADC_SoftwareStartConvCmd
 .text.ADC_GetConversionData
                0x000073f2        0xa C:\Users\howard\AppData\Local\Temp\arduino\sketches\2DBEEB7973FB551154CF33477E834E57\core\ht32_fwlib.c.o
                0x000073f2                ADC_GetConversionData
 .text.ADC_IntConfig
                0x000073fc       0x14 C:\Users\howard\AppData\Local\Temp\arduino\sketches\2DBEEB7973FB551154CF33477E834E57\core\ht32_fwlib.c.o
                0x000073fc                ADC_IntConfig
 .text.ADC_GetIntStatus
                0x00007410        0xe C:\Users\howard\AppData\Local\Temp\arduino\sketches\2DBEEB7973FB551154CF33477E834E57\core\ht32_fwlib.c.o
                0x00007410                ADC_GetIntStatus
 .text.ADC_ClearIntPendingBit
                0x0000741e        0x6 C:\Users\howard\AppData\Local\Temp\arduino\sketches\2DBEEB7973FB551154CF33477E834E57\core\ht32_fwlib.c.o
                0x0000741e                ADC_ClearIntPendingBit
 .text.ADC_VREFCmd
                0x00007424       0x16 C:\Users\howard\AppData\Local\Temp\arduino\sketches\2DBEEB7973FB551154CF33477E834E57\core\ht32_fwlib.c.o
                0x00007424                ADC_VREFCmd
 .text.ADC_VREFConfig
                0x0000743a        0xe C:\Users\howard\AppData\Local\Temp\arduino\sketches\2DBEEB7973FB551154CF33477E834E57\core\ht32_fwlib.c.o
                0x0000743a                ADC_VREFConfig
 .text.CKCU_USBPLLCmd
                0x00007448       0x14 C:\Users\howard\AppData\Local\Temp\arduino\sketches\2DBEEB7973FB551154CF33477E834E57\core\ht32_fwlib.c.o
                0x00007448                CKCU_USBPLLCmd
 .text.CKCU_GetClockReadyStatus
                0x0000745c       0x14 C:\Users\howard\AppData\Local\Temp\arduino\sketches\2DBEEB7973FB551154CF33477E834E57\core\ht32_fwlib.c.o
                0x0000745c                CKCU_GetClockReadyStatus
 .text.CKCU_USBPLLInit
                0x00007470       0x28 C:\Users\howard\AppData\Local\Temp\arduino\sketches\2DBEEB7973FB551154CF33477E834E57\core\ht32_fwlib.c.o
                0x00007470                CKCU_USBPLLInit
 .text.CKCU_USBClockConfig
                0x00007498       0x18 C:\Users\howard\AppData\Local\Temp\arduino\sketches\2DBEEB7973FB551154CF33477E834E57\core\ht32_fwlib.c.o
                0x00007498                CKCU_USBClockConfig
 .text.CKCU_SetADCnPrescaler
                0x000074b0       0x18 C:\Users\howard\AppData\Local\Temp\arduino\sketches\2DBEEB7973FB551154CF33477E834E57\core\ht32_fwlib.c.o
                0x000074b0                CKCU_SetADCnPrescaler
 .text.CKCU_GetPLLFrequency
                0x000074c8       0x40 C:\Users\howard\AppData\Local\Temp\arduino\sketches\2DBEEB7973FB551154CF33477E834E57\core\ht32_fwlib.c.o
                0x000074c8                CKCU_GetPLLFrequency
 .text.CKCU_GetClocksFrequency
                0x00007508       0x54 C:\Users\howard\AppData\Local\Temp\arduino\sketches\2DBEEB7973FB551154CF33477E834E57\core\ht32_fwlib.c.o
                0x00007508                CKCU_GetClocksFrequency
 .text.CKCU_SetPeripPrescaler
                0x0000755c       0x28 C:\Users\howard\AppData\Local\Temp\arduino\sketches\2DBEEB7973FB551154CF33477E834E57\core\ht32_fwlib.c.o
                0x0000755c                CKCU_SetPeripPrescaler
 .text.CKCU_GetPeripFrequency
                0x00007584       0x38 C:\Users\howard\AppData\Local\Temp\arduino\sketches\2DBEEB7973FB551154CF33477E834E57\core\ht32_fwlib.c.o
                0x00007584                CKCU_GetPeripFrequency
 .text.CKCU_PeripClockConfig
                0x000075bc       0x38 C:\Users\howard\AppData\Local\Temp\arduino\sketches\2DBEEB7973FB551154CF33477E834E57\core\ht32_fwlib.c.o
                0x000075bc                CKCU_PeripClockConfig
 .text.EXTI_Init
                0x000075f4       0x20 C:\Users\howard\AppData\Local\Temp\arduino\sketches\2DBEEB7973FB551154CF33477E834E57\core\ht32_fwlib.c.o
                0x000075f4                EXTI_Init
 .text.EXTI_IntConfig
                0x00007614       0x20 C:\Users\howard\AppData\Local\Temp\arduino\sketches\2DBEEB7973FB551154CF33477E834E57\core\ht32_fwlib.c.o
                0x00007614                EXTI_IntConfig
 .text.EXTI_GetEdgeFlag
                0x00007634       0x14 C:\Users\howard\AppData\Local\Temp\arduino\sketches\2DBEEB7973FB551154CF33477E834E57\core\ht32_fwlib.c.o
                0x00007634                EXTI_GetEdgeFlag
 .text.GPIO_DirectionConfig
                0x00007648       0x12 C:\Users\howard\AppData\Local\Temp\arduino\sketches\2DBEEB7973FB551154CF33477E834E57\core\ht32_fwlib.c.o
                0x00007648                GPIO_DirectionConfig
 .text.GPIO_PullResistorConfig
                0x0000765a       0x22 C:\Users\howard\AppData\Local\Temp\arduino\sketches\2DBEEB7973FB551154CF33477E834E57\core\ht32_fwlib.c.o
                0x0000765a                GPIO_PullResistorConfig
 .text.GPIO_InputConfig
                0x0000767c       0x12 C:\Users\howard\AppData\Local\Temp\arduino\sketches\2DBEEB7973FB551154CF33477E834E57\core\ht32_fwlib.c.o
                0x0000767c                GPIO_InputConfig
 .text.GPIO_DriveConfig
                0x0000768e       0x32 C:\Users\howard\AppData\Local\Temp\arduino\sketches\2DBEEB7973FB551154CF33477E834E57\core\ht32_fwlib.c.o
                0x0000768e                GPIO_DriveConfig
 .text.GPIO_ReadInBit
                0x000076c0        0xc C:\Users\howard\AppData\Local\Temp\arduino\sketches\2DBEEB7973FB551154CF33477E834E57\core\ht32_fwlib.c.o
                0x000076c0                GPIO_ReadInBit
 .text.GPIO_SetOutBits
                0x000076cc        0x4 C:\Users\howard\AppData\Local\Temp\arduino\sketches\2DBEEB7973FB551154CF33477E834E57\core\ht32_fwlib.c.o
                0x000076cc                GPIO_SetOutBits
 .text.GPIO_ClearOutBits
                0x000076d0        0x4 C:\Users\howard\AppData\Local\Temp\arduino\sketches\2DBEEB7973FB551154CF33477E834E57\core\ht32_fwlib.c.o
                0x000076d0                GPIO_ClearOutBits
 .text.GPIO_WriteOutBits
                0x000076d4        0xc C:\Users\howard\AppData\Local\Temp\arduino\sketches\2DBEEB7973FB551154CF33477E834E57\core\ht32_fwlib.c.o
                0x000076d4                GPIO_WriteOutBits
 .text.AFIO_GPxConfig
                0x000076e0       0x80 C:\Users\howard\AppData\Local\Temp\arduino\sketches\2DBEEB7973FB551154CF33477E834E57\core\ht32_fwlib.c.o
                0x000076e0                AFIO_GPxConfig
 .text.AFIO_EXTISourceConfig
                0x00007760       0x28 C:\Users\howard\AppData\Local\Temp\arduino\sketches\2DBEEB7973FB551154CF33477E834E57\core\ht32_fwlib.c.o
                0x00007760                AFIO_EXTISourceConfig
 .text.I2C_Init
                0x00007788       0xa0 C:\Users\howard\AppData\Local\Temp\arduino\sketches\2DBEEB7973FB551154CF33477E834E57\core\ht32_fwlib.c.o
                0x00007788                I2C_Init
 .text.I2C_Cmd  0x00007828       0x14 C:\Users\howard\AppData\Local\Temp\arduino\sketches\2DBEEB7973FB551154CF33477E834E57\core\ht32_fwlib.c.o
                0x00007828                I2C_Cmd
 .text.I2C_GenerateSTOP
                0x0000783c        0xa C:\Users\howard\AppData\Local\Temp\arduino\sketches\2DBEEB7973FB551154CF33477E834E57\core\ht32_fwlib.c.o
                0x0000783c                I2C_GenerateSTOP
 .text.I2C_IntConfig
                0x00007846       0x12 C:\Users\howard\AppData\Local\Temp\arduino\sketches\2DBEEB7973FB551154CF33477E834E57\core\ht32_fwlib.c.o
                0x00007846                I2C_IntConfig
 .text.I2C_AckCmd
                0x00007858       0x14 C:\Users\howard\AppData\Local\Temp\arduino\sketches\2DBEEB7973FB551154CF33477E834E57\core\ht32_fwlib.c.o
                0x00007858                I2C_AckCmd
 .text.I2C_TargetAddressConfig
                0x0000786c       0x18 C:\Users\howard\AppData\Local\Temp\arduino\sketches\2DBEEB7973FB551154CF33477E834E57\core\ht32_fwlib.c.o
                0x0000786c                I2C_TargetAddressConfig
 .text.I2C_SendData
                0x00007884        0x4 C:\Users\howard\AppData\Local\Temp\arduino\sketches\2DBEEB7973FB551154CF33477E834E57\core\ht32_fwlib.c.o
                0x00007884                I2C_SendData
 .text.I2C_ReceiveData
                0x00007888        0x6 C:\Users\howard\AppData\Local\Temp\arduino\sketches\2DBEEB7973FB551154CF33477E834E57\core\ht32_fwlib.c.o
                0x00007888                I2C_ReceiveData
 .text.I2C_ReadRegister
                0x0000788e       0x16 C:\Users\howard\AppData\Local\Temp\arduino\sketches\2DBEEB7973FB551154CF33477E834E57\core\ht32_fwlib.c.o
                0x0000788e                I2C_ReadRegister
 .text.I2C_GetFlagStatus
                0x000078a4        0xc C:\Users\howard\AppData\Local\Temp\arduino\sketches\2DBEEB7973FB551154CF33477E834E57\core\ht32_fwlib.c.o
                0x000078a4                I2C_GetFlagStatus
 .text.I2C_ClearFlag
                0x000078b0        0x4 C:\Users\howard\AppData\Local\Temp\arduino\sketches\2DBEEB7973FB551154CF33477E834E57\core\ht32_fwlib.c.o
                0x000078b0                I2C_ClearFlag
 .text.I2C_TimeOutCmd
                0x000078b4       0x1c C:\Users\howard\AppData\Local\Temp\arduino\sketches\2DBEEB7973FB551154CF33477E834E57\core\ht32_fwlib.c.o
                0x000078b4                I2C_TimeOutCmd
 .text.I2C_SetTimeOutValue
                0x000078d0        0xc C:\Users\howard\AppData\Local\Temp\arduino\sketches\2DBEEB7973FB551154CF33477E834E57\core\ht32_fwlib.c.o
                0x000078d0                I2C_SetTimeOutValue
 .text.I2C_SetTimeOutPrescaler
                0x000078dc        0xa C:\Users\howard\AppData\Local\Temp\arduino\sketches\2DBEEB7973FB551154CF33477E834E57\core\ht32_fwlib.c.o
                0x000078dc                I2C_SetTimeOutPrescaler
 *fill*         0x000078e6        0x2 
 .text.I2C_CombFilterCmd
                0x000078e8       0x1c C:\Users\howard\AppData\Local\Temp\arduino\sketches\2DBEEB7973FB551154CF33477E834E57\core\ht32_fwlib.c.o
                0x000078e8                I2C_CombFilterCmd
 .text.I2C_SequentialFilterConfig
                0x00007904       0x7c C:\Users\howard\AppData\Local\Temp\arduino\sketches\2DBEEB7973FB551154CF33477E834E57\core\ht32_fwlib.c.o
                0x00007904                I2C_SequentialFilterConfig
 .text.RSTCU_PeripReset
                0x00007980       0x38 C:\Users\howard\AppData\Local\Temp\arduino\sketches\2DBEEB7973FB551154CF33477E834E57\core\ht32_fwlib.c.o
                0x00007980                RSTCU_PeripReset
 .text.I2C_DeInit
                0x000079b8       0x44 C:\Users\howard\AppData\Local\Temp\arduino\sketches\2DBEEB7973FB551154CF33477E834E57\core\ht32_fwlib.c.o
                0x000079b8                I2C_DeInit
 .text.USART_Init
                0x000079fc       0x84 C:\Users\howard\AppData\Local\Temp\arduino\sketches\2DBEEB7973FB551154CF33477E834E57\core\ht32_fwlib.c.o
                0x000079fc                USART_Init
 .text.USART_SendData
                0x00007a80        0x4 C:\Users\howard\AppData\Local\Temp\arduino\sketches\2DBEEB7973FB551154CF33477E834E57\core\ht32_fwlib.c.o
                0x00007a80                USART_SendData
 .text.USART_ReceiveData
                0x00007a84        0x6 C:\Users\howard\AppData\Local\Temp\arduino\sketches\2DBEEB7973FB551154CF33477E834E57\core\ht32_fwlib.c.o
                0x00007a84                USART_ReceiveData
 .text.USART_GetFlagStatus
                0x00007a8a        0xc C:\Users\howard\AppData\Local\Temp\arduino\sketches\2DBEEB7973FB551154CF33477E834E57\core\ht32_fwlib.c.o
                0x00007a8a                USART_GetFlagStatus
 .text.USART_GetIntStatus
                0x00007a96        0xc C:\Users\howard\AppData\Local\Temp\arduino\sketches\2DBEEB7973FB551154CF33477E834E57\core\ht32_fwlib.c.o
                0x00007a96                USART_GetIntStatus
 .text.USART_ClearFlag
                0x00007aa2        0x8 C:\Users\howard\AppData\Local\Temp\arduino\sketches\2DBEEB7973FB551154CF33477E834E57\core\ht32_fwlib.c.o
                0x00007aa2                USART_ClearFlag
 .text.USART_IntConfig
                0x00007aaa       0x12 C:\Users\howard\AppData\Local\Temp\arduino\sketches\2DBEEB7973FB551154CF33477E834E57\core\ht32_fwlib.c.o
                0x00007aaa                USART_IntConfig
 .text.USART_TxRxCmd
                0x00007abc       0x18 C:\Users\howard\AppData\Local\Temp\arduino\sketches\2DBEEB7973FB551154CF33477E834E57\core\ht32_fwlib.c.o
                0x00007abc                USART_TxRxCmd
 .text.USBD_PreInit
                0x00007ad4       0x50 C:\Users\howard\AppData\Local\Temp\arduino\sketches\2DBEEB7973FB551154CF33477E834E57\core\ht32_fwlib.c.o
                0x00007ad4                USBD_PreInit
 .text.USBD_DPpullupCmd
                0x00007b24       0x24 C:\Users\howard\AppData\Local\Temp\arduino\sketches\2DBEEB7973FB551154CF33477E834E57\core\ht32_fwlib.c.o
                0x00007b24                USBD_DPpullupCmd
 .text.USBD_DPWakeUpCmd
                0x00007b48       0x24 C:\Users\howard\AppData\Local\Temp\arduino\sketches\2DBEEB7973FB551154CF33477E834E57\core\ht32_fwlib.c.o
                0x00007b48                USBD_DPWakeUpCmd
 .text.USBD_DeInit
                0x00007b6c       0x20 C:\Users\howard\AppData\Local\Temp\arduino\sketches\2DBEEB7973FB551154CF33477E834E57\core\ht32_fwlib.c.o
                0x00007b6c                USBD_DeInit
 .text.USBD_PowerOff
                0x00007b8c       0x10 C:\Users\howard\AppData\Local\Temp\arduino\sketches\2DBEEB7973FB551154CF33477E834E57\core\ht32_fwlib.c.o
                0x00007b8c                USBD_PowerOff
 .text.USBD_PowerOn
                0x00007b9c       0x1c C:\Users\howard\AppData\Local\Temp\arduino\sketches\2DBEEB7973FB551154CF33477E834E57\core\ht32_fwlib.c.o
                0x00007b9c                USBD_PowerOn
 .text.USBD_ReadSETUPData
                0x00007bb8       0x10 C:\Users\howard\AppData\Local\Temp\arduino\sketches\2DBEEB7973FB551154CF33477E834E57\core\ht32_fwlib.c.o
                0x00007bb8                USBD_ReadSETUPData
 .text.USBD_SetAddress
                0x00007bc8       0x14 C:\Users\howard\AppData\Local\Temp\arduino\sketches\2DBEEB7973FB551154CF33477E834E57\core\ht32_fwlib.c.o
                0x00007bc8                USBD_SetAddress
 .text.USBD_EnableINT
                0x00007bdc       0x10 C:\Users\howard\AppData\Local\Temp\arduino\sketches\2DBEEB7973FB551154CF33477E834E57\core\ht32_fwlib.c.o
                0x00007bdc                USBD_EnableINT
 .text.USBD_PowerUp
                0x00007bec       0x74 C:\Users\howard\AppData\Local\Temp\arduino\sketches\2DBEEB7973FB551154CF33477E834E57\core\ht32_fwlib.c.o
                0x00007bec                USBD_PowerUp
 .text.USBD_DisableINT
                0x00007c60       0x10 C:\Users\howard\AppData\Local\Temp\arduino\sketches\2DBEEB7973FB551154CF33477E834E57\core\ht32_fwlib.c.o
                0x00007c60                USBD_DisableINT
 .text.USBD_GetINT
                0x00007c70       0x14 C:\Users\howard\AppData\Local\Temp\arduino\sketches\2DBEEB7973FB551154CF33477E834E57\core\ht32_fwlib.c.o
                0x00007c70                USBD_GetINT
 .text.USBD_GetEPTnINTNumber
                0x00007c84       0x22 C:\Users\howard\AppData\Local\Temp\arduino\sketches\2DBEEB7973FB551154CF33477E834E57\core\ht32_fwlib.c.o
                0x00007c84                USBD_GetEPTnINTNumber
 *fill*         0x00007ca6        0x2 
 .text.USBD_EPTReset
                0x00007ca8       0x18 C:\Users\howard\AppData\Local\Temp\arduino\sketches\2DBEEB7973FB551154CF33477E834E57\core\ht32_fwlib.c.o
                0x00007ca8                USBD_EPTReset
 .text.USBD_EPTInit
                0x00007cc0       0x28 C:\Users\howard\AppData\Local\Temp\arduino\sketches\2DBEEB7973FB551154CF33477E834E57\core\ht32_fwlib.c.o
                0x00007cc0                USBD_EPTInit
 .text.USBD_EPTGetINT
                0x00007ce8       0x14 C:\Users\howard\AppData\Local\Temp\arduino\sketches\2DBEEB7973FB551154CF33477E834E57\core\ht32_fwlib.c.o
                0x00007ce8                USBD_EPTGetINT
 .text.USBD_EPTGetHalt
                0x00007cfc       0x24 C:\Users\howard\AppData\Local\Temp\arduino\sketches\2DBEEB7973FB551154CF33477E834E57\core\ht32_fwlib.c.o
                0x00007cfc                USBD_EPTGetHalt
 .text.USBD_EPTSetHalt
                0x00007d20       0x1c C:\Users\howard\AppData\Local\Temp\arduino\sketches\2DBEEB7973FB551154CF33477E834E57\core\ht32_fwlib.c.o
                0x00007d20                USBD_EPTSetHalt
 .text.USBD_EPTClearHalt
                0x00007d3c       0x18 C:\Users\howard\AppData\Local\Temp\arduino\sketches\2DBEEB7973FB551154CF33477E834E57\core\ht32_fwlib.c.o
                0x00007d3c                USBD_EPTClearHalt
 .text.USBD_EPTClearDTG
                0x00007d54       0x18 C:\Users\howard\AppData\Local\Temp\arduino\sketches\2DBEEB7973FB551154CF33477E834E57\core\ht32_fwlib.c.o
                0x00007d54                USBD_EPTClearDTG
 .text.USBD_EPTGetBuffer0Addr
                0x00007d6c       0x1c C:\Users\howard\AppData\Local\Temp\arduino\sketches\2DBEEB7973FB551154CF33477E834E57\core\ht32_fwlib.c.o
                0x00007d6c                USBD_EPTGetBuffer0Addr
 .text.USBD_EPTGetBufferLen
                0x00007d88       0x14 C:\Users\howard\AppData\Local\Temp\arduino\sketches\2DBEEB7973FB551154CF33477E834E57\core\ht32_fwlib.c.o
                0x00007d88                USBD_EPTGetBufferLen
 .text.USBD_EPTGetBuffer1Addr
                0x00007d9c       0x24 C:\Users\howard\AppData\Local\Temp\arduino\sketches\2DBEEB7973FB551154CF33477E834E57\core\ht32_fwlib.c.o
                0x00007d9c                USBD_EPTGetBuffer1Addr
 .text.USBD_EPTGetTransferCount
                0x00007dc0       0x18 C:\Users\howard\AppData\Local\Temp\arduino\sketches\2DBEEB7973FB551154CF33477E834E57\core\ht32_fwlib.c.o
                0x00007dc0                USBD_EPTGetTransferCount
 .text.USBD_EPTWriteINData
                0x00007dd8       0x58 C:\Users\howard\AppData\Local\Temp\arduino\sketches\2DBEEB7973FB551154CF33477E834E57\core\ht32_fwlib.c.o
                0x00007dd8                USBD_EPTWriteINData
 .text._USBDCore_ControlIN
                0x00007e30       0x48 C:\Users\howard\AppData\Local\Temp\arduino\sketches\2DBEEB7973FB551154CF33477E834E57\core\ht32_fwlib.c.o
 .text.USBD_EPTReadMemory
                0x00007e78       0x44 C:\Users\howard\AppData\Local\Temp\arduino\sketches\2DBEEB7973FB551154CF33477E834E57\core\ht32_fwlib.c.o
                0x00007e78                USBD_EPTReadMemory
 .text.USBD_EPTReadOUTData
                0x00007ebc       0x28 C:\Users\howard\AppData\Local\Temp\arduino\sketches\2DBEEB7973FB551154CF33477E834E57\core\ht32_fwlib.c.o
                0x00007ebc                USBD_EPTReadOUTData
 .text.DAC_ModeConfig
                0x00007ee4        0x4 C:\Users\howard\AppData\Local\Temp\arduino\sketches\2DBEEB7973FB551154CF33477E834E57\core\ht32_fwlib.c.o
                0x00007ee4                DAC_ModeConfig
 .text.DAC_ReferenceConfig
                0x00007ee8       0x18 C:\Users\howard\AppData\Local\Temp\arduino\sketches\2DBEEB7973FB551154CF33477E834E57\core\ht32_fwlib.c.o
                0x00007ee8                DAC_ReferenceConfig
 .text.DAC_ResolutionConfig
                0x00007f00       0x12 C:\Users\howard\AppData\Local\Temp\arduino\sketches\2DBEEB7973FB551154CF33477E834E57\core\ht32_fwlib.c.o
                0x00007f00                DAC_ResolutionConfig
 .text.DAC_OutBufCmd
                0x00007f12       0x20 C:\Users\howard\AppData\Local\Temp\arduino\sketches\2DBEEB7973FB551154CF33477E834E57\core\ht32_fwlib.c.o
                0x00007f12                DAC_OutBufCmd
 .text.DAC_Cmd  0x00007f32       0x1c C:\Users\howard\AppData\Local\Temp\arduino\sketches\2DBEEB7973FB551154CF33477E834E57\core\ht32_fwlib.c.o
                0x00007f32                DAC_Cmd
 *fill*         0x00007f4e        0x2 
 .text.USBDCore_Init
                0x00007f50       0x1c C:\Users\howard\AppData\Local\Temp\arduino\sketches\2DBEEB7973FB551154CF33477E834E57\core\ht32_fwlib.c.o
                0x00007f50                USBDCore_Init
 .text.USBDCore_IRQHandler
                0x00007f6c      0x39c C:\Users\howard\AppData\Local\Temp\arduino\sketches\2DBEEB7973FB551154CF33477E834E57\core\ht32_fwlib.c.o
                0x00007f6c                USBDCore_IRQHandler
 .text.USBDCore_MainRoutine
                0x00008308       0x42 C:\Users\howard\AppData\Local\Temp\arduino\sketches\2DBEEB7973FB551154CF33477E834E57\core\ht32_fwlib.c.o
                0x00008308                USBDCore_MainRoutine
 *fill*         0x0000834a        0x2 
 .text.USBDCore_GetStatus
                0x0000834c       0x10 C:\Users\howard\AppData\Local\Temp\arduino\sketches\2DBEEB7973FB551154CF33477E834E57\core\ht32_fwlib.c.o
                0x0000834c                USBDCore_GetStatus
 .text.SystemInit
                0x0000835c      0x134 C:\Users\howard\AppData\Local\Temp\arduino\sketches\2DBEEB7973FB551154CF33477E834E57\core\system_ht32f5xxxx_03.c.o
                0x0000835c                SystemInit
 .text.initVariant
                0x00008490      0x1ac C:\Users\howard\AppData\Local\Temp\arduino\sketches\2DBEEB7973FB551154CF33477E834E57\core\variant.c.o
                0x00008490                initVariant
 .text.Callback_Exti_Attach
                0x0000863c       0xa4 C:\Users\howard\AppData\Local\Temp\arduino\cores\5eae09ef4b4da70ba1a09c8f6916274a\core.a(Exti_interrupts.c.o)
                0x0000863c                Callback_Exti_Attach
 .text.attachInterrupt
                0x000086e0       0x88 C:\Users\howard\AppData\Local\Temp\arduino\cores\5eae09ef4b4da70ba1a09c8f6916274a\core.a(Exti_interrupts.c.o)
                0x000086e0                attachInterrupt
 .text.EXTI_callback_dispatch
                0x00008768       0xa0 C:\Users\howard\AppData\Local\Temp\arduino\cores\5eae09ef4b4da70ba1a09c8f6916274a\core.a(Exti_interrupts.c.o)
                0x00008768                EXTI_callback_dispatch
 .text.EXTI0_1_IRQHandler
                0x00008808        0xc C:\Users\howard\AppData\Local\Temp\arduino\cores\5eae09ef4b4da70ba1a09c8f6916274a\core.a(Exti_interrupts.c.o)
                0x00008808                EXTI0_1_IRQHandler
 .text.EXTI2_3_IRQHandler
                0x00008814        0xc C:\Users\howard\AppData\Local\Temp\arduino\cores\5eae09ef4b4da70ba1a09c8f6916274a\core.a(Exti_interrupts.c.o)
                0x00008814                EXTI2_3_IRQHandler
 .text.EXTI4_15_IRQHandler
                0x00008820        0xc C:\Users\howard\AppData\Local\Temp\arduino\cores\5eae09ef4b4da70ba1a09c8f6916274a\core.a(Exti_interrupts.c.o)
                0x00008820                EXTI4_15_IRQHandler
 .text._Z3maplllll